[0.011s] Invoking command in '/home/q/mower_description_ws/build/mower_description': CMAKE_PREFIX_PATH=${CMAKE_PREFIX_PATH}:/opt/ros/humble /usr/bin/cmake /home/q/mower_description_ws/src/mower_description -DCMAKE_INSTALL_PREFIX=/home/q/mower_description_ws/install/mower_description
[0.125s] -- The C compiler identification is GNU 11.4.0
[0.242s] -- The CXX compiler identification is GNU 11.4.0
[0.251s] -- Detecting C compiler ABI info
[0.400s] -- Detecting C compiler ABI info - done
[0.417s] -- Check for working C compiler: /usr/bin/cc - skipped
[0.417s] -- Detecting C compile features
[0.418s] -- Detecting C compile features - done
[0.423s] -- Detecting CXX compiler ABI info
[0.561s] -- Detecting CXX compiler ABI info - done
[0.576s] -- Check for working CXX compiler: /usr/bin/c++ - skipped
[0.577s] -- Detecting CXX compile features
[0.578s] -- Detecting CXX compile features - done
[0.582s] -- Found ament_cmake: 1.3.14 (/opt/ros/humble/share/ament_cmake/cmake)
[0.768s] -- Found Python3: /usr/bin/python3 (found version "3.10.12") found components: Interpreter 
[0.867s] -- Found urdf: 2.6.1 (/opt/ros/humble/share/urdf/cmake)
[0.921s] -- Found xacro: 2.1.1 (/opt/ros/humble/share/xacro/cmake)
[0.923s] -- Found gazebo_ros: 3.9.0 (/opt/ros/humble/share/gazebo_ros/cmake)
[0.957s] -- Found rosidl_generator_c: 3.1.8 (/opt/ros/humble/share/rosidl_generator_c/cmake)
[0.961s] -- Found rosidl_adapter: 3.1.8 (/opt/ros/humble/share/rosidl_adapter/cmake)
[0.968s] -- Found rosidl_generator_cpp: 3.1.8 (/opt/ros/humble/share/rosidl_generator_cpp/cmake)
[0.979s] -- Using all available rosidl_typesupport_c: rosidl_typesupport_fastrtps_c;rosidl_typesupport_introspection_c
[0.992s] -- Using all available rosidl_typesupport_cpp: rosidl_typesupport_fastrtps_cpp;rosidl_typesupport_introspection_cpp
[1.037s] -- Found rmw_implementation_cmake: 6.1.2 (/opt/ros/humble/share/rmw_implementation_cmake/cmake)
[1.039s] -- Found rmw_fastrtps_cpp: 6.2.10 (/opt/ros/humble/share/rmw_fastrtps_cpp/cmake)
[1.071s] -- Found TinyXML2 via Config file: TinyXML2_DIR-NOTFOUND
[1.166s] -- Found OpenSSL: /usr/lib/x86_64-linux-gnu/libcrypto.so (found version "3.0.2")  
[1.172s] -- Found TinyXML2 via Config file: TinyXML2_DIR-NOTFOUND
[1.196s] -- Found FastRTPS: /opt/ros/humble/include  
[1.201s] -- Found TinyXML2 via Config file: TinyXML2_DIR-NOTFOUND
[1.218s] -- Found TinyXML2 via Config file: TinyXML2_DIR-NOTFOUND
[1.239s] -- Using RMW implementation 'rmw_fastrtps_cpp' as default
[1.247s] -- Looking for pthread.h
[1.378s] -- Looking for pthread.h - found
[1.378s] -- Performing Test CMAKE_HAVE_LIBC_PTHREAD
[1.548s] -- Performing Test CMAKE_HAVE_LIBC_PTHREAD - Success
[1.549s] -- Found Threads: TRUE  
[1.598s] -- Found PkgConfig: /usr/bin/pkg-config (found version "0.29.2") 
[1.600s] -- Checking for module 'bullet>=2.82'
[1.617s] --   Found bullet, version 3.05
[1.804s] -- Found fcl: /usr/include (found suitable version "0.7.0", minimum required is "0.5.0") 
[1.899s] -- Found assimp: /usr/include (found version "5.2.0") 
[1.919s] -- Found DART: /usr/include (Required is at least version "6.6") found components: dart 
[1.951s] -- Found Boost: /usr/lib/x86_64-linux-gnu/cmake/Boost-1.74.0/BoostConfig.cmake (found suitable version "1.74.0", minimum required is "1.40.0") found components: thread system filesystem program_options regex iostreams date_time 
[1.963s] -- Found Protobuf: /usr/lib/x86_64-linux-gnu/libprotobuf.so (found version "3.12.4") 
[1.967s] -- Looking for ignition-math6 -- found version 6.15.1
[1.973s] -- Searching for dependencies of ignition-math6
[1.974s] -- Looking for OGRE...
[1.974s] -- OGRE_PREFIX_WATCH changed.
[1.980s] -- Checking for module 'OGRE'
[2.000s] --   Found OGRE, version 1.9.0
[2.062s] -- Found Ogre Ghadamon (1.9.0)
[2.071s] -- Found OGRE: optimized;/usr/lib/x86_64-linux-gnu/libOgreMain.so;debug;/usr/lib/x86_64-linux-gnu/libOgreMain.so
[2.082s] -- Looking for OGRE_Paging...
[2.085s] -- Found OGRE_Paging: optimized;/usr/lib/x86_64-linux-gnu/libOgrePaging.so;debug;/usr/lib/x86_64-linux-gnu/libOgrePaging.so
[2.085s] -- Looking for OGRE_Terrain...
[2.089s] -- Found OGRE_Terrain: optimized;/usr/lib/x86_64-linux-gnu/libOgreTerrain.so;debug;/usr/lib/x86_64-linux-gnu/libOgreTerrain.so
[2.089s] -- Looking for OGRE_Property...
[2.092s] -- Found OGRE_Property: optimized;/usr/lib/x86_64-linux-gnu/libOgreProperty.so;debug;/usr/lib/x86_64-linux-gnu/libOgreProperty.so
[2.092s] -- Looking for OGRE_RTShaderSystem...
[2.095s] -- Found OGRE_RTShaderSystem: optimized;/usr/lib/x86_64-linux-gnu/libOgreRTShaderSystem.so;debug;/usr/lib/x86_64-linux-gnu/libOgreRTShaderSystem.so
[2.095s] -- Looking for OGRE_Volume...
[2.099s] -- Found OGRE_Volume: optimized;/usr/lib/x86_64-linux-gnu/libOgreVolume.so;debug;/usr/lib/x86_64-linux-gnu/libOgreVolume.so
[2.099s] -- Looking for OGRE_Overlay...
[2.102s] -- Found OGRE_Overlay: optimized;/usr/lib/x86_64-linux-gnu/libOgreOverlay.so;debug;/usr/lib/x86_64-linux-gnu/libOgreOverlay.so
[2.172s] -- Looking for ignition-math6 -- found version 6.15.1
[2.174s] -- Looking for ignition-transport8 -- found version 8.2.1
[2.175s] -- Searching for dependencies of ignition-transport8
[2.190s] -- Found Protobuf: /usr/lib/x86_64-linux-gnu/libprotobuf.so (found suitable version "3.12.4", minimum required is "3") 
[2.198s] -- Config-file not installed for ZeroMQ -- checking for pkg-config
[2.204s] -- Checking for module 'libzmq >= 4'
[2.218s] --   Found libzmq , version 4.3.4
[2.278s] -- Found ZeroMQ: TRUE (Required is at least version "4") 
[2.287s] -- Checking for module 'uuid'
[2.305s] --   Found uuid, version 2.37.2
[2.340s] -- Found UUID: TRUE  
[2.342s] -- Looking for ignition-msgs5 -- found version 5.8.1
[2.343s] -- Searching for dependencies of ignition-msgs5
[2.359s] -- Looking for ignition-math6 -- found version 6.15.1
[2.364s] -- Checking for module 'tinyxml2'
[2.385s] --   Found tinyxml2, version 9.0.0
[2.448s] -- Looking for ignition-msgs5 -- found version 5.8.1
[2.451s] -- Looking for ignition-common3 -- found version 3.14.0
[2.452s] -- Searching for dependencies of ignition-common3
[2.453s] -- Looking for dlfcn.h - found
[2.454s] -- Looking for libdl - found
[2.456s] -- Found DL: TRUE  
[2.474s] -- Found tinyobjloader: /usr/lib/x86_64-linux-gnu/cmake/tinyobjloader/tinyobjloader-config.cmake (found version "2.0.0") 
[2.475s] -- Searching for <ignition-common3> component [graphics]
[2.478s] -- Looking for ignition-common3-graphics -- found version 3.14.0
[2.479s] -- Searching for dependencies of ignition-common3-graphics
[2.480s] -- Looking for ignition-math6 -- found version 6.15.1
[2.484s] -- Looking for ignition-fuel_tools4 -- found version 4.4.0
[2.485s] -- Searching for dependencies of ignition-fuel_tools4
[2.590s] -- Found CURL: /usr/lib/x86_64-linux-gnu/libcurl.so (found version "7.81.0")  
[2.604s] -- Checking for module 'jsoncpp'
[2.632s] --   Found jsoncpp, version 1.9.5
[2.694s] -- Found JSONCPP: TRUE  
[2.703s] -- Checking for module 'libzip'
[2.728s] --   Found libzip, version 1.7.3
[2.778s] -- Found ZIP: TRUE  
[2.779s] -- Looking for ignition-common3 -- found version 3.14.0
[2.780s] -- Looking for ignition-math6 -- found version 6.15.1
[2.780s] -- Looking for ignition-msgs5 -- found version 5.8.1
[2.786s] -- Gazebo version: 11.10
[2.786s] -- Checking for module 'tbb'
[2.811s] --   Found tbb, version 2021.5.0
[2.868s] -- Found rosidl_default_generators: 1.2.1 (/opt/ros/humble/share/rosidl_default_generators/cmake)
[3.189s] -- Found ament_cmake_ros: 0.10.0 (/opt/ros/humble/share/ament_cmake_ros/cmake)
[3.812s] -- Using all available rosidl_typesupport_c: rosidl_typesupport_fastrtps_c;rosidl_typesupport_introspection_c
[4.043s] -- Using all available rosidl_typesupport_cpp: rosidl_typesupport_fastrtps_cpp;rosidl_typesupport_introspection_cpp
[4.074s] -- Found PythonInterp: /usr/bin/python3 (found suitable version "3.10.12", minimum required is "3.6") 
[4.076s] -- Found python_cmake_module: 0.10.0 (/opt/ros/humble/share/python_cmake_module/cmake)
[4.103s] -- Found PythonLibs: /usr/lib/x86_64-linux-gnu/libpython3.10.so (found suitable version "3.10.12", minimum required is "3.5") 
[4.103s] -- Using PYTHON_EXECUTABLE: /usr/bin/python3
[4.103s] -- Using PYTHON_INCLUDE_DIRS: /usr/include/python3.10
[4.103s] -- Using PYTHON_LIBRARIES: /usr/lib/x86_64-linux-gnu/libpython3.10.so
[4.132s] -- Found PythonExtra: .so  
[4.332s] -- Found ament_lint_auto: 0.12.15 (/opt/ros/humble/share/ament_lint_auto/cmake)
[4.358s] -- Added test 'flake8' to check Python code syntax and style conventions
[4.358s] -- Added test 'lint_cmake' to check CMake code style
[4.358s] -- Added test 'pep257' to check Python code against some of the docstring style conventions in PEP 257
[4.360s] -- Added test 'xmllint' to check XML markup files
[4.366s] -- Configuring done
[4.397s] -- Generating done
[4.418s] -- Build files have been written to: /home/q/mower_description_ws/build/mower_description
[4.429s] Invoked command in '/home/q/mower_description_ws/build/mower_description' returned '0': CMAKE_PREFIX_PATH=${CMAKE_PREFIX_PATH}:/opt/ros/humble /usr/bin/cmake /home/q/mower_description_ws/src/mower_description -DCMAKE_INSTALL_PREFIX=/home/q/mower_description_ws/install/mower_description
[4.431s] Invoking command in '/home/q/mower_description_ws/build/mower_description': CMAKE_PREFIX_PATH=${CMAKE_PREFIX_PATH}:/opt/ros/humble /usr/bin/cmake --build /home/q/mower_description_ws/build/mower_description -- -j24 -l24
[4.485s] [  3%] [34m[1mGenerating C code for ROS interfaces[0m
[4.502s] [  6%] [34m[1mGenerating Rust code for ROS interfaces[0m
[4.504s] [  9%] [34m[1mGenerating C++ code for ROS interfaces[0m
[4.516s] [  9%] Built target ament_cmake_python_copy_mower_description
[4.697s] [  9%] Built target mower_description__rs
[4.714s] [  9%] Built target mower_description__cpp
[4.714s] [ 12%] [32mBuilding C object CMakeFiles/mower_description__rosidl_generator_c.dir/rosidl_generator_c/mower_description/srv/detail/cutting_motor_control__functions.c.o[0m
[4.725s] [ 18%] [34m[1mGenerating C++ type support dispatch for ROS interfaces[0m
[4.725s] [ 18%] [34m[1mGenerating C++ introspection for ROS interfaces[0m
[4.726s] [ 21%] [34m[1mGenerating C++ type support for eProsima Fast-RTPS[0m
[4.742s] running egg_info
[4.743s] creating mower_description.egg-info
[4.743s] writing mower_description.egg-info/PKG-INFO
[4.743s] writing dependency_links to mower_description.egg-info/dependency_links.txt
[4.743s] writing top-level names to mower_description.egg-info/top_level.txt
[4.743s] writing manifest file 'mower_description.egg-info/SOURCES.txt'
[4.745s] reading manifest file 'mower_description.egg-info/SOURCES.txt'
[4.745s] writing manifest file 'mower_description.egg-info/SOURCES.txt'
[4.767s] [ 21%] Built target ament_cmake_python_build_mower_description_egg
[4.816s] [ 25%] [32m[1mLinking C shared library libmower_description__rosidl_generator_c.so[0m
[4.855s] [ 25%] Built target mower_description__rosidl_generator_c
[4.866s] [ 28%] [34m[1mGenerating C introspection for ROS interfaces[0m
[4.866s] [ 31%] [34m[1mGenerating C type support dispatch for ROS interfaces[0m
[4.868s] [ 34%] [34m[1mGenerating C type support for eProsima Fast-RTPS[0m
[4.913s] [ 37%] [32mBuilding CXX object CMakeFiles/mower_description__rosidl_typesupport_cpp.dir/rosidl_typesupport_cpp/mower_description/srv/cutting_motor_control__type_support.cpp.o[0m
[4.922s] [ 40%] [32mBuilding CXX object CMakeFiles/mower_description__rosidl_typesupport_introspection_cpp.dir/rosidl_typesupport_introspection_cpp/mower_description/srv/detail/cutting_motor_control__type_support.cpp.o[0m
[4.930s] [ 43%] [32mBuilding CXX object CMakeFiles/mower_description__rosidl_typesupport_fastrtps_cpp.dir/rosidl_typesupport_fastrtps_cpp/mower_description/srv/detail/dds_fastrtps/cutting_motor_control__type_support.cpp.o[0m
[5.049s] [ 46%] [32mBuilding CXX object CMakeFiles/mower_description__rosidl_typesupport_c.dir/rosidl_typesupport_c/mower_description/srv/cutting_motor_control__type_support.cpp.o[0m
[5.074s] [ 50%] [32mBuilding CXX object CMakeFiles/mower_description__rosidl_typesupport_fastrtps_c.dir/rosidl_typesupport_fastrtps_c/mower_description/srv/detail/cutting_motor_control__type_support_c.cpp.o[0m
[5.075s] [ 53%] [32mBuilding C object CMakeFiles/mower_description__rosidl_typesupport_introspection_c.dir/rosidl_typesupport_introspection_c/mower_description/srv/detail/cutting_motor_control__type_support.c.o[0m
[5.161s] [ 56%] [32m[1mLinking C shared library libmower_description__rosidl_typesupport_introspection_c.so[0m
[5.188s] [ 59%] [32m[1mLinking CXX shared library libmower_description__rosidl_typesupport_cpp.so[0m
[5.189s] [ 62%] [32m[1mLinking CXX shared library libmower_description__rosidl_typesupport_c.so[0m
[5.199s] [ 62%] Built target mower_description__rosidl_typesupport_introspection_c
[5.231s] [ 62%] Built target mower_description__rosidl_typesupport_cpp
[5.233s] [ 62%] Built target mower_description__rosidl_typesupport_c
[5.262s] [ 65%] [32m[1mLinking CXX shared library libmower_description__rosidl_typesupport_introspection_cpp.so[0m
[5.280s] [ 68%] [32m[1mLinking CXX shared library libmower_description__rosidl_typesupport_fastrtps_cpp.so[0m
[5.317s] [ 68%] Built target mower_description__rosidl_typesupport_introspection_cpp
[5.340s] [ 68%] Built target mower_description__rosidl_typesupport_fastrtps_cpp
[5.406s] [ 71%] [32m[1mLinking CXX shared library libmower_description__rosidl_typesupport_fastrtps_c.so[0m
[5.483s] [ 71%] Built target mower_description__rosidl_typesupport_fastrtps_c
[5.518s] [ 71%] Built target mower_description
[5.559s] [ 75%] [34m[1mGenerating Python code for ROS interfaces[0m
[5.854s] [ 75%] Built target mower_description__py
[5.882s] [ 78%] [32mBuilding C object CMakeFiles/mower_description__rosidl_generator_py.dir/rosidl_generator_py/mower_description/srv/_cutting_motor_control_s.c.o[0m
[6.033s] [ 81%] [32m[1mLinking C shared library rosidl_generator_py/mower_description/libmower_description__rosidl_generator_py.so[0m
[6.100s] [ 81%] Built target mower_description__rosidl_generator_py
[6.129s] [ 84%] [32mBuilding C object CMakeFiles/mower_description__rosidl_typesupport_fastrtps_c__pyext.dir/rosidl_generator_py/mower_description/_mower_description_s.ep.rosidl_typesupport_fastrtps_c.c.o[0m
[6.130s] [ 90%] [32mBuilding C object CMakeFiles/mower_description__rosidl_typesupport_introspection_c__pyext.dir/rosidl_generator_py/mower_description/_mower_description_s.ep.rosidl_typesupport_introspection_c.c.o[0m
[6.130s] [ 90%] [32mBuilding C object CMakeFiles/mower_description__rosidl_typesupport_c__pyext.dir/rosidl_generator_py/mower_description/_mower_description_s.ep.rosidl_typesupport_c.c.o[0m
[6.315s] [ 93%] [32m[1mLinking C shared library rosidl_generator_py/mower_description/mower_description_s__rosidl_typesupport_c.cpython-310-x86_64-linux-gnu.so[0m
[6.315s] [ 96%] [32m[1mLinking C shared library rosidl_generator_py/mower_description/mower_description_s__rosidl_typesupport_introspection_c.cpython-310-x86_64-linux-gnu.so[0m
[6.317s] [100%] [32m[1mLinking C shared library rosidl_generator_py/mower_description/mower_description_s__rosidl_typesupport_fastrtps_c.cpython-310-x86_64-linux-gnu.so[0m
[6.353s] [100%] Built target mower_description__rosidl_typesupport_introspection_c__pyext
[6.353s] [100%] Built target mower_description__rosidl_typesupport_c__pyext
[6.361s] [100%] Built target mower_description__rosidl_typesupport_fastrtps_c__pyext
[6.373s] Invoked command in '/home/q/mower_description_ws/build/mower_description' returned '0': CMAKE_PREFIX_PATH=${CMAKE_PREFIX_PATH}:/opt/ros/humble /usr/bin/cmake --build /home/q/mower_description_ws/build/mower_description -- -j24 -l24
[6.388s] Invoking command in '/home/q/mower_description_ws/build/mower_description': CMAKE_PREFIX_PATH=${CMAKE_PREFIX_PATH}:/opt/ros/humble /usr/bin/cmake --install /home/q/mower_description_ws/build/mower_description
[6.403s] -- Install configuration: ""
[6.403s] -- Installing: /home/q/mower_description_ws/install/mower_description/share/ament_index/resource_index/rosidl_interfaces/mower_description
[6.403s] -- Installing: /home/q/mower_description_ws/install/mower_description/include/mower_description/mower_description
[6.404s] -- Installing: /home/q/mower_description_ws/install/mower_description/include/mower_description/mower_description/msg
[6.404s] -- Installing: /home/q/mower_description_ws/install/mower_description/include/mower_description/mower_description/msg/rosidl_generator_c__visibility_control.h
[6.404s] -- Installing: /home/q/mower_description_ws/install/mower_description/include/mower_description/mower_description/srv
[6.404s] -- Installing: /home/q/mower_description_ws/install/mower_description/include/mower_description/mower_description/srv/cutting_motor_control.h
[6.404s] -- Installing: /home/q/mower_description_ws/install/mower_description/include/mower_description/mower_description/srv/detail
[6.404s] -- Installing: /home/q/mower_description_ws/install/mower_description/include/mower_description/mower_description/srv/detail/cutting_motor_control__functions.c
[6.405s] -- Installing: /home/q/mower_description_ws/install/mower_description/include/mower_description/mower_description/srv/detail/cutting_motor_control__struct.h
[6.405s] -- Installing: /home/q/mower_description_ws/install/mower_description/include/mower_description/mower_description/srv/detail/cutting_motor_control__type_support.h
[6.406s] -- Installing: /home/q/mower_description_ws/install/mower_description/include/mower_description/mower_description/srv/detail/cutting_motor_control__functions.h
[6.406s] -- Installing: /home/q/mower_description_ws/install/mower_description/share/mower_description/environment/library_path.sh
[6.406s] -- Installing: /home/q/mower_description_ws/install/mower_description/share/mower_description/environment/library_path.dsv
[6.407s] -- Installing: /home/q/mower_description_ws/install/mower_description/lib/libmower_description__rosidl_generator_c.so
[6.409s] -- Set runtime path of "/home/q/mower_description_ws/install/mower_description/lib/libmower_description__rosidl_generator_c.so" to ""
[6.409s] -- Up-to-date: /home/q/mower_description_ws/install/mower_description/include/mower_description/mower_description
[6.409s] -- Up-to-date: /home/q/mower_description_ws/install/mower_description/include/mower_description/mower_description/msg
[6.409s] -- Installing: /home/q/mower_description_ws/install/mower_description/include/mower_description/mower_description/msg/rosidl_typesupport_fastrtps_c__visibility_control.h
[6.409s] -- Up-to-date: /home/q/mower_description_ws/install/mower_description/include/mower_description/mower_description/srv
[6.410s] -- Up-to-date: /home/q/mower_description_ws/install/mower_description/include/mower_description/mower_description/srv/detail
[6.410s] -- Installing: /home/q/mower_description_ws/install/mower_description/include/mower_description/mower_description/srv/detail/cutting_motor_control__rosidl_typesupport_fastrtps_c.h
[6.410s] -- Installing: /home/q/mower_description_ws/install/mower_description/lib/libmower_description__rosidl_typesupport_fastrtps_c.so
[6.412s] -- Set runtime path of "/home/q/mower_description_ws/install/mower_description/lib/libmower_description__rosidl_typesupport_fastrtps_c.so" to ""
[6.412s] -- Up-to-date: /home/q/mower_description_ws/install/mower_description/include/mower_description/mower_description
[6.412s] -- Up-to-date: /home/q/mower_description_ws/install/mower_description/include/mower_description/mower_description/msg
[6.412s] -- Installing: /home/q/mower_description_ws/install/mower_description/include/mower_description/mower_description/msg/rosidl_generator_cpp__visibility_control.hpp
[6.413s] -- Up-to-date: /home/q/mower_description_ws/install/mower_description/include/mower_description/mower_description/srv
[6.413s] -- Up-to-date: /home/q/mower_description_ws/install/mower_description/include/mower_description/mower_description/srv/detail
[6.413s] -- Installing: /home/q/mower_description_ws/install/mower_description/include/mower_description/mower_description/srv/detail/cutting_motor_control__struct.hpp
[6.413s] -- Installing: /home/q/mower_description_ws/install/mower_description/include/mower_description/mower_description/srv/detail/cutting_motor_control__builder.hpp
[6.414s] -- Installing: /home/q/mower_description_ws/install/mower_description/include/mower_description/mower_description/srv/detail/cutting_motor_control__traits.hpp
[6.414s] -- Installing: /home/q/mower_description_ws/install/mower_description/include/mower_description/mower_description/srv/detail/cutting_motor_control__type_support.hpp
[6.414s] -- Installing: /home/q/mower_description_ws/install/mower_description/include/mower_description/mower_description/srv/cutting_motor_control.hpp
[6.415s] -- Up-to-date: /home/q/mower_description_ws/install/mower_description/include/mower_description/mower_description
[6.415s] -- Up-to-date: /home/q/mower_description_ws/install/mower_description/include/mower_description/mower_description/msg
[6.415s] -- Installing: /home/q/mower_description_ws/install/mower_description/include/mower_description/mower_description/msg/rosidl_typesupport_fastrtps_cpp__visibility_control.h
[6.416s] -- Up-to-date: /home/q/mower_description_ws/install/mower_description/include/mower_description/mower_description/srv
[6.416s] -- Up-to-date: /home/q/mower_description_ws/install/mower_description/include/mower_description/mower_description/srv/detail
[6.416s] -- Installing: /home/q/mower_description_ws/install/mower_description/include/mower_description/mower_description/srv/detail/dds_fastrtps
[6.416s] -- Installing: /home/q/mower_description_ws/install/mower_description/include/mower_description/mower_description/srv/detail/cutting_motor_control__rosidl_typesupport_fastrtps_cpp.hpp
[6.416s] -- Installing: /home/q/mower_description_ws/install/mower_description/lib/libmower_description__rosidl_typesupport_fastrtps_cpp.so
[6.418s] -- Set runtime path of "/home/q/mower_description_ws/install/mower_description/lib/libmower_description__rosidl_typesupport_fastrtps_cpp.so" to ""
[6.419s] -- Up-to-date: /home/q/mower_description_ws/install/mower_description/include/mower_description/mower_description
[6.419s] -- Up-to-date: /home/q/mower_description_ws/install/mower_description/include/mower_description/mower_description/msg
[6.419s] -- Installing: /home/q/mower_description_ws/install/mower_description/include/mower_description/mower_description/msg/rosidl_typesupport_introspection_c__visibility_control.h
[6.419s] -- Up-to-date: /home/q/mower_description_ws/install/mower_description/include/mower_description/mower_description/srv
[6.419s] -- Up-to-date: /home/q/mower_description_ws/install/mower_description/include/mower_description/mower_description/srv/detail
[6.419s] -- Installing: /home/q/mower_description_ws/install/mower_description/include/mower_description/mower_description/srv/detail/cutting_motor_control__type_support.c
[6.419s] -- Installing: /home/q/mower_description_ws/install/mower_description/include/mower_description/mower_description/srv/detail/cutting_motor_control__rosidl_typesupport_introspection_c.h
[6.420s] -- Installing: /home/q/mower_description_ws/install/mower_description/lib/libmower_description__rosidl_typesupport_introspection_c.so
[6.421s] -- Set runtime path of "/home/q/mower_description_ws/install/mower_description/lib/libmower_description__rosidl_typesupport_introspection_c.so" to ""
[6.421s] -- Installing: /home/q/mower_description_ws/install/mower_description/lib/libmower_description__rosidl_typesupport_c.so
[6.423s] -- Set runtime path of "/home/q/mower_description_ws/install/mower_description/lib/libmower_description__rosidl_typesupport_c.so" to ""
[6.423s] -- Up-to-date: /home/q/mower_description_ws/install/mower_description/include/mower_description/mower_description
[6.423s] -- Up-to-date: /home/q/mower_description_ws/install/mower_description/include/mower_description/mower_description/srv
[6.424s] -- Up-to-date: /home/q/mower_description_ws/install/mower_description/include/mower_description/mower_description/srv/detail
[6.424s] -- Installing: /home/q/mower_description_ws/install/mower_description/include/mower_description/mower_description/srv/detail/cutting_motor_control__type_support.cpp
[6.424s] -- Installing: /home/q/mower_description_ws/install/mower_description/include/mower_description/mower_description/srv/detail/cutting_motor_control__rosidl_typesupport_introspection_cpp.hpp
[6.425s] -- Installing: /home/q/mower_description_ws/install/mower_description/lib/libmower_description__rosidl_typesupport_introspection_cpp.so
[6.426s] -- Set runtime path of "/home/q/mower_description_ws/install/mower_description/lib/libmower_description__rosidl_typesupport_introspection_cpp.so" to ""
[6.427s] -- Installing: /home/q/mower_description_ws/install/mower_description/lib/libmower_description__rosidl_typesupport_cpp.so
[6.428s] -- Set runtime path of "/home/q/mower_description_ws/install/mower_description/lib/libmower_description__rosidl_typesupport_cpp.so" to ""
[6.429s] -- Installing: /home/q/mower_description_ws/install/mower_description/share/mower_description/environment/pythonpath.sh
[6.429s] -- Installing: /home/q/mower_description_ws/install/mower_description/share/mower_description/environment/pythonpath.dsv
[6.429s] -- Installing: /home/q/mower_description_ws/install/mower_description/local/lib/python3.10/dist-packages/mower_description-0.0.0-py3.10.egg-info
[6.429s] -- Installing: /home/q/mower_description_ws/install/mower_description/local/lib/python3.10/dist-packages/mower_description-0.0.0-py3.10.egg-info/dependency_links.txt
[6.430s] -- Installing: /home/q/mower_description_ws/install/mower_description/local/lib/python3.10/dist-packages/mower_description-0.0.0-py3.10.egg-info/SOURCES.txt
[6.431s] -- Installing: /home/q/mower_description_ws/install/mower_description/local/lib/python3.10/dist-packages/mower_description-0.0.0-py3.10.egg-info/top_level.txt
[6.431s] -- Installing: /home/q/mower_description_ws/install/mower_description/local/lib/python3.10/dist-packages/mower_description-0.0.0-py3.10.egg-info/PKG-INFO
[6.432s] -- Installing: /home/q/mower_description_ws/install/mower_description/local/lib/python3.10/dist-packages/mower_description
[6.432s] -- Installing: /home/q/mower_description_ws/install/mower_description/local/lib/python3.10/dist-packages/mower_description/libmower_description__rosidl_generator_py.so
[6.432s] -- Installing: /home/q/mower_description_ws/install/mower_description/local/lib/python3.10/dist-packages/mower_description/mower_description_s__rosidl_typesupport_c.cpython-310-x86_64-linux-gnu.so
[6.433s] -- Installing: /home/q/mower_description_ws/install/mower_description/local/lib/python3.10/dist-packages/mower_description/mower_description_s__rosidl_typesupport_fastrtps_c.cpython-310-x86_64-linux-gnu.so
[6.434s] -- Installing: /home/q/mower_description_ws/install/mower_description/local/lib/python3.10/dist-packages/mower_description/__init__.py
[6.434s] -- Installing: /home/q/mower_description_ws/install/mower_description/local/lib/python3.10/dist-packages/mower_description/mower_description_s__rosidl_typesupport_introspection_c.cpython-310-x86_64-linux-gnu.so
[6.435s] -- Installing: /home/q/mower_description_ws/install/mower_description/local/lib/python3.10/dist-packages/mower_description/_mower_description_s.ep.rosidl_typesupport_fastrtps_c.c
[6.435s] -- Installing: /home/q/mower_description_ws/install/mower_description/local/lib/python3.10/dist-packages/mower_description/_mower_description_s.ep.rosidl_typesupport_introspection_c.c
[6.435s] -- Installing: /home/q/mower_description_ws/install/mower_description/local/lib/python3.10/dist-packages/mower_description/srv
[6.436s] -- Installing: /home/q/mower_description_ws/install/mower_description/local/lib/python3.10/dist-packages/mower_description/srv/_cutting_motor_control_s.c
[6.436s] -- Installing: /home/q/mower_description_ws/install/mower_description/local/lib/python3.10/dist-packages/mower_description/srv/__init__.py
[6.436s] -- Installing: /home/q/mower_description_ws/install/mower_description/local/lib/python3.10/dist-packages/mower_description/srv/_cutting_motor_control.py
[6.437s] -- Installing: /home/q/mower_description_ws/install/mower_description/local/lib/python3.10/dist-packages/mower_description/_mower_description_s.ep.rosidl_typesupport_c.c
[6.473s] Listing '/home/q/mower_description_ws/install/mower_description/local/lib/python3.10/dist-packages/mower_description'...
[6.473s] Compiling '/home/q/mower_description_ws/install/mower_description/local/lib/python3.10/dist-packages/mower_description/__init__.py'...
[6.473s] Listing '/home/q/mower_description_ws/install/mower_description/local/lib/python3.10/dist-packages/mower_description/srv'...
[6.473s] Compiling '/home/q/mower_description_ws/install/mower_description/local/lib/python3.10/dist-packages/mower_description/srv/__init__.py'...
[6.473s] Compiling '/home/q/mower_description_ws/install/mower_description/local/lib/python3.10/dist-packages/mower_description/srv/_cutting_motor_control.py'...
[6.476s] -- Installing: /home/q/mower_description_ws/install/mower_description/local/lib/python3.10/dist-packages/mower_description/mower_description_s__rosidl_typesupport_fastrtps_c.cpython-310-x86_64-linux-gnu.so
[6.477s] -- Set runtime path of "/home/q/mower_description_ws/install/mower_description/local/lib/python3.10/dist-packages/mower_description/mower_description_s__rosidl_typesupport_fastrtps_c.cpython-310-x86_64-linux-gnu.so" to ""
[6.477s] -- Installing: /home/q/mower_description_ws/install/mower_description/local/lib/python3.10/dist-packages/mower_description/mower_description_s__rosidl_typesupport_introspection_c.cpython-310-x86_64-linux-gnu.so
[6.478s] -- Set runtime path of "/home/q/mower_description_ws/install/mower_description/local/lib/python3.10/dist-packages/mower_description/mower_description_s__rosidl_typesupport_introspection_c.cpython-310-x86_64-linux-gnu.so" to ""
[6.478s] -- Installing: /home/q/mower_description_ws/install/mower_description/local/lib/python3.10/dist-packages/mower_description/mower_description_s__rosidl_typesupport_c.cpython-310-x86_64-linux-gnu.so
[6.479s] -- Set runtime path of "/home/q/mower_description_ws/install/mower_description/local/lib/python3.10/dist-packages/mower_description/mower_description_s__rosidl_typesupport_c.cpython-310-x86_64-linux-gnu.so" to ""
[6.479s] -- Installing: /home/q/mower_description_ws/install/mower_description/lib/libmower_description__rosidl_generator_py.so
[6.480s] -- Set runtime path of "/home/q/mower_description_ws/install/mower_description/lib/libmower_description__rosidl_generator_py.so" to ""
[6.480s] -- Installing: /home/q/mower_description_ws/install/mower_description/share/ament_index/resource_index/rust_packages/mower_description
[6.481s] -- Installing: /home/q/mower_description_ws/install/mower_description/share/mower_description/rust
[6.481s] -- Installing: /home/q/mower_description_ws/install/mower_description/share/mower_description/rust/Cargo.toml
[6.481s] -- Installing: /home/q/mower_description_ws/install/mower_description/share/mower_description/rust/src
[6.481s] -- Installing: /home/q/mower_description_ws/install/mower_description/share/mower_description/rust/src/srv.rs
[6.481s] -- Installing: /home/q/mower_description_ws/install/mower_description/share/mower_description/rust/src/lib.rs
[6.481s] -- Installing: /home/q/mower_description_ws/install/mower_description/share/mower_description/rust/src/srv
[6.481s] -- Installing: /home/q/mower_description_ws/install/mower_description/share/mower_description/rust/src/srv/rmw.rs
[6.482s] -- Installing: /home/q/mower_description_ws/install/mower_description/share/mower_description/rust/build.rs
[6.482s] -- Installing: /home/q/mower_description_ws/install/mower_description/share/mower_description/srv/CuttingMotorControl.idl
[6.482s] -- Installing: /home/q/mower_description_ws/install/mower_description/share/mower_description/srv/CuttingMotorControl.srv
[6.482s] -- Installing: /home/q/mower_description_ws/install/mower_description/share/mower_description/srv/CuttingMotorControl_Request.msg
[6.483s] -- Installing: /home/q/mower_description_ws/install/mower_description/share/mower_description/srv/CuttingMotorControl_Response.msg
[6.483s] -- Installing: /home/q/mower_description_ws/install/mower_description/lib/mower_description/cutting_motor_controller.py
[6.483s] -- Installing: /home/q/mower_description_ws/install/mower_description/lib/mower_description/indicator_light_controller.py
[6.483s] -- Installing: /home/q/mower_description_ws/install/mower_description/share/mower_description/launch
[6.483s] -- Installing: /home/q/mower_description_ws/install/mower_description/share/mower_description/launch/mower_gazebo.launch.py
[6.484s] -- Installing: /home/q/mower_description_ws/install/mower_description/share/mower_description/launch/__pycache__
[6.484s] -- Installing: /home/q/mower_description_ws/install/mower_description/share/mower_description/launch/__pycache__/mower_gazebo.launch.cpython-310.pyc
[6.484s] -- Installing: /home/q/mower_description_ws/install/mower_description/share/mower_description/urdf
[6.484s] -- Installing: /home/q/mower_description_ws/install/mower_description/share/mower_description/urdf/mower.urdf
[6.484s] -- Installing: /home/q/mower_description_ws/install/mower_description/share/mower_description/worlds
[6.484s] -- Installing: /home/q/mower_description_ws/install/mower_description/share/mower_description/worlds/room_world.world
[6.484s] -- Installing: /home/q/mower_description_ws/install/mower_description/share/mower_description/worlds/room_world_open.world
[6.485s] -- Installing: /home/q/mower_description_ws/install/mower_description/share/mower_description/worlds/mower_world.world
[6.485s] -- Installing: /home/q/mower_description_ws/install/mower_description/share/mower_description/config
[6.485s] -- Installing: /home/q/mower_description_ws/install/mower_description/share/mower_description/config/rviz
[6.485s] -- Installing: /home/q/mower_description_ws/install/mower_description/share/mower_description/config/rviz/mower_gazebo.rviz
[6.485s] -- Installing: /home/q/mower_description_ws/install/mower_description/share/ament_index/resource_index/package_run_dependencies/mower_description
[6.486s] -- Installing: /home/q/mower_description_ws/install/mower_description/share/ament_index/resource_index/parent_prefix_path/mower_description
[6.486s] -- Installing: /home/q/mower_description_ws/install/mower_description/share/mower_description/environment/ament_prefix_path.sh
[6.486s] -- Installing: /home/q/mower_description_ws/install/mower_description/share/mower_description/environment/ament_prefix_path.dsv
[6.486s] -- Installing: /home/q/mower_description_ws/install/mower_description/share/mower_description/environment/path.sh
[6.486s] -- Installing: /home/q/mower_description_ws/install/mower_description/share/mower_description/environment/path.dsv
[6.487s] -- Installing: /home/q/mower_description_ws/install/mower_description/share/mower_description/local_setup.bash
[6.487s] -- Installing: /home/q/mower_description_ws/install/mower_description/share/mower_description/local_setup.sh
[6.487s] -- Installing: /home/q/mower_description_ws/install/mower_description/share/mower_description/local_setup.zsh
[6.487s] -- Installing: /home/q/mower_description_ws/install/mower_description/share/mower_description/local_setup.dsv
[6.488s] -- Installing: /home/q/mower_description_ws/install/mower_description/share/mower_description/package.dsv
[6.488s] -- Installing: /home/q/mower_description_ws/install/mower_description/share/ament_index/resource_index/packages/mower_description
[6.488s] -- Installing: /home/q/mower_description_ws/install/mower_description/share/mower_description/cmake/export_mower_description__rosidl_generator_cExport.cmake
[6.488s] -- Installing: /home/q/mower_description_ws/install/mower_description/share/mower_description/cmake/export_mower_description__rosidl_generator_cExport-noconfig.cmake
[6.489s] -- Installing: /home/q/mower_description_ws/install/mower_description/share/mower_description/cmake/export_mower_description__rosidl_typesupport_fastrtps_cExport.cmake
[6.489s] -- Installing: /home/q/mower_description_ws/install/mower_description/share/mower_description/cmake/export_mower_description__rosidl_typesupport_fastrtps_cExport-noconfig.cmake
[6.489s] -- Installing: /home/q/mower_description_ws/install/mower_description/share/mower_description/cmake/export_mower_description__rosidl_generator_cppExport.cmake
[6.489s] -- Installing: /home/q/mower_description_ws/install/mower_description/share/mower_description/cmake/export_mower_description__rosidl_typesupport_fastrtps_cppExport.cmake
[6.490s] -- Installing: /home/q/mower_description_ws/install/mower_description/share/mower_description/cmake/export_mower_description__rosidl_typesupport_fastrtps_cppExport-noconfig.cmake
[6.490s] -- Installing: /home/q/mower_description_ws/install/mower_description/share/mower_description/cmake/mower_description__rosidl_typesupport_introspection_cExport.cmake
[6.490s] -- Installing: /home/q/mower_description_ws/install/mower_description/share/mower_description/cmake/mower_description__rosidl_typesupport_introspection_cExport-noconfig.cmake
[6.491s] -- Installing: /home/q/mower_description_ws/install/mower_description/share/mower_description/cmake/mower_description__rosidl_typesupport_cExport.cmake
[6.491s] -- Installing: /home/q/mower_description_ws/install/mower_description/share/mower_description/cmake/mower_description__rosidl_typesupport_cExport-noconfig.cmake
[6.491s] -- Installing: /home/q/mower_description_ws/install/mower_description/share/mower_description/cmake/mower_description__rosidl_typesupport_introspection_cppExport.cmake
[6.491s] -- Installing: /home/q/mower_description_ws/install/mower_description/share/mower_description/cmake/mower_description__rosidl_typesupport_introspection_cppExport-noconfig.cmake
[6.492s] -- Installing: /home/q/mower_description_ws/install/mower_description/share/mower_description/cmake/mower_description__rosidl_typesupport_cppExport.cmake
[6.492s] -- Installing: /home/q/mower_description_ws/install/mower_description/share/mower_description/cmake/mower_description__rosidl_typesupport_cppExport-noconfig.cmake
[6.492s] -- Installing: /home/q/mower_description_ws/install/mower_description/share/mower_description/cmake/export_mower_description__rosidl_generator_pyExport.cmake
[6.493s] -- Installing: /home/q/mower_description_ws/install/mower_description/share/mower_description/cmake/export_mower_description__rosidl_generator_pyExport-noconfig.cmake
[6.493s] -- Installing: /home/q/mower_description_ws/install/mower_description/share/mower_description/cmake/rosidl_cmake-extras.cmake
[6.493s] -- Installing: /home/q/mower_description_ws/install/mower_description/share/mower_description/cmake/ament_cmake_export_dependencies-extras.cmake
[6.494s] -- Installing: /home/q/mower_description_ws/install/mower_description/share/mower_description/cmake/ament_cmake_export_include_directories-extras.cmake
[6.494s] -- Installing: /home/q/mower_description_ws/install/mower_description/share/mower_description/cmake/ament_cmake_export_libraries-extras.cmake
[6.494s] -- Installing: /home/q/mower_description_ws/install/mower_description/share/mower_description/cmake/ament_cmake_export_targets-extras.cmake
[6.494s] -- Installing: /home/q/mower_description_ws/install/mower_description/share/mower_description/cmake/rosidl_cmake_export_typesupport_targets-extras.cmake
[6.494s] -- Installing: /home/q/mower_description_ws/install/mower_description/share/mower_description/cmake/rosidl_cmake_export_typesupport_libraries-extras.cmake
[6.494s] -- Installing: /home/q/mower_description_ws/install/mower_description/share/mower_description/cmake/mower_descriptionConfig.cmake
[6.495s] -- Installing: /home/q/mower_description_ws/install/mower_description/share/mower_description/cmake/mower_descriptionConfig-version.cmake
[6.495s] -- Installing: /home/q/mower_description_ws/install/mower_description/share/mower_description/package.xml
[6.498s] Invoked command in '/home/q/mower_description_ws/build/mower_description' returned '0': CMAKE_PREFIX_PATH=${CMAKE_PREFIX_PATH}:/opt/ros/humble /usr/bin/cmake --install /home/q/mower_description_ws/build/mower_description
