[0.009s] Invoking command in '/home/q/mower_description_ws/build/mower_description': CMAKE_PREFIX_PATH=${CMAKE_PREFIX_PATH}:/opt/ros/humble /usr/bin/cmake /home/q/mower_description_ws/src/mower_description -DCMAKE_INSTALL_PREFIX=/home/q/mower_description_ws/install/mower_description
[0.138s] -- The C compiler identification is GNU 11.4.0
[0.263s] -- The CXX compiler identification is GNU 11.4.0
[0.271s] -- Detecting C compiler ABI info
[0.433s] -- Detecting C compiler ABI info - done
[0.453s] -- Check for working C compiler: /usr/bin/cc - skipped
[0.453s] -- Detecting C compile features
[0.454s] -- Detecting C compile features - done
[0.459s] -- Detecting CXX compiler ABI info
[0.630s] -- Detecting CXX compiler ABI info - done
[0.641s] -- Check for working CXX compiler: /usr/bin/c++ - skipped
[0.642s] -- Detecting CXX compile features
[0.642s] -- Detecting CXX compile features - done
[0.645s] -- Found ament_cmake: 1.3.14 (/opt/ros/humble/share/ament_cmake/cmake)
[0.820s] -- Found Python3: /usr/bin/python3 (found version "3.10.12") found components: Interpreter 
[0.918s] -- Found urdf: 2.6.1 (/opt/ros/humble/share/urdf/cmake)
[0.961s] -- Found xacro: 2.1.1 (/opt/ros/humble/share/xacro/cmake)
[0.962s] -- Found gazebo_ros: 3.9.0 (/opt/ros/humble/share/gazebo_ros/cmake)
[0.989s] -- Found rosidl_generator_c: 3.1.8 (/opt/ros/humble/share/rosidl_generator_c/cmake)
[0.993s] -- Found rosidl_adapter: 3.1.8 (/opt/ros/humble/share/rosidl_adapter/cmake)
[1.000s] -- Found rosidl_generator_cpp: 3.1.8 (/opt/ros/humble/share/rosidl_generator_cpp/cmake)
[1.012s] -- Using all available rosidl_typesupport_c: rosidl_typesupport_fastrtps_c;rosidl_typesupport_introspection_c
[1.024s] -- Using all available rosidl_typesupport_cpp: rosidl_typesupport_fastrtps_cpp;rosidl_typesupport_introspection_cpp
[1.068s] -- Found rmw_implementation_cmake: 6.1.2 (/opt/ros/humble/share/rmw_implementation_cmake/cmake)
[1.072s] -- Found rmw_fastrtps_cpp: 6.2.10 (/opt/ros/humble/share/rmw_fastrtps_cpp/cmake)
[1.098s] -- Found TinyXML2 via Config file: TinyXML2_DIR-NOTFOUND
[1.177s] -- Found OpenSSL: /usr/lib/x86_64-linux-gnu/libcrypto.so (found version "3.0.2")  
[1.182s] -- Found TinyXML2 via Config file: TinyXML2_DIR-NOTFOUND
[1.202s] -- Found FastRTPS: /opt/ros/humble/include  
[1.207s] -- Found TinyXML2 via Config file: TinyXML2_DIR-NOTFOUND
[1.228s] -- Found TinyXML2 via Config file: TinyXML2_DIR-NOTFOUND
[1.243s] -- Using RMW implementation 'rmw_fastrtps_cpp' as default
[1.252s] -- Looking for pthread.h
[1.406s] -- Looking for pthread.h - found
[1.406s] -- Performing Test CMAKE_HAVE_LIBC_PTHREAD
[1.576s] -- Performing Test CMAKE_HAVE_LIBC_PTHREAD - Success
[1.579s] -- Found Threads: TRUE  
[1.628s] -- Found PkgConfig: /usr/bin/pkg-config (found version "0.29.2") 
[1.629s] -- Checking for module 'bullet>=2.82'
[1.653s] --   Found bullet, version 3.05
[1.839s] -- Found fcl: /usr/include (found suitable version "0.7.0", minimum required is "0.5.0") 
[1.918s] -- Found assimp: /usr/include (found version "5.2.0") 
[1.933s] -- Found DART: /usr/include (Required is at least version "6.6") found components: dart 
[1.959s] -- Found Boost: /usr/lib/x86_64-linux-gnu/cmake/Boost-1.74.0/BoostConfig.cmake (found suitable version "1.74.0", minimum required is "1.40.0") found components: thread system filesystem program_options regex iostreams date_time 
[1.973s] -- Found Protobuf: /usr/lib/x86_64-linux-gnu/libprotobuf.so (found version "3.12.4") 
[1.983s] -- Looking for ignition-math6 -- found version 6.15.1
[1.993s] -- Searching for dependencies of ignition-math6
[1.994s] -- Looking for OGRE...
[1.995s] -- OGRE_PREFIX_WATCH changed.
[2.003s] -- Checking for module 'OGRE'
[2.025s] --   Found OGRE, version 1.9.0
[2.062s] -- Found Ogre Ghadamon (1.9.0)
[2.067s] -- Found OGRE: optimized;/usr/lib/x86_64-linux-gnu/libOgreMain.so;debug;/usr/lib/x86_64-linux-gnu/libOgreMain.so
[2.075s] -- Looking for OGRE_Paging...
[2.079s] -- Found OGRE_Paging: optimized;/usr/lib/x86_64-linux-gnu/libOgrePaging.so;debug;/usr/lib/x86_64-linux-gnu/libOgrePaging.so
[2.079s] -- Looking for OGRE_Terrain...
[2.082s] -- Found OGRE_Terrain: optimized;/usr/lib/x86_64-linux-gnu/libOgreTerrain.so;debug;/usr/lib/x86_64-linux-gnu/libOgreTerrain.so
[2.082s] -- Looking for OGRE_Property...
[2.085s] -- Found OGRE_Property: optimized;/usr/lib/x86_64-linux-gnu/libOgreProperty.so;debug;/usr/lib/x86_64-linux-gnu/libOgreProperty.so
[2.085s] -- Looking for OGRE_RTShaderSystem...
[2.089s] -- Found OGRE_RTShaderSystem: optimized;/usr/lib/x86_64-linux-gnu/libOgreRTShaderSystem.so;debug;/usr/lib/x86_64-linux-gnu/libOgreRTShaderSystem.so
[2.089s] -- Looking for OGRE_Volume...
[2.092s] -- Found OGRE_Volume: optimized;/usr/lib/x86_64-linux-gnu/libOgreVolume.so;debug;/usr/lib/x86_64-linux-gnu/libOgreVolume.so
[2.092s] -- Looking for OGRE_Overlay...
[2.095s] -- Found OGRE_Overlay: optimized;/usr/lib/x86_64-linux-gnu/libOgreOverlay.so;debug;/usr/lib/x86_64-linux-gnu/libOgreOverlay.so
[2.163s] -- Looking for ignition-math6 -- found version 6.15.1
[2.165s] -- Looking for ignition-transport8 -- found version 8.2.1
[2.166s] -- Searching for dependencies of ignition-transport8
[2.183s] -- Found Protobuf: /usr/lib/x86_64-linux-gnu/libprotobuf.so (found suitable version "3.12.4", minimum required is "3") 
[2.191s] -- Config-file not installed for ZeroMQ -- checking for pkg-config
[2.196s] -- Checking for module 'libzmq >= 4'
[2.212s] --   Found libzmq , version 4.3.4
[2.281s] -- Found ZeroMQ: TRUE (Required is at least version "4") 
[2.289s] -- Checking for module 'uuid'
[2.305s] --   Found uuid, version 2.37.2
[2.351s] -- Found UUID: TRUE  
[2.354s] -- Looking for ignition-msgs5 -- found version 5.8.1
[2.355s] -- Searching for dependencies of ignition-msgs5
[2.374s] -- Looking for ignition-math6 -- found version 6.15.1
[2.380s] -- Checking for module 'tinyxml2'
[2.401s] --   Found tinyxml2, version 9.0.0
[2.463s] -- Looking for ignition-msgs5 -- found version 5.8.1
[2.466s] -- Looking for ignition-common3 -- found version 3.14.0
[2.467s] -- Searching for dependencies of ignition-common3
[2.467s] -- Looking for dlfcn.h - found
[2.468s] -- Looking for libdl - found
[2.470s] -- Found DL: TRUE  
[2.488s] -- Found tinyobjloader: /usr/lib/x86_64-linux-gnu/cmake/tinyobjloader/tinyobjloader-config.cmake (found version "2.0.0") 
[2.489s] -- Searching for <ignition-common3> component [graphics]
[2.491s] -- Looking for ignition-common3-graphics -- found version 3.14.0
[2.492s] -- Searching for dependencies of ignition-common3-graphics
[2.493s] -- Looking for ignition-math6 -- found version 6.15.1
[2.497s] -- Looking for ignition-fuel_tools4 -- found version 4.4.0
[2.497s] -- Searching for dependencies of ignition-fuel_tools4
[2.605s] -- Found CURL: /usr/lib/x86_64-linux-gnu/libcurl.so (found version "7.81.0")  
[2.618s] -- Checking for module 'jsoncpp'
[2.643s] --   Found jsoncpp, version 1.9.5
[2.705s] -- Found JSONCPP: TRUE  
[2.713s] -- Checking for module 'libzip'
[2.737s] --   Found libzip, version 1.7.3
[2.797s] -- Found ZIP: TRUE  
[2.797s] -- Looking for ignition-common3 -- found version 3.14.0
[2.798s] -- Looking for ignition-math6 -- found version 6.15.1
[2.798s] -- Looking for ignition-msgs5 -- found version 5.8.1
[2.803s] -- Gazebo version: 11.10
[2.804s] -- Checking for module 'tbb'
[2.829s] --   Found tbb, version 2021.5.0
[2.887s] -- Found rosidl_default_generators: 1.2.1 (/opt/ros/humble/share/rosidl_default_generators/cmake)
[3.193s] -- Found ament_cmake_ros: 0.10.0 (/opt/ros/humble/share/ament_cmake_ros/cmake)
[3.734s] -- Using all available rosidl_typesupport_c: rosidl_typesupport_fastrtps_c;rosidl_typesupport_introspection_c
[3.956s] -- Using all available rosidl_typesupport_cpp: rosidl_typesupport_fastrtps_cpp;rosidl_typesupport_introspection_cpp
[3.983s] -- Found PythonInterp: /usr/bin/python3 (found suitable version "3.10.12", minimum required is "3.6") 
[3.986s] -- Found python_cmake_module: 0.10.0 (/opt/ros/humble/share/python_cmake_module/cmake)
[4.013s] -- Found PythonLibs: /usr/lib/x86_64-linux-gnu/libpython3.10.so (found suitable version "3.10.12", minimum required is "3.5") 
[4.013s] -- Using PYTHON_EXECUTABLE: /usr/bin/python3
[4.013s] -- Using PYTHON_INCLUDE_DIRS: /usr/include/python3.10
[4.014s] -- Using PYTHON_LIBRARIES: /usr/lib/x86_64-linux-gnu/libpython3.10.so
[4.040s] -- Found PythonExtra: .so  
[4.275s] -- Found ament_lint_auto: 0.12.15 (/opt/ros/humble/share/ament_lint_auto/cmake)
[4.298s] -- Added test 'flake8' to check Python code syntax and style conventions
[4.299s] -- Added test 'lint_cmake' to check CMake code style
[4.299s] -- Added test 'pep257' to check Python code against some of the docstring style conventions in PEP 257
[4.301s] -- Added test 'xmllint' to check XML markup files
[4.306s] -- Configuring done
[4.344s] -- Generating done
[4.364s] -- Build files have been written to: /home/q/mower_description_ws/build/mower_description
[4.374s] Invoked command in '/home/q/mower_description_ws/build/mower_description' returned '0': CMAKE_PREFIX_PATH=${CMAKE_PREFIX_PATH}:/opt/ros/humble /usr/bin/cmake /home/q/mower_description_ws/src/mower_description -DCMAKE_INSTALL_PREFIX=/home/q/mower_description_ws/install/mower_description
[4.376s] Invoking command in '/home/q/mower_description_ws/build/mower_description': CMAKE_PREFIX_PATH=${CMAKE_PREFIX_PATH}:/opt/ros/humble /usr/bin/cmake --build /home/q/mower_description_ws/build/mower_description -- -j24 -l24
[4.436s] [  3%] [34m[1mGenerating C code for ROS interfaces[0m
[4.455s] [  6%] [34m[1mGenerating Rust code for ROS interfaces[0m
[4.456s] [  9%] [34m[1mGenerating C++ code for ROS interfaces[0m
[4.470s] [  9%] Built target ament_cmake_python_copy_mower_description
[4.653s] [  9%] Built target mower_description__rs
[4.663s] [ 12%] [32mBuilding C object CMakeFiles/mower_description__rosidl_generator_c.dir/rosidl_generator_c/mower_description/srv/detail/cutting_motor_control__functions.c.o[0m
[4.670s] [ 12%] Built target mower_description__cpp
[4.681s] [ 15%] [34m[1mGenerating C++ type support for eProsima Fast-RTPS[0m
[4.681s] [ 18%] [34m[1mGenerating C++ introspection for ROS interfaces[0m
[4.682s] [ 21%] [34m[1mGenerating C++ type support dispatch for ROS interfaces[0m
[4.684s] running egg_info
[4.685s] creating mower_description.egg-info
[4.685s] writing mower_description.egg-info/PKG-INFO
[4.685s] writing dependency_links to mower_description.egg-info/dependency_links.txt
[4.685s] writing top-level names to mower_description.egg-info/top_level.txt
[4.685s] writing manifest file 'mower_description.egg-info/SOURCES.txt'
[4.687s] reading manifest file 'mower_description.egg-info/SOURCES.txt'
[4.687s] writing manifest file 'mower_description.egg-info/SOURCES.txt'
[4.707s] [ 21%] Built target ament_cmake_python_build_mower_description_egg
[4.775s] [ 25%] [32m[1mLinking C shared library libmower_description__rosidl_generator_c.so[0m
[4.810s] [ 25%] Built target mower_description__rosidl_generator_c
[4.823s] [ 31%] [34m[1mGenerating C introspection for ROS interfaces[0m
[4.824s] [ 31%] [34m[1mGenerating C type support for eProsima Fast-RTPS[0m
[4.824s] [ 34%] [34m[1mGenerating C type support dispatch for ROS interfaces[0m
[4.869s] [ 37%] [32mBuilding CXX object CMakeFiles/mower_description__rosidl_typesupport_cpp.dir/rosidl_typesupport_cpp/mower_description/srv/cutting_motor_control__type_support.cpp.o[0m
[4.881s] [ 40%] [32mBuilding CXX object CMakeFiles/mower_description__rosidl_typesupport_introspection_cpp.dir/rosidl_typesupport_introspection_cpp/mower_description/srv/detail/cutting_motor_control__type_support.cpp.o[0m
[4.885s] [ 43%] [32mBuilding CXX object CMakeFiles/mower_description__rosidl_typesupport_fastrtps_cpp.dir/rosidl_typesupport_fastrtps_cpp/mower_description/srv/detail/dds_fastrtps/cutting_motor_control__type_support.cpp.o[0m
[5.007s] [ 46%] [32mBuilding CXX object CMakeFiles/mower_description__rosidl_typesupport_c.dir/rosidl_typesupport_c/mower_description/srv/cutting_motor_control__type_support.cpp.o[0m
[5.022s] [ 50%] [32mBuilding C object CMakeFiles/mower_description__rosidl_typesupport_introspection_c.dir/rosidl_typesupport_introspection_c/mower_description/srv/detail/cutting_motor_control__type_support.c.o[0m
[5.037s] [ 53%] [32mBuilding CXX object CMakeFiles/mower_description__rosidl_typesupport_fastrtps_c.dir/rosidl_typesupport_fastrtps_c/mower_description/srv/detail/cutting_motor_control__type_support_c.cpp.o[0m
[5.117s] [ 56%] [32m[1mLinking C shared library libmower_description__rosidl_typesupport_introspection_c.so[0m
[5.147s] [ 59%] [32m[1mLinking CXX shared library libmower_description__rosidl_typesupport_c.so[0m
[5.152s] [ 62%] Built target mower_description__rosidl_typesupport_introspection_c
[5.153s] [ 62%] [32m[1mLinking CXX shared library libmower_description__rosidl_typesupport_cpp.so[0m
[5.186s] [ 62%] Built target mower_description__rosidl_typesupport_c
[5.189s] [ 62%] Built target mower_description__rosidl_typesupport_cpp
[5.225s] [ 65%] [32m[1mLinking CXX shared library libmower_description__rosidl_typesupport_introspection_cpp.so[0m
[5.235s] [ 68%] [32m[1mLinking CXX shared library libmower_description__rosidl_typesupport_fastrtps_cpp.so[0m
[5.280s] [ 68%] Built target mower_description__rosidl_typesupport_introspection_cpp
[5.296s] [ 68%] Built target mower_description__rosidl_typesupport_fastrtps_cpp
[5.346s] [ 71%] [32m[1mLinking CXX shared library libmower_description__rosidl_typesupport_fastrtps_c.so[0m
[5.404s] [ 71%] Built target mower_description__rosidl_typesupport_fastrtps_c
[5.434s] [ 71%] Built target mower_description
[5.460s] [ 75%] [34m[1mGenerating Python code for ROS interfaces[0m
[5.749s] [ 75%] Built target mower_description__py
[5.768s] [ 78%] [32mBuilding C object CMakeFiles/mower_description__rosidl_generator_py.dir/rosidl_generator_py/mower_description/srv/_cutting_motor_control_s.c.o[0m
[5.903s] [ 81%] [32m[1mLinking C shared library rosidl_generator_py/mower_description/libmower_description__rosidl_generator_py.so[0m
[5.967s] [ 81%] Built target mower_description__rosidl_generator_py
[6.007s] [ 84%] [32mBuilding C object CMakeFiles/mower_description__rosidl_typesupport_introspection_c__pyext.dir/rosidl_generator_py/mower_description/_mower_description_s.ep.rosidl_typesupport_introspection_c.c.o[0m
[6.008s] [ 87%] [32mBuilding C object CMakeFiles/mower_description__rosidl_typesupport_c__pyext.dir/rosidl_generator_py/mower_description/_mower_description_s.ep.rosidl_typesupport_c.c.o[0m
[6.008s] [ 90%] [32mBuilding C object CMakeFiles/mower_description__rosidl_typesupport_fastrtps_c__pyext.dir/rosidl_generator_py/mower_description/_mower_description_s.ep.rosidl_typesupport_fastrtps_c.c.o[0m
[6.194s] [ 93%] [32m[1mLinking C shared library rosidl_generator_py/mower_description/mower_description_s__rosidl_typesupport_c.cpython-310-x86_64-linux-gnu.so[0m
[6.195s] [ 96%] [32m[1mLinking C shared library rosidl_generator_py/mower_description/mower_description_s__rosidl_typesupport_fastrtps_c.cpython-310-x86_64-linux-gnu.so[0m
[6.195s] [100%] [32m[1mLinking C shared library rosidl_generator_py/mower_description/mower_description_s__rosidl_typesupport_introspection_c.cpython-310-x86_64-linux-gnu.so[0m
[6.231s] [100%] Built target mower_description__rosidl_typesupport_c__pyext
[6.231s] [100%] Built target mower_description__rosidl_typesupport_introspection_c__pyext
[6.232s] [100%] Built target mower_description__rosidl_typesupport_fastrtps_c__pyext
[6.245s] Invoked command in '/home/q/mower_description_ws/build/mower_description' returned '0': CMAKE_PREFIX_PATH=${CMAKE_PREFIX_PATH}:/opt/ros/humble /usr/bin/cmake --build /home/q/mower_description_ws/build/mower_description -- -j24 -l24
[6.261s] Invoking command in '/home/q/mower_description_ws/build/mower_description': CMAKE_PREFIX_PATH=${CMAKE_PREFIX_PATH}:/opt/ros/humble /usr/bin/cmake --install /home/q/mower_description_ws/build/mower_description
[6.272s] -- Install configuration: ""
[6.272s] -- Installing: /home/q/mower_description_ws/install/mower_description/share/ament_index/resource_index/rosidl_interfaces/mower_description
[6.273s] -- Installing: /home/q/mower_description_ws/install/mower_description/include/mower_description/mower_description
[6.273s] -- Installing: /home/q/mower_description_ws/install/mower_description/include/mower_description/mower_description/msg
[6.273s] -- Installing: /home/q/mower_description_ws/install/mower_description/include/mower_description/mower_description/msg/rosidl_generator_c__visibility_control.h
[6.273s] -- Installing: /home/q/mower_description_ws/install/mower_description/include/mower_description/mower_description/srv
[6.273s] -- Installing: /home/q/mower_description_ws/install/mower_description/include/mower_description/mower_description/srv/cutting_motor_control.h
[6.273s] -- Installing: /home/q/mower_description_ws/install/mower_description/include/mower_description/mower_description/srv/detail
[6.273s] -- Installing: /home/q/mower_description_ws/install/mower_description/include/mower_description/mower_description/srv/detail/cutting_motor_control__functions.c
[6.274s] -- Installing: /home/q/mower_description_ws/install/mower_description/include/mower_description/mower_description/srv/detail/cutting_motor_control__struct.h
[6.274s] -- Installing: /home/q/mower_description_ws/install/mower_description/include/mower_description/mower_description/srv/detail/cutting_motor_control__type_support.h
[6.274s] -- Installing: /home/q/mower_description_ws/install/mower_description/include/mower_description/mower_description/srv/detail/cutting_motor_control__functions.h
[6.275s] -- Installing: /home/q/mower_description_ws/install/mower_description/share/mower_description/environment/library_path.sh
[6.275s] -- Installing: /home/q/mower_description_ws/install/mower_description/share/mower_description/environment/library_path.dsv
[6.275s] -- Installing: /home/q/mower_description_ws/install/mower_description/lib/libmower_description__rosidl_generator_c.so
[6.277s] -- Set runtime path of "/home/q/mower_description_ws/install/mower_description/lib/libmower_description__rosidl_generator_c.so" to ""
[6.277s] -- Up-to-date: /home/q/mower_description_ws/install/mower_description/include/mower_description/mower_description
[6.277s] -- Up-to-date: /home/q/mower_description_ws/install/mower_description/include/mower_description/mower_description/msg
[6.277s] -- Installing: /home/q/mower_description_ws/install/mower_description/include/mower_description/mower_description/msg/rosidl_typesupport_fastrtps_c__visibility_control.h
[6.277s] -- Up-to-date: /home/q/mower_description_ws/install/mower_description/include/mower_description/mower_description/srv
[6.277s] -- Up-to-date: /home/q/mower_description_ws/install/mower_description/include/mower_description/mower_description/srv/detail
[6.277s] -- Installing: /home/q/mower_description_ws/install/mower_description/include/mower_description/mower_description/srv/detail/cutting_motor_control__rosidl_typesupport_fastrtps_c.h
[6.278s] -- Installing: /home/q/mower_description_ws/install/mower_description/lib/libmower_description__rosidl_typesupport_fastrtps_c.so
[6.279s] -- Set runtime path of "/home/q/mower_description_ws/install/mower_description/lib/libmower_description__rosidl_typesupport_fastrtps_c.so" to ""
[6.279s] -- Up-to-date: /home/q/mower_description_ws/install/mower_description/include/mower_description/mower_description
[6.279s] -- Up-to-date: /home/q/mower_description_ws/install/mower_description/include/mower_description/mower_description/msg
[6.279s] -- Installing: /home/q/mower_description_ws/install/mower_description/include/mower_description/mower_description/msg/rosidl_generator_cpp__visibility_control.hpp
[6.279s] -- Up-to-date: /home/q/mower_description_ws/install/mower_description/include/mower_description/mower_description/srv
[6.279s] -- Up-to-date: /home/q/mower_description_ws/install/mower_description/include/mower_description/mower_description/srv/detail
[6.279s] -- Installing: /home/q/mower_description_ws/install/mower_description/include/mower_description/mower_description/srv/detail/cutting_motor_control__struct.hpp
[6.280s] -- Installing: /home/q/mower_description_ws/install/mower_description/include/mower_description/mower_description/srv/detail/cutting_motor_control__builder.hpp
[6.280s] -- Installing: /home/q/mower_description_ws/install/mower_description/include/mower_description/mower_description/srv/detail/cutting_motor_control__traits.hpp
[6.281s] -- Installing: /home/q/mower_description_ws/install/mower_description/include/mower_description/mower_description/srv/detail/cutting_motor_control__type_support.hpp
[6.281s] -- Installing: /home/q/mower_description_ws/install/mower_description/include/mower_description/mower_description/srv/cutting_motor_control.hpp
[6.281s] -- Up-to-date: /home/q/mower_description_ws/install/mower_description/include/mower_description/mower_description
[6.281s] -- Up-to-date: /home/q/mower_description_ws/install/mower_description/include/mower_description/mower_description/msg
[6.281s] -- Installing: /home/q/mower_description_ws/install/mower_description/include/mower_description/mower_description/msg/rosidl_typesupport_fastrtps_cpp__visibility_control.h
[6.282s] -- Up-to-date: /home/q/mower_description_ws/install/mower_description/include/mower_description/mower_description/srv
[6.282s] -- Up-to-date: /home/q/mower_description_ws/install/mower_description/include/mower_description/mower_description/srv/detail
[6.282s] -- Installing: /home/q/mower_description_ws/install/mower_description/include/mower_description/mower_description/srv/detail/dds_fastrtps
[6.282s] -- Installing: /home/q/mower_description_ws/install/mower_description/include/mower_description/mower_description/srv/detail/cutting_motor_control__rosidl_typesupport_fastrtps_cpp.hpp
[6.282s] -- Installing: /home/q/mower_description_ws/install/mower_description/lib/libmower_description__rosidl_typesupport_fastrtps_cpp.so
[6.284s] -- Set runtime path of "/home/q/mower_description_ws/install/mower_description/lib/libmower_description__rosidl_typesupport_fastrtps_cpp.so" to ""
[6.284s] -- Up-to-date: /home/q/mower_description_ws/install/mower_description/include/mower_description/mower_description
[6.284s] -- Up-to-date: /home/q/mower_description_ws/install/mower_description/include/mower_description/mower_description/msg
[6.284s] -- Installing: /home/q/mower_description_ws/install/mower_description/include/mower_description/mower_description/msg/rosidl_typesupport_introspection_c__visibility_control.h
[6.284s] -- Up-to-date: /home/q/mower_description_ws/install/mower_description/include/mower_description/mower_description/srv
[6.284s] -- Up-to-date: /home/q/mower_description_ws/install/mower_description/include/mower_description/mower_description/srv/detail
[6.284s] -- Installing: /home/q/mower_description_ws/install/mower_description/include/mower_description/mower_description/srv/detail/cutting_motor_control__type_support.c
[6.285s] -- Installing: /home/q/mower_description_ws/install/mower_description/include/mower_description/mower_description/srv/detail/cutting_motor_control__rosidl_typesupport_introspection_c.h
[6.285s] -- Installing: /home/q/mower_description_ws/install/mower_description/lib/libmower_description__rosidl_typesupport_introspection_c.so
[6.287s] -- Set runtime path of "/home/q/mower_description_ws/install/mower_description/lib/libmower_description__rosidl_typesupport_introspection_c.so" to ""
[6.287s] -- Installing: /home/q/mower_description_ws/install/mower_description/lib/libmower_description__rosidl_typesupport_c.so
[6.288s] -- Set runtime path of "/home/q/mower_description_ws/install/mower_description/lib/libmower_description__rosidl_typesupport_c.so" to ""
[6.288s] -- Up-to-date: /home/q/mower_description_ws/install/mower_description/include/mower_description/mower_description
[6.288s] -- Up-to-date: /home/q/mower_description_ws/install/mower_description/include/mower_description/mower_description/srv
[6.288s] -- Up-to-date: /home/q/mower_description_ws/install/mower_description/include/mower_description/mower_description/srv/detail
[6.289s] -- Installing: /home/q/mower_description_ws/install/mower_description/include/mower_description/mower_description/srv/detail/cutting_motor_control__type_support.cpp
[6.289s] -- Installing: /home/q/mower_description_ws/install/mower_description/include/mower_description/mower_description/srv/detail/cutting_motor_control__rosidl_typesupport_introspection_cpp.hpp
[6.289s] -- Installing: /home/q/mower_description_ws/install/mower_description/lib/libmower_description__rosidl_typesupport_introspection_cpp.so
[6.291s] -- Set runtime path of "/home/q/mower_description_ws/install/mower_description/lib/libmower_description__rosidl_typesupport_introspection_cpp.so" to ""
[6.291s] -- Installing: /home/q/mower_description_ws/install/mower_description/lib/libmower_description__rosidl_typesupport_cpp.so
[6.292s] -- Set runtime path of "/home/q/mower_description_ws/install/mower_description/lib/libmower_description__rosidl_typesupport_cpp.so" to ""
[6.293s] -- Installing: /home/q/mower_description_ws/install/mower_description/share/mower_description/environment/pythonpath.sh
[6.293s] -- Installing: /home/q/mower_description_ws/install/mower_description/share/mower_description/environment/pythonpath.dsv
[6.293s] -- Installing: /home/q/mower_description_ws/install/mower_description/local/lib/python3.10/dist-packages/mower_description-0.0.0-py3.10.egg-info
[6.293s] -- Installing: /home/q/mower_description_ws/install/mower_description/local/lib/python3.10/dist-packages/mower_description-0.0.0-py3.10.egg-info/dependency_links.txt
[6.294s] -- Installing: /home/q/mower_description_ws/install/mower_description/local/lib/python3.10/dist-packages/mower_description-0.0.0-py3.10.egg-info/SOURCES.txt
[6.294s] -- Installing: /home/q/mower_description_ws/install/mower_description/local/lib/python3.10/dist-packages/mower_description-0.0.0-py3.10.egg-info/top_level.txt
[6.295s] -- Installing: /home/q/mower_description_ws/install/mower_description/local/lib/python3.10/dist-packages/mower_description-0.0.0-py3.10.egg-info/PKG-INFO
[6.295s] -- Installing: /home/q/mower_description_ws/install/mower_description/local/lib/python3.10/dist-packages/mower_description
[6.295s] -- Installing: /home/q/mower_description_ws/install/mower_description/local/lib/python3.10/dist-packages/mower_description/libmower_description__rosidl_generator_py.so
[6.296s] -- Installing: /home/q/mower_description_ws/install/mower_description/local/lib/python3.10/dist-packages/mower_description/mower_description_s__rosidl_typesupport_c.cpython-310-x86_64-linux-gnu.so
[6.297s] -- Installing: /home/q/mower_description_ws/install/mower_description/local/lib/python3.10/dist-packages/mower_description/mower_description_s__rosidl_typesupport_fastrtps_c.cpython-310-x86_64-linux-gnu.so
[6.297s] -- Installing: /home/q/mower_description_ws/install/mower_description/local/lib/python3.10/dist-packages/mower_description/__init__.py
[6.298s] -- Installing: /home/q/mower_description_ws/install/mower_description/local/lib/python3.10/dist-packages/mower_description/mower_description_s__rosidl_typesupport_introspection_c.cpython-310-x86_64-linux-gnu.so
[6.298s] -- Installing: /home/q/mower_description_ws/install/mower_description/local/lib/python3.10/dist-packages/mower_description/_mower_description_s.ep.rosidl_typesupport_fastrtps_c.c
[6.298s] -- Installing: /home/q/mower_description_ws/install/mower_description/local/lib/python3.10/dist-packages/mower_description/_mower_description_s.ep.rosidl_typesupport_introspection_c.c
[6.299s] -- Installing: /home/q/mower_description_ws/install/mower_description/local/lib/python3.10/dist-packages/mower_description/srv
[6.299s] -- Installing: /home/q/mower_description_ws/install/mower_description/local/lib/python3.10/dist-packages/mower_description/srv/_cutting_motor_control_s.c
[6.299s] -- Installing: /home/q/mower_description_ws/install/mower_description/local/lib/python3.10/dist-packages/mower_description/srv/__init__.py
[6.299s] -- Installing: /home/q/mower_description_ws/install/mower_description/local/lib/python3.10/dist-packages/mower_description/srv/_cutting_motor_control.py
[6.300s] -- Installing: /home/q/mower_description_ws/install/mower_description/local/lib/python3.10/dist-packages/mower_description/_mower_description_s.ep.rosidl_typesupport_c.c
[6.351s] Listing '/home/q/mower_description_ws/install/mower_description/local/lib/python3.10/dist-packages/mower_description'...
[6.351s] Compiling '/home/q/mower_description_ws/install/mower_description/local/lib/python3.10/dist-packages/mower_description/__init__.py'...
[6.351s] Listing '/home/q/mower_description_ws/install/mower_description/local/lib/python3.10/dist-packages/mower_description/srv'...
[6.351s] Compiling '/home/q/mower_description_ws/install/mower_description/local/lib/python3.10/dist-packages/mower_description/srv/__init__.py'...
[6.351s] Compiling '/home/q/mower_description_ws/install/mower_description/local/lib/python3.10/dist-packages/mower_description/srv/_cutting_motor_control.py'...
[6.355s] -- Installing: /home/q/mower_description_ws/install/mower_description/local/lib/python3.10/dist-packages/mower_description/mower_description_s__rosidl_typesupport_fastrtps_c.cpython-310-x86_64-linux-gnu.so
[6.356s] -- Set runtime path of "/home/q/mower_description_ws/install/mower_description/local/lib/python3.10/dist-packages/mower_description/mower_description_s__rosidl_typesupport_fastrtps_c.cpython-310-x86_64-linux-gnu.so" to ""
[6.357s] -- Installing: /home/q/mower_description_ws/install/mower_description/local/lib/python3.10/dist-packages/mower_description/mower_description_s__rosidl_typesupport_introspection_c.cpython-310-x86_64-linux-gnu.so
[6.359s] -- Set runtime path of "/home/q/mower_description_ws/install/mower_description/local/lib/python3.10/dist-packages/mower_description/mower_description_s__rosidl_typesupport_introspection_c.cpython-310-x86_64-linux-gnu.so" to ""
[6.359s] -- Installing: /home/q/mower_description_ws/install/mower_description/local/lib/python3.10/dist-packages/mower_description/mower_description_s__rosidl_typesupport_c.cpython-310-x86_64-linux-gnu.so
[6.361s] -- Set runtime path of "/home/q/mower_description_ws/install/mower_description/local/lib/python3.10/dist-packages/mower_description/mower_description_s__rosidl_typesupport_c.cpython-310-x86_64-linux-gnu.so" to ""
[6.361s] -- Installing: /home/q/mower_description_ws/install/mower_description/lib/libmower_description__rosidl_generator_py.so
[6.363s] -- Set runtime path of "/home/q/mower_description_ws/install/mower_description/lib/libmower_description__rosidl_generator_py.so" to ""
[6.363s] -- Installing: /home/q/mower_description_ws/install/mower_description/share/ament_index/resource_index/rust_packages/mower_description
[6.363s] -- Installing: /home/q/mower_description_ws/install/mower_description/share/mower_description/rust
[6.363s] -- Installing: /home/q/mower_description_ws/install/mower_description/share/mower_description/rust/Cargo.toml
[6.363s] -- Installing: /home/q/mower_description_ws/install/mower_description/share/mower_description/rust/src
[6.363s] -- Installing: /home/q/mower_description_ws/install/mower_description/share/mower_description/rust/src/srv.rs
[6.364s] -- Installing: /home/q/mower_description_ws/install/mower_description/share/mower_description/rust/src/lib.rs
[6.364s] -- Installing: /home/q/mower_description_ws/install/mower_description/share/mower_description/rust/src/srv
[6.364s] -- Installing: /home/q/mower_description_ws/install/mower_description/share/mower_description/rust/src/srv/rmw.rs
[6.364s] -- Installing: /home/q/mower_description_ws/install/mower_description/share/mower_description/rust/build.rs
[6.365s] -- Installing: /home/q/mower_description_ws/install/mower_description/share/mower_description/srv/CuttingMotorControl.idl
[6.365s] -- Installing: /home/q/mower_description_ws/install/mower_description/share/mower_description/srv/CuttingMotorControl.srv
[6.365s] -- Installing: /home/q/mower_description_ws/install/mower_description/share/mower_description/srv/CuttingMotorControl_Request.msg
[6.365s] -- Installing: /home/q/mower_description_ws/install/mower_description/share/mower_description/srv/CuttingMotorControl_Response.msg
[6.366s] -- Installing: /home/q/mower_description_ws/install/mower_description/lib/mower_description/cutting_motor_controller.py
[6.366s] -- Installing: /home/q/mower_description_ws/install/mower_description/lib/mower_description/indicator_light_controller.py
[6.366s] -- Installing: /home/q/mower_description_ws/install/mower_description/share/mower_description/launch
[6.366s] -- Installing: /home/q/mower_description_ws/install/mower_description/share/mower_description/launch/mower_gazebo.launch.py
[6.366s] -- Installing: /home/q/mower_description_ws/install/mower_description/share/mower_description/launch/__pycache__
[6.367s] -- Installing: /home/q/mower_description_ws/install/mower_description/share/mower_description/launch/__pycache__/mower_gazebo.launch.cpython-310.pyc
[6.367s] -- Installing: /home/q/mower_description_ws/install/mower_description/share/mower_description/urdf
[6.367s] -- Installing: /home/q/mower_description_ws/install/mower_description/share/mower_description/urdf/mower.urdf
[6.367s] -- Installing: /home/q/mower_description_ws/install/mower_description/share/mower_description/worlds
[6.367s] -- Installing: /home/q/mower_description_ws/install/mower_description/share/mower_description/worlds/room_world.world
[6.367s] -- Installing: /home/q/mower_description_ws/install/mower_description/share/mower_description/worlds/room_world_open.world
[6.368s] -- Installing: /home/q/mower_description_ws/install/mower_description/share/mower_description/worlds/mower_world.world
[6.368s] -- Installing: /home/q/mower_description_ws/install/mower_description/share/mower_description/config
[6.368s] -- Installing: /home/q/mower_description_ws/install/mower_description/share/mower_description/config/rviz
[6.368s] -- Installing: /home/q/mower_description_ws/install/mower_description/share/mower_description/config/rviz/mower_gazebo.rviz
[6.368s] -- Installing: /home/q/mower_description_ws/install/mower_description/share/ament_index/resource_index/package_run_dependencies/mower_description
[6.369s] -- Installing: /home/q/mower_description_ws/install/mower_description/share/ament_index/resource_index/parent_prefix_path/mower_description
[6.369s] -- Installing: /home/q/mower_description_ws/install/mower_description/share/mower_description/environment/ament_prefix_path.sh
[6.369s] -- Installing: /home/q/mower_description_ws/install/mower_description/share/mower_description/environment/ament_prefix_path.dsv
[6.369s] -- Installing: /home/q/mower_description_ws/install/mower_description/share/mower_description/environment/path.sh
[6.370s] -- Installing: /home/q/mower_description_ws/install/mower_description/share/mower_description/environment/path.dsv
[6.370s] -- Installing: /home/q/mower_description_ws/install/mower_description/share/mower_description/local_setup.bash
[6.370s] -- Installing: /home/q/mower_description_ws/install/mower_description/share/mower_description/local_setup.sh
[6.370s] -- Installing: /home/q/mower_description_ws/install/mower_description/share/mower_description/local_setup.zsh
[6.370s] -- Installing: /home/q/mower_description_ws/install/mower_description/share/mower_description/local_setup.dsv
[6.371s] -- Installing: /home/q/mower_description_ws/install/mower_description/share/mower_description/package.dsv
[6.371s] -- Installing: /home/q/mower_description_ws/install/mower_description/share/ament_index/resource_index/packages/mower_description
[6.371s] -- Installing: /home/q/mower_description_ws/install/mower_description/share/mower_description/cmake/export_mower_description__rosidl_generator_cExport.cmake
[6.371s] -- Installing: /home/q/mower_description_ws/install/mower_description/share/mower_description/cmake/export_mower_description__rosidl_generator_cExport-noconfig.cmake
[6.372s] -- Installing: /home/q/mower_description_ws/install/mower_description/share/mower_description/cmake/export_mower_description__rosidl_typesupport_fastrtps_cExport.cmake
[6.372s] -- Installing: /home/q/mower_description_ws/install/mower_description/share/mower_description/cmake/export_mower_description__rosidl_typesupport_fastrtps_cExport-noconfig.cmake
[6.372s] -- Installing: /home/q/mower_description_ws/install/mower_description/share/mower_description/cmake/export_mower_description__rosidl_generator_cppExport.cmake
[6.373s] -- Installing: /home/q/mower_description_ws/install/mower_description/share/mower_description/cmake/export_mower_description__rosidl_typesupport_fastrtps_cppExport.cmake
[6.373s] -- Installing: /home/q/mower_description_ws/install/mower_description/share/mower_description/cmake/export_mower_description__rosidl_typesupport_fastrtps_cppExport-noconfig.cmake
[6.373s] -- Installing: /home/q/mower_description_ws/install/mower_description/share/mower_description/cmake/mower_description__rosidl_typesupport_introspection_cExport.cmake
[6.373s] -- Installing: /home/q/mower_description_ws/install/mower_description/share/mower_description/cmake/mower_description__rosidl_typesupport_introspection_cExport-noconfig.cmake
[6.374s] -- Installing: /home/q/mower_description_ws/install/mower_description/share/mower_description/cmake/mower_description__rosidl_typesupport_cExport.cmake
[6.374s] -- Installing: /home/q/mower_description_ws/install/mower_description/share/mower_description/cmake/mower_description__rosidl_typesupport_cExport-noconfig.cmake
[6.375s] -- Installing: /home/q/mower_description_ws/install/mower_description/share/mower_description/cmake/mower_description__rosidl_typesupport_introspection_cppExport.cmake
[6.375s] -- Installing: /home/q/mower_description_ws/install/mower_description/share/mower_description/cmake/mower_description__rosidl_typesupport_introspection_cppExport-noconfig.cmake
[6.375s] -- Installing: /home/q/mower_description_ws/install/mower_description/share/mower_description/cmake/mower_description__rosidl_typesupport_cppExport.cmake
[6.376s] -- Installing: /home/q/mower_description_ws/install/mower_description/share/mower_description/cmake/mower_description__rosidl_typesupport_cppExport-noconfig.cmake
[6.376s] -- Installing: /home/q/mower_description_ws/install/mower_description/share/mower_description/cmake/export_mower_description__rosidl_generator_pyExport.cmake
[6.376s] -- Installing: /home/q/mower_description_ws/install/mower_description/share/mower_description/cmake/export_mower_description__rosidl_generator_pyExport-noconfig.cmake
[6.376s] -- Installing: /home/q/mower_description_ws/install/mower_description/share/mower_description/cmake/rosidl_cmake-extras.cmake
[6.376s] -- Installing: /home/q/mower_description_ws/install/mower_description/share/mower_description/cmake/ament_cmake_export_dependencies-extras.cmake
[6.377s] -- Installing: /home/q/mower_description_ws/install/mower_description/share/mower_description/cmake/ament_cmake_export_include_directories-extras.cmake
[6.377s] -- Installing: /home/q/mower_description_ws/install/mower_description/share/mower_description/cmake/ament_cmake_export_libraries-extras.cmake
[6.377s] -- Installing: /home/q/mower_description_ws/install/mower_description/share/mower_description/cmake/ament_cmake_export_targets-extras.cmake
[6.377s] -- Installing: /home/q/mower_description_ws/install/mower_description/share/mower_description/cmake/rosidl_cmake_export_typesupport_targets-extras.cmake
[6.377s] -- Installing: /home/q/mower_description_ws/install/mower_description/share/mower_description/cmake/rosidl_cmake_export_typesupport_libraries-extras.cmake
[6.378s] -- Installing: /home/q/mower_description_ws/install/mower_description/share/mower_description/cmake/mower_descriptionConfig.cmake
[6.378s] -- Installing: /home/q/mower_description_ws/install/mower_description/share/mower_description/cmake/mower_descriptionConfig-version.cmake
[6.378s] -- Installing: /home/q/mower_description_ws/install/mower_description/share/mower_description/package.xml
[6.380s] Invoked command in '/home/q/mower_description_ws/build/mower_description' returned '0': CMAKE_PREFIX_PATH=${CMAKE_PREFIX_PATH}:/opt/ros/humble /usr/bin/cmake --install /home/q/mower_description_ws/build/mower_description
