[0.009s] Invoking command in '/home/q/mower_description_ws/build/mower_description': CMAKE_PREFIX_PATH=/opt/ros/humble /usr/bin/cmake /home/q/mower_description_ws/src/mower_description -DCMAKE_INSTALL_PREFIX=/home/q/mower_description_ws/install/mower_description
[0.123s] -- The C compiler identification is GNU 11.4.0
[0.233s] -- The CXX compiler identification is GNU 11.4.0
[0.242s] -- Detecting C compiler ABI info
[0.376s] -- Detecting C compiler ABI info - done
[0.389s] -- Check for working C compiler: /usr/bin/cc - skipped
[0.389s] -- Detecting C compile features
[0.390s] -- Detecting C compile features - done
[0.397s] -- Detecting CXX compiler ABI info
[0.542s] -- Detecting CXX compiler ABI info - done
[0.553s] -- Check for working CXX compiler: /usr/bin/c++ - skipped
[0.553s] -- Detecting CXX compile features
[0.553s] -- Detecting CXX compile features - done
[0.557s] -- Found ament_cmake: 1.3.14 (/opt/ros/humble/share/ament_cmake/cmake)
[0.688s] -- Found Python3: /usr/bin/python3 (found version "3.10.12") found components: Interpreter 
[0.768s] -- Found urdf: 2.6.1 (/opt/ros/humble/share/urdf/cmake)
[0.814s] -- Found xacro: 2.1.1 (/opt/ros/humble/share/xacro/cmake)
[0.815s] -- Found gazebo_ros: 3.9.0 (/opt/ros/humble/share/gazebo_ros/cmake)
[0.846s] -- Found rosidl_generator_c: 3.1.8 (/opt/ros/humble/share/rosidl_generator_c/cmake)
[0.851s] -- Found rosidl_adapter: 3.1.8 (/opt/ros/humble/share/rosidl_adapter/cmake)
[0.861s] -- Found rosidl_generator_cpp: 3.1.8 (/opt/ros/humble/share/rosidl_generator_cpp/cmake)
[0.873s] -- Using all available rosidl_typesupport_c: rosidl_typesupport_fastrtps_c;rosidl_typesupport_introspection_c
[0.884s] -- Using all available rosidl_typesupport_cpp: rosidl_typesupport_fastrtps_cpp;rosidl_typesupport_introspection_cpp
[0.925s] -- Found rmw_implementation_cmake: 6.1.2 (/opt/ros/humble/share/rmw_implementation_cmake/cmake)
[0.927s] -- Found rmw_fastrtps_cpp: 6.2.10 (/opt/ros/humble/share/rmw_fastrtps_cpp/cmake)
[0.953s] -- Found TinyXML2 via Config file: TinyXML2_DIR-NOTFOUND
[1.010s] -- Found OpenSSL: /usr/lib/x86_64-linux-gnu/libcrypto.so (found version "3.0.2")  
[1.013s] -- Found TinyXML2 via Config file: TinyXML2_DIR-NOTFOUND
[1.026s] -- Found FastRTPS: /opt/ros/humble/include  
[1.029s] -- Found TinyXML2 via Config file: TinyXML2_DIR-NOTFOUND
[1.037s] -- Found TinyXML2 via Config file: TinyXML2_DIR-NOTFOUND
[1.046s] -- Using RMW implementation 'rmw_fastrtps_cpp' as default
[1.055s] -- Looking for pthread.h
[1.185s] -- Looking for pthread.h - found
[1.186s] -- Performing Test CMAKE_HAVE_LIBC_PTHREAD
[1.318s] -- Performing Test CMAKE_HAVE_LIBC_PTHREAD - Success
[1.320s] -- Found Threads: TRUE  
[1.373s] -- Found PkgConfig: /usr/bin/pkg-config (found version "0.29.2") 
[1.375s] -- Checking for module 'bullet>=2.82'
[1.389s] --   Found bullet, version 3.05
[1.498s] -- Found fcl: /usr/include (found suitable version "0.7.0", minimum required is "0.5.0") 
[1.551s] -- Found assimp: /usr/include (found version "5.2.0") 
[1.566s] -- Found DART: /usr/include (Required is at least version "6.6") found components: dart 
[1.593s] -- Found Boost: /usr/lib/x86_64-linux-gnu/cmake/Boost-1.74.0/BoostConfig.cmake (found suitable version "1.74.0", minimum required is "1.40.0") found components: thread system filesystem program_options regex iostreams date_time 
[1.604s] -- Found Protobuf: /usr/lib/x86_64-linux-gnu/libprotobuf.so (found version "3.12.4") 
[1.608s] -- Looking for ignition-math6 -- found version 6.15.1
[1.614s] -- Searching for dependencies of ignition-math6
[1.615s] -- Looking for OGRE...
[1.616s] -- OGRE_PREFIX_WATCH changed.
[1.621s] -- Checking for module 'OGRE'
[1.635s] --   Found OGRE, version 1.9.0
[1.669s] -- Found Ogre Ghadamon (1.9.0)
[1.675s] -- Found OGRE: optimized;/usr/lib/x86_64-linux-gnu/libOgreMain.so;debug;/usr/lib/x86_64-linux-gnu/libOgreMain.so
[1.684s] -- Looking for OGRE_Paging...
[1.687s] -- Found OGRE_Paging: optimized;/usr/lib/x86_64-linux-gnu/libOgrePaging.so;debug;/usr/lib/x86_64-linux-gnu/libOgrePaging.so
[1.687s] -- Looking for OGRE_Terrain...
[1.690s] -- Found OGRE_Terrain: optimized;/usr/lib/x86_64-linux-gnu/libOgreTerrain.so;debug;/usr/lib/x86_64-linux-gnu/libOgreTerrain.so
[1.690s] -- Looking for OGRE_Property...
[1.693s] -- Found OGRE_Property: optimized;/usr/lib/x86_64-linux-gnu/libOgreProperty.so;debug;/usr/lib/x86_64-linux-gnu/libOgreProperty.so
[1.693s] -- Looking for OGRE_RTShaderSystem...
[1.696s] -- Found OGRE_RTShaderSystem: optimized;/usr/lib/x86_64-linux-gnu/libOgreRTShaderSystem.so;debug;/usr/lib/x86_64-linux-gnu/libOgreRTShaderSystem.so
[1.696s] -- Looking for OGRE_Volume...
[1.699s] -- Found OGRE_Volume: optimized;/usr/lib/x86_64-linux-gnu/libOgreVolume.so;debug;/usr/lib/x86_64-linux-gnu/libOgreVolume.so
[1.699s] -- Looking for OGRE_Overlay...
[1.702s] -- Found OGRE_Overlay: optimized;/usr/lib/x86_64-linux-gnu/libOgreOverlay.so;debug;/usr/lib/x86_64-linux-gnu/libOgreOverlay.so
[1.770s] -- Looking for ignition-math6 -- found version 6.15.1
[1.772s] -- Looking for ignition-transport8 -- found version 8.2.1
[1.772s] -- Searching for dependencies of ignition-transport8
[1.788s] -- Found Protobuf: /usr/lib/x86_64-linux-gnu/libprotobuf.so (found suitable version "3.12.4", minimum required is "3") 
[1.797s] -- Config-file not installed for ZeroMQ -- checking for pkg-config
[1.802s] -- Checking for module 'libzmq >= 4'
[1.816s] --   Found libzmq , version 4.3.4
[1.858s] -- Found ZeroMQ: TRUE (Required is at least version "4") 
[1.864s] -- Checking for module 'uuid'
[1.877s] --   Found uuid, version 2.37.2
[1.913s] -- Found UUID: TRUE  
[1.915s] -- Looking for ignition-msgs5 -- found version 5.8.1
[1.916s] -- Searching for dependencies of ignition-msgs5
[1.933s] -- Looking for ignition-math6 -- found version 6.15.1
[1.938s] -- Checking for module 'tinyxml2'
[1.950s] --   Found tinyxml2, version 9.0.0
[1.986s] -- Looking for ignition-msgs5 -- found version 5.8.1
[1.988s] -- Looking for ignition-common3 -- found version 3.14.0
[1.988s] -- Searching for dependencies of ignition-common3
[1.988s] -- Looking for dlfcn.h - found
[1.989s] -- Looking for libdl - found
[1.990s] -- Found DL: TRUE  
[2.000s] -- Found tinyobjloader: /usr/lib/x86_64-linux-gnu/cmake/tinyobjloader/tinyobjloader-config.cmake (found version "2.0.0") 
[2.001s] -- Searching for <ignition-common3> component [graphics]
[2.003s] -- Looking for ignition-common3-graphics -- found version 3.14.0
[2.003s] -- Searching for dependencies of ignition-common3-graphics
[2.003s] -- Looking for ignition-math6 -- found version 6.15.1
[2.006s] -- Looking for ignition-fuel_tools4 -- found version 4.4.0
[2.006s] -- Searching for dependencies of ignition-fuel_tools4
[2.084s] -- Found CURL: /usr/lib/x86_64-linux-gnu/libcurl.so (found version "7.81.0")  
[2.096s] -- Checking for module 'jsoncpp'
[2.110s] --   Found jsoncpp, version 1.9.5
[2.147s] -- Found JSONCPP: TRUE  
[2.153s] -- Checking for module 'libzip'
[2.167s] --   Found libzip, version 1.7.3
[2.202s] -- Found ZIP: TRUE  
[2.203s] -- Looking for ignition-common3 -- found version 3.14.0
[2.203s] -- Looking for ignition-math6 -- found version 6.15.1
[2.204s] -- Looking for ignition-msgs5 -- found version 5.8.1
[2.206s] -- Gazebo version: 11.10
[2.207s] -- Checking for module 'tbb'
[2.222s] --   Found tbb, version 2021.5.0
[2.259s] -- Found rosidl_default_generators: 1.2.1 (/opt/ros/humble/share/rosidl_default_generators/cmake)
[2.595s] -- Found ament_cmake_ros: 0.10.0 (/opt/ros/humble/share/ament_cmake_ros/cmake)
[3.108s] -- Using all available rosidl_typesupport_c: rosidl_typesupport_fastrtps_c;rosidl_typesupport_introspection_c
[3.305s] -- Using all available rosidl_typesupport_cpp: rosidl_typesupport_fastrtps_cpp;rosidl_typesupport_introspection_cpp
[3.331s] -- Found PythonInterp: /usr/bin/python3 (found suitable version "3.10.12", minimum required is "3.6") 
[3.333s] -- Found python_cmake_module: 0.10.0 (/opt/ros/humble/share/python_cmake_module/cmake)
[3.358s] -- Found PythonLibs: /usr/lib/x86_64-linux-gnu/libpython3.10.so (found suitable version "3.10.12", minimum required is "3.5") 
[3.358s] -- Using PYTHON_EXECUTABLE: /usr/bin/python3
[3.358s] -- Using PYTHON_INCLUDE_DIRS: /usr/include/python3.10
[3.358s] -- Using PYTHON_LIBRARIES: /usr/lib/x86_64-linux-gnu/libpython3.10.so
[3.377s] -- Found PythonExtra: .so  
[3.557s] -- Found ament_lint_auto: 0.12.15 (/opt/ros/humble/share/ament_lint_auto/cmake)
[3.583s] -- Added test 'flake8' to check Python code syntax and style conventions
[3.583s] -- Added test 'lint_cmake' to check CMake code style
[3.584s] -- Added test 'pep257' to check Python code against some of the docstring style conventions in PEP 257
[3.585s] -- Added test 'xmllint' to check XML markup files
[3.589s] -- Configuring done
[3.629s] -- Generating done
[3.652s] -- Build files have been written to: /home/q/mower_description_ws/build/mower_description
[3.666s] Invoked command in '/home/q/mower_description_ws/build/mower_description' returned '0': CMAKE_PREFIX_PATH=/opt/ros/humble /usr/bin/cmake /home/q/mower_description_ws/src/mower_description -DCMAKE_INSTALL_PREFIX=/home/q/mower_description_ws/install/mower_description
[3.668s] Invoking command in '/home/q/mower_description_ws/build/mower_description': CMAKE_PREFIX_PATH=/opt/ros/humble /usr/bin/cmake --build /home/q/mower_description_ws/build/mower_description -- -j24 -l24
[3.714s] [  3%] [34m[1mGenerating C code for ROS interfaces[0m
[3.724s] [  6%] [34m[1mGenerating Rust code for ROS interfaces[0m
[3.725s] [  9%] [34m[1mGenerating C++ code for ROS interfaces[0m
[3.735s] [  9%] Built target ament_cmake_python_copy_mower_description
[3.935s] [  9%] Built target mower_description__rs
[3.946s] [ 12%] [32mBuilding C object CMakeFiles/mower_description__rosidl_generator_c.dir/rosidl_generator_c/mower_description/srv/detail/cutting_motor_control__functions.c.o[0m
[3.967s] [ 12%] Built target mower_description__cpp
[3.980s] [ 15%] [34m[1mGenerating C++ introspection for ROS interfaces[0m
[3.980s] [ 18%] [34m[1mGenerating C++ type support dispatch for ROS interfaces[0m
[3.980s] [ 21%] [34m[1mGenerating C++ type support for eProsima Fast-RTPS[0m
[4.003s] running egg_info
[4.004s] creating mower_description.egg-info
[4.004s] writing mower_description.egg-info/PKG-INFO
[4.004s] writing dependency_links to mower_description.egg-info/dependency_links.txt
[4.005s] writing top-level names to mower_description.egg-info/top_level.txt
[4.005s] writing manifest file 'mower_description.egg-info/SOURCES.txt'
[4.007s] reading manifest file 'mower_description.egg-info/SOURCES.txt'
[4.008s] writing manifest file 'mower_description.egg-info/SOURCES.txt'
[4.041s] [ 21%] Built target ament_cmake_python_build_mower_description_egg
[4.066s] [ 25%] [32m[1mLinking C shared library libmower_description__rosidl_generator_c.so[0m
[4.109s] [ 25%] Built target mower_description__rosidl_generator_c
[4.122s] [ 28%] [34m[1mGenerating C type support dispatch for ROS interfaces[0m
[4.123s] [ 31%] [34m[1mGenerating C type support for eProsima Fast-RTPS[0m
[4.123s] [ 34%] [34m[1mGenerating C introspection for ROS interfaces[0m
[4.223s] [ 37%] [32mBuilding CXX object CMakeFiles/mower_description__rosidl_typesupport_cpp.dir/rosidl_typesupport_cpp/mower_description/srv/cutting_motor_control__type_support.cpp.o[0m
[4.230s] [ 40%] [32mBuilding CXX object CMakeFiles/mower_description__rosidl_typesupport_fastrtps_cpp.dir/rosidl_typesupport_fastrtps_cpp/mower_description/srv/detail/dds_fastrtps/cutting_motor_control__type_support.cpp.o[0m
[4.285s] [ 43%] [32mBuilding CXX object CMakeFiles/mower_description__rosidl_typesupport_introspection_cpp.dir/rosidl_typesupport_introspection_cpp/mower_description/srv/detail/cutting_motor_control__type_support.cpp.o[0m
[4.334s] [ 46%] [32mBuilding CXX object CMakeFiles/mower_description__rosidl_typesupport_c.dir/rosidl_typesupport_c/mower_description/srv/cutting_motor_control__type_support.cpp.o[0m
[4.356s] [ 50%] [32mBuilding C object CMakeFiles/mower_description__rosidl_typesupport_introspection_c.dir/rosidl_typesupport_introspection_c/mower_description/srv/detail/cutting_motor_control__type_support.c.o[0m
[4.375s] [ 53%] [32mBuilding CXX object CMakeFiles/mower_description__rosidl_typesupport_fastrtps_c.dir/rosidl_typesupport_fastrtps_c/mower_description/srv/detail/cutting_motor_control__type_support_c.cpp.o[0m
[4.443s] [ 56%] [32m[1mLinking C shared library libmower_description__rosidl_typesupport_introspection_c.so[0m
[4.480s] [ 59%] [32m[1mLinking CXX shared library libmower_description__rosidl_typesupport_c.so[0m
[4.483s] [ 59%] Built target mower_description__rosidl_typesupport_introspection_c
[4.533s] [ 59%] Built target mower_description__rosidl_typesupport_c
[4.586s] [ 62%] [32m[1mLinking CXX shared library libmower_description__rosidl_typesupport_cpp.so[0m
[4.635s] [ 62%] Built target mower_description__rosidl_typesupport_cpp
[4.701s] [ 65%] [32m[1mLinking CXX shared library libmower_description__rosidl_typesupport_fastrtps_c.so[0m
[4.713s] [ 68%] [32m[1mLinking CXX shared library libmower_description__rosidl_typesupport_introspection_cpp.so[0m
[4.763s] [ 71%] [32m[1mLinking CXX shared library libmower_description__rosidl_typesupport_fastrtps_cpp.so[0m
[4.772s] [ 71%] Built target mower_description__rosidl_typesupport_fastrtps_c
[4.779s] [ 71%] Built target mower_description__rosidl_typesupport_introspection_cpp
[4.825s] [ 71%] Built target mower_description__rosidl_typesupport_fastrtps_cpp
[4.849s] [ 71%] Built target mower_description
[4.875s] [ 75%] [34m[1mGenerating Python code for ROS interfaces[0m
[5.156s] [ 75%] Built target mower_description__py
[5.179s] [ 78%] [32mBuilding C object CMakeFiles/mower_description__rosidl_generator_py.dir/rosidl_generator_py/mower_description/srv/_cutting_motor_control_s.c.o[0m
[5.316s] [ 81%] [32m[1mLinking C shared library rosidl_generator_py/mower_description/libmower_description__rosidl_generator_py.so[0m
[5.374s] [ 81%] Built target mower_description__rosidl_generator_py
[5.404s] [ 84%] [32mBuilding C object CMakeFiles/mower_description__rosidl_typesupport_introspection_c__pyext.dir/rosidl_generator_py/mower_description/_mower_description_s.ep.rosidl_typesupport_introspection_c.c.o[0m
[5.404s] [ 87%] [32mBuilding C object CMakeFiles/mower_description__rosidl_typesupport_fastrtps_c__pyext.dir/rosidl_generator_py/mower_description/_mower_description_s.ep.rosidl_typesupport_fastrtps_c.c.o[0m
[5.405s] [ 90%] [32mBuilding C object CMakeFiles/mower_description__rosidl_typesupport_c__pyext.dir/rosidl_generator_py/mower_description/_mower_description_s.ep.rosidl_typesupport_c.c.o[0m
[5.595s] [ 93%] [32m[1mLinking C shared library rosidl_generator_py/mower_description/mower_description_s__rosidl_typesupport_introspection_c.cpython-310-x86_64-linux-gnu.so[0m
[5.595s] [ 96%] [32m[1mLinking C shared library rosidl_generator_py/mower_description/mower_description_s__rosidl_typesupport_c.cpython-310-x86_64-linux-gnu.so[0m
[5.596s] [100%] [32m[1mLinking C shared library rosidl_generator_py/mower_description/mower_description_s__rosidl_typesupport_fastrtps_c.cpython-310-x86_64-linux-gnu.so[0m
[5.639s] [100%] Built target mower_description__rosidl_typesupport_c__pyext
[5.641s] [100%] Built target mower_description__rosidl_typesupport_fastrtps_c__pyext
[5.646s] [100%] Built target mower_description__rosidl_typesupport_introspection_c__pyext
[5.656s] Invoked command in '/home/q/mower_description_ws/build/mower_description' returned '0': CMAKE_PREFIX_PATH=/opt/ros/humble /usr/bin/cmake --build /home/q/mower_description_ws/build/mower_description -- -j24 -l24
[5.666s] Invoking command in '/home/q/mower_description_ws/build/mower_description': CMAKE_PREFIX_PATH=/opt/ros/humble /usr/bin/cmake --install /home/q/mower_description_ws/build/mower_description
[5.675s] -- Install configuration: ""
[5.675s] -- Installing: /home/q/mower_description_ws/install/mower_description/share/ament_index/resource_index/rosidl_interfaces/mower_description
[5.676s] -- Installing: /home/q/mower_description_ws/install/mower_description/include/mower_description/mower_description
[5.676s] -- Installing: /home/q/mower_description_ws/install/mower_description/include/mower_description/mower_description/msg
[5.676s] -- Installing: /home/q/mower_description_ws/install/mower_description/include/mower_description/mower_description/msg/rosidl_generator_c__visibility_control.h
[5.676s] -- Installing: /home/q/mower_description_ws/install/mower_description/include/mower_description/mower_description/srv
[5.676s] -- Installing: /home/q/mower_description_ws/install/mower_description/include/mower_description/mower_description/srv/cutting_motor_control.h
[5.676s] -- Installing: /home/q/mower_description_ws/install/mower_description/include/mower_description/mower_description/srv/detail
[5.676s] -- Installing: /home/q/mower_description_ws/install/mower_description/include/mower_description/mower_description/srv/detail/cutting_motor_control__functions.c
[5.677s] -- Installing: /home/q/mower_description_ws/install/mower_description/include/mower_description/mower_description/srv/detail/cutting_motor_control__struct.h
[5.677s] -- Installing: /home/q/mower_description_ws/install/mower_description/include/mower_description/mower_description/srv/detail/cutting_motor_control__type_support.h
[5.677s] -- Installing: /home/q/mower_description_ws/install/mower_description/include/mower_description/mower_description/srv/detail/cutting_motor_control__functions.h
[5.677s] -- Installing: /home/q/mower_description_ws/install/mower_description/share/mower_description/environment/library_path.sh
[5.677s] -- Installing: /home/q/mower_description_ws/install/mower_description/share/mower_description/environment/library_path.dsv
[5.678s] -- Installing: /home/q/mower_description_ws/install/mower_description/lib/libmower_description__rosidl_generator_c.so
[5.679s] -- Set runtime path of "/home/q/mower_description_ws/install/mower_description/lib/libmower_description__rosidl_generator_c.so" to ""
[5.679s] -- Up-to-date: /home/q/mower_description_ws/install/mower_description/include/mower_description/mower_description
[5.679s] -- Up-to-date: /home/q/mower_description_ws/install/mower_description/include/mower_description/mower_description/msg
[5.679s] -- Installing: /home/q/mower_description_ws/install/mower_description/include/mower_description/mower_description/msg/rosidl_typesupport_fastrtps_c__visibility_control.h
[5.679s] -- Up-to-date: /home/q/mower_description_ws/install/mower_description/include/mower_description/mower_description/srv
[5.679s] -- Up-to-date: /home/q/mower_description_ws/install/mower_description/include/mower_description/mower_description/srv/detail
[5.679s] -- Installing: /home/q/mower_description_ws/install/mower_description/include/mower_description/mower_description/srv/detail/cutting_motor_control__rosidl_typesupport_fastrtps_c.h
[5.680s] -- Installing: /home/q/mower_description_ws/install/mower_description/lib/libmower_description__rosidl_typesupport_fastrtps_c.so
[5.681s] -- Set runtime path of "/home/q/mower_description_ws/install/mower_description/lib/libmower_description__rosidl_typesupport_fastrtps_c.so" to ""
[5.681s] -- Up-to-date: /home/q/mower_description_ws/install/mower_description/include/mower_description/mower_description
[5.681s] -- Up-to-date: /home/q/mower_description_ws/install/mower_description/include/mower_description/mower_description/msg
[5.681s] -- Installing: /home/q/mower_description_ws/install/mower_description/include/mower_description/mower_description/msg/rosidl_generator_cpp__visibility_control.hpp
[5.681s] -- Up-to-date: /home/q/mower_description_ws/install/mower_description/include/mower_description/mower_description/srv
[5.681s] -- Up-to-date: /home/q/mower_description_ws/install/mower_description/include/mower_description/mower_description/srv/detail
[5.681s] -- Installing: /home/q/mower_description_ws/install/mower_description/include/mower_description/mower_description/srv/detail/cutting_motor_control__struct.hpp
[5.682s] -- Installing: /home/q/mower_description_ws/install/mower_description/include/mower_description/mower_description/srv/detail/cutting_motor_control__builder.hpp
[5.682s] -- Installing: /home/q/mower_description_ws/install/mower_description/include/mower_description/mower_description/srv/detail/cutting_motor_control__traits.hpp
[5.683s] -- Installing: /home/q/mower_description_ws/install/mower_description/include/mower_description/mower_description/srv/detail/cutting_motor_control__type_support.hpp
[5.683s] -- Installing: /home/q/mower_description_ws/install/mower_description/include/mower_description/mower_description/srv/cutting_motor_control.hpp
[5.683s] -- Up-to-date: /home/q/mower_description_ws/install/mower_description/include/mower_description/mower_description
[5.683s] -- Up-to-date: /home/q/mower_description_ws/install/mower_description/include/mower_description/mower_description/msg
[5.683s] -- Installing: /home/q/mower_description_ws/install/mower_description/include/mower_description/mower_description/msg/rosidl_typesupport_fastrtps_cpp__visibility_control.h
[5.684s] -- Up-to-date: /home/q/mower_description_ws/install/mower_description/include/mower_description/mower_description/srv
[5.684s] -- Up-to-date: /home/q/mower_description_ws/install/mower_description/include/mower_description/mower_description/srv/detail
[5.684s] -- Installing: /home/q/mower_description_ws/install/mower_description/include/mower_description/mower_description/srv/detail/dds_fastrtps
[5.684s] -- Installing: /home/q/mower_description_ws/install/mower_description/include/mower_description/mower_description/srv/detail/cutting_motor_control__rosidl_typesupport_fastrtps_cpp.hpp
[5.684s] -- Installing: /home/q/mower_description_ws/install/mower_description/lib/libmower_description__rosidl_typesupport_fastrtps_cpp.so
[5.686s] -- Set runtime path of "/home/q/mower_description_ws/install/mower_description/lib/libmower_description__rosidl_typesupport_fastrtps_cpp.so" to ""
[5.686s] -- Up-to-date: /home/q/mower_description_ws/install/mower_description/include/mower_description/mower_description
[5.686s] -- Up-to-date: /home/q/mower_description_ws/install/mower_description/include/mower_description/mower_description/msg
[5.686s] -- Installing: /home/q/mower_description_ws/install/mower_description/include/mower_description/mower_description/msg/rosidl_typesupport_introspection_c__visibility_control.h
[5.686s] -- Up-to-date: /home/q/mower_description_ws/install/mower_description/include/mower_description/mower_description/srv
[5.686s] -- Up-to-date: /home/q/mower_description_ws/install/mower_description/include/mower_description/mower_description/srv/detail
[5.686s] -- Installing: /home/q/mower_description_ws/install/mower_description/include/mower_description/mower_description/srv/detail/cutting_motor_control__type_support.c
[5.686s] -- Installing: /home/q/mower_description_ws/install/mower_description/include/mower_description/mower_description/srv/detail/cutting_motor_control__rosidl_typesupport_introspection_c.h
[5.687s] -- Installing: /home/q/mower_description_ws/install/mower_description/lib/libmower_description__rosidl_typesupport_introspection_c.so
[5.688s] -- Set runtime path of "/home/q/mower_description_ws/install/mower_description/lib/libmower_description__rosidl_typesupport_introspection_c.so" to ""
[5.688s] -- Installing: /home/q/mower_description_ws/install/mower_description/lib/libmower_description__rosidl_typesupport_c.so
[5.689s] -- Set runtime path of "/home/q/mower_description_ws/install/mower_description/lib/libmower_description__rosidl_typesupport_c.so" to ""
[5.689s] -- Up-to-date: /home/q/mower_description_ws/install/mower_description/include/mower_description/mower_description
[5.689s] -- Up-to-date: /home/q/mower_description_ws/install/mower_description/include/mower_description/mower_description/srv
[5.689s] -- Up-to-date: /home/q/mower_description_ws/install/mower_description/include/mower_description/mower_description/srv/detail
[5.689s] -- Installing: /home/q/mower_description_ws/install/mower_description/include/mower_description/mower_description/srv/detail/cutting_motor_control__type_support.cpp
[5.689s] -- Installing: /home/q/mower_description_ws/install/mower_description/include/mower_description/mower_description/srv/detail/cutting_motor_control__rosidl_typesupport_introspection_cpp.hpp
[5.690s] -- Installing: /home/q/mower_description_ws/install/mower_description/lib/libmower_description__rosidl_typesupport_introspection_cpp.so
[5.691s] -- Set runtime path of "/home/q/mower_description_ws/install/mower_description/lib/libmower_description__rosidl_typesupport_introspection_cpp.so" to ""
[5.691s] -- Installing: /home/q/mower_description_ws/install/mower_description/lib/libmower_description__rosidl_typesupport_cpp.so
[5.692s] -- Set runtime path of "/home/q/mower_description_ws/install/mower_description/lib/libmower_description__rosidl_typesupport_cpp.so" to ""
[5.692s] -- Installing: /home/q/mower_description_ws/install/mower_description/share/mower_description/environment/pythonpath.sh
[5.692s] -- Installing: /home/q/mower_description_ws/install/mower_description/share/mower_description/environment/pythonpath.dsv
[5.693s] -- Installing: /home/q/mower_description_ws/install/mower_description/local/lib/python3.10/dist-packages/mower_description-0.0.0-py3.10.egg-info
[5.693s] -- Installing: /home/q/mower_description_ws/install/mower_description/local/lib/python3.10/dist-packages/mower_description-0.0.0-py3.10.egg-info/dependency_links.txt
[5.693s] -- Installing: /home/q/mower_description_ws/install/mower_description/local/lib/python3.10/dist-packages/mower_description-0.0.0-py3.10.egg-info/SOURCES.txt
[5.694s] -- Installing: /home/q/mower_description_ws/install/mower_description/local/lib/python3.10/dist-packages/mower_description-0.0.0-py3.10.egg-info/top_level.txt
[5.694s] -- Installing: /home/q/mower_description_ws/install/mower_description/local/lib/python3.10/dist-packages/mower_description-0.0.0-py3.10.egg-info/PKG-INFO
[5.694s] -- Installing: /home/q/mower_description_ws/install/mower_description/local/lib/python3.10/dist-packages/mower_description
[5.694s] -- Installing: /home/q/mower_description_ws/install/mower_description/local/lib/python3.10/dist-packages/mower_description/libmower_description__rosidl_generator_py.so
[5.695s] -- Installing: /home/q/mower_description_ws/install/mower_description/local/lib/python3.10/dist-packages/mower_description/mower_description_s__rosidl_typesupport_c.cpython-310-x86_64-linux-gnu.so
[5.695s] -- Installing: /home/q/mower_description_ws/install/mower_description/local/lib/python3.10/dist-packages/mower_description/mower_description_s__rosidl_typesupport_fastrtps_c.cpython-310-x86_64-linux-gnu.so
[5.696s] -- Installing: /home/q/mower_description_ws/install/mower_description/local/lib/python3.10/dist-packages/mower_description/__init__.py
[5.696s] -- Installing: /home/q/mower_description_ws/install/mower_description/local/lib/python3.10/dist-packages/mower_description/mower_description_s__rosidl_typesupport_introspection_c.cpython-310-x86_64-linux-gnu.so
[5.697s] -- Installing: /home/q/mower_description_ws/install/mower_description/local/lib/python3.10/dist-packages/mower_description/_mower_description_s.ep.rosidl_typesupport_fastrtps_c.c
[5.697s] -- Installing: /home/q/mower_description_ws/install/mower_description/local/lib/python3.10/dist-packages/mower_description/_mower_description_s.ep.rosidl_typesupport_introspection_c.c
[5.697s] -- Installing: /home/q/mower_description_ws/install/mower_description/local/lib/python3.10/dist-packages/mower_description/srv
[5.697s] -- Installing: /home/q/mower_description_ws/install/mower_description/local/lib/python3.10/dist-packages/mower_description/srv/_cutting_motor_control_s.c
[5.697s] -- Installing: /home/q/mower_description_ws/install/mower_description/local/lib/python3.10/dist-packages/mower_description/srv/__init__.py
[5.698s] -- Installing: /home/q/mower_description_ws/install/mower_description/local/lib/python3.10/dist-packages/mower_description/srv/_cutting_motor_control.py
[5.698s] -- Installing: /home/q/mower_description_ws/install/mower_description/local/lib/python3.10/dist-packages/mower_description/_mower_description_s.ep.rosidl_typesupport_c.c
[5.750s] Listing '/home/q/mower_description_ws/install/mower_description/local/lib/python3.10/dist-packages/mower_description'...
[5.750s] Compiling '/home/q/mower_description_ws/install/mower_description/local/lib/python3.10/dist-packages/mower_description/__init__.py'...
[5.750s] Listing '/home/q/mower_description_ws/install/mower_description/local/lib/python3.10/dist-packages/mower_description/srv'...
[5.750s] Compiling '/home/q/mower_description_ws/install/mower_description/local/lib/python3.10/dist-packages/mower_description/srv/__init__.py'...
[5.750s] Compiling '/home/q/mower_description_ws/install/mower_description/local/lib/python3.10/dist-packages/mower_description/srv/_cutting_motor_control.py'...
[5.754s] -- Installing: /home/q/mower_description_ws/install/mower_description/local/lib/python3.10/dist-packages/mower_description/mower_description_s__rosidl_typesupport_fastrtps_c.cpython-310-x86_64-linux-gnu.so
[5.755s] -- Set runtime path of "/home/q/mower_description_ws/install/mower_description/local/lib/python3.10/dist-packages/mower_description/mower_description_s__rosidl_typesupport_fastrtps_c.cpython-310-x86_64-linux-gnu.so" to ""
[5.756s] -- Installing: /home/q/mower_description_ws/install/mower_description/local/lib/python3.10/dist-packages/mower_description/mower_description_s__rosidl_typesupport_introspection_c.cpython-310-x86_64-linux-gnu.so
[5.756s] -- Set runtime path of "/home/q/mower_description_ws/install/mower_description/local/lib/python3.10/dist-packages/mower_description/mower_description_s__rosidl_typesupport_introspection_c.cpython-310-x86_64-linux-gnu.so" to ""
[5.757s] -- Installing: /home/q/mower_description_ws/install/mower_description/local/lib/python3.10/dist-packages/mower_description/mower_description_s__rosidl_typesupport_c.cpython-310-x86_64-linux-gnu.so
[5.758s] -- Set runtime path of "/home/q/mower_description_ws/install/mower_description/local/lib/python3.10/dist-packages/mower_description/mower_description_s__rosidl_typesupport_c.cpython-310-x86_64-linux-gnu.so" to ""
[5.758s] -- Installing: /home/q/mower_description_ws/install/mower_description/lib/libmower_description__rosidl_generator_py.so
[5.759s] -- Set runtime path of "/home/q/mower_description_ws/install/mower_description/lib/libmower_description__rosidl_generator_py.so" to ""
[5.759s] -- Installing: /home/q/mower_description_ws/install/mower_description/share/ament_index/resource_index/rust_packages/mower_description
[5.759s] -- Installing: /home/q/mower_description_ws/install/mower_description/share/mower_description/rust
[5.759s] -- Installing: /home/q/mower_description_ws/install/mower_description/share/mower_description/rust/Cargo.toml
[5.759s] -- Installing: /home/q/mower_description_ws/install/mower_description/share/mower_description/rust/src
[5.759s] -- Installing: /home/q/mower_description_ws/install/mower_description/share/mower_description/rust/src/srv.rs
[5.760s] -- Installing: /home/q/mower_description_ws/install/mower_description/share/mower_description/rust/src/lib.rs
[5.760s] -- Installing: /home/q/mower_description_ws/install/mower_description/share/mower_description/rust/src/srv
[5.760s] -- Installing: /home/q/mower_description_ws/install/mower_description/share/mower_description/rust/src/srv/rmw.rs
[5.760s] -- Installing: /home/q/mower_description_ws/install/mower_description/share/mower_description/rust/build.rs
[5.761s] -- Installing: /home/q/mower_description_ws/install/mower_description/share/mower_description/srv/CuttingMotorControl.idl
[5.761s] -- Installing: /home/q/mower_description_ws/install/mower_description/share/mower_description/srv/CuttingMotorControl.srv
[5.761s] -- Installing: /home/q/mower_description_ws/install/mower_description/share/mower_description/srv/CuttingMotorControl_Request.msg
[5.762s] -- Installing: /home/q/mower_description_ws/install/mower_description/share/mower_description/srv/CuttingMotorControl_Response.msg
[5.762s] -- Installing: /home/q/mower_description_ws/install/mower_description/lib/mower_description/cutting_motor_controller.py
[5.762s] -- Installing: /home/q/mower_description_ws/install/mower_description/lib/mower_description/gear_marker_publisher.py
[5.763s] -- Installing: /home/q/mower_description_ws/install/mower_description/share/mower_description/launch
[5.763s] -- Installing: /home/q/mower_description_ws/install/mower_description/share/mower_description/launch/mower_gazebo.launch.py
[5.763s] -- Installing: /home/q/mower_description_ws/install/mower_description/share/mower_description/urdf
[5.763s] -- Installing: /home/q/mower_description_ws/install/mower_description/share/mower_description/urdf/mower.urdf
[5.764s] -- Installing: /home/q/mower_description_ws/install/mower_description/share/mower_description/worlds
[5.764s] -- Installing: /home/q/mower_description_ws/install/mower_description/share/mower_description/worlds/room_world.world
[5.764s] -- Installing: /home/q/mower_description_ws/install/mower_description/share/mower_description/worlds/room_world_open.world
[5.765s] -- Installing: /home/q/mower_description_ws/install/mower_description/share/mower_description/worlds/mower_world.world
[5.765s] -- Installing: /home/q/mower_description_ws/install/mower_description/share/mower_description/config
[5.765s] -- Installing: /home/q/mower_description_ws/install/mower_description/share/mower_description/config/rviz
[5.765s] -- Installing: /home/q/mower_description_ws/install/mower_description/share/mower_description/config/rviz/mower_gazebo.rviz
[5.765s] -- Installing: /home/q/mower_description_ws/install/mower_description/share/ament_index/resource_index/package_run_dependencies/mower_description
[5.766s] -- Installing: /home/q/mower_description_ws/install/mower_description/share/ament_index/resource_index/parent_prefix_path/mower_description
[5.766s] -- Installing: /home/q/mower_description_ws/install/mower_description/share/mower_description/environment/ament_prefix_path.sh
[5.766s] -- Installing: /home/q/mower_description_ws/install/mower_description/share/mower_description/environment/ament_prefix_path.dsv
[5.767s] -- Installing: /home/q/mower_description_ws/install/mower_description/share/mower_description/environment/path.sh
[5.767s] -- Installing: /home/q/mower_description_ws/install/mower_description/share/mower_description/environment/path.dsv
[5.767s] -- Installing: /home/q/mower_description_ws/install/mower_description/share/mower_description/local_setup.bash
[5.768s] -- Installing: /home/q/mower_description_ws/install/mower_description/share/mower_description/local_setup.sh
[5.768s] -- Installing: /home/q/mower_description_ws/install/mower_description/share/mower_description/local_setup.zsh
[5.768s] -- Installing: /home/q/mower_description_ws/install/mower_description/share/mower_description/local_setup.dsv
[5.768s] -- Installing: /home/q/mower_description_ws/install/mower_description/share/mower_description/package.dsv
[5.769s] -- Installing: /home/q/mower_description_ws/install/mower_description/share/ament_index/resource_index/packages/mower_description
[5.769s] -- Installing: /home/q/mower_description_ws/install/mower_description/share/mower_description/cmake/export_mower_description__rosidl_generator_cExport.cmake
[5.769s] -- Installing: /home/q/mower_description_ws/install/mower_description/share/mower_description/cmake/export_mower_description__rosidl_generator_cExport-noconfig.cmake
[5.770s] -- Installing: /home/q/mower_description_ws/install/mower_description/share/mower_description/cmake/export_mower_description__rosidl_typesupport_fastrtps_cExport.cmake
[5.770s] -- Installing: /home/q/mower_description_ws/install/mower_description/share/mower_description/cmake/export_mower_description__rosidl_typesupport_fastrtps_cExport-noconfig.cmake
[5.771s] -- Installing: /home/q/mower_description_ws/install/mower_description/share/mower_description/cmake/export_mower_description__rosidl_generator_cppExport.cmake
[5.771s] -- Installing: /home/q/mower_description_ws/install/mower_description/share/mower_description/cmake/export_mower_description__rosidl_typesupport_fastrtps_cppExport.cmake
[5.772s] -- Installing: /home/q/mower_description_ws/install/mower_description/share/mower_description/cmake/export_mower_description__rosidl_typesupport_fastrtps_cppExport-noconfig.cmake
[5.772s] -- Installing: /home/q/mower_description_ws/install/mower_description/share/mower_description/cmake/mower_description__rosidl_typesupport_introspection_cExport.cmake
[5.773s] -- Installing: /home/q/mower_description_ws/install/mower_description/share/mower_description/cmake/mower_description__rosidl_typesupport_introspection_cExport-noconfig.cmake
[5.773s] -- Installing: /home/q/mower_description_ws/install/mower_description/share/mower_description/cmake/mower_description__rosidl_typesupport_cExport.cmake
[5.774s] -- Installing: /home/q/mower_description_ws/install/mower_description/share/mower_description/cmake/mower_description__rosidl_typesupport_cExport-noconfig.cmake
[5.774s] -- Installing: /home/q/mower_description_ws/install/mower_description/share/mower_description/cmake/mower_description__rosidl_typesupport_introspection_cppExport.cmake
[5.775s] -- Installing: /home/q/mower_description_ws/install/mower_description/share/mower_description/cmake/mower_description__rosidl_typesupport_introspection_cppExport-noconfig.cmake
[5.775s] -- Installing: /home/q/mower_description_ws/install/mower_description/share/mower_description/cmake/mower_description__rosidl_typesupport_cppExport.cmake
[5.776s] -- Installing: /home/q/mower_description_ws/install/mower_description/share/mower_description/cmake/mower_description__rosidl_typesupport_cppExport-noconfig.cmake
[5.776s] -- Installing: /home/q/mower_description_ws/install/mower_description/share/mower_description/cmake/export_mower_description__rosidl_generator_pyExport.cmake
[5.777s] -- Installing: /home/q/mower_description_ws/install/mower_description/share/mower_description/cmake/export_mower_description__rosidl_generator_pyExport-noconfig.cmake
[5.777s] -- Installing: /home/q/mower_description_ws/install/mower_description/share/mower_description/cmake/rosidl_cmake-extras.cmake
[5.778s] -- Installing: /home/q/mower_description_ws/install/mower_description/share/mower_description/cmake/ament_cmake_export_dependencies-extras.cmake
[5.778s] -- Installing: /home/q/mower_description_ws/install/mower_description/share/mower_description/cmake/ament_cmake_export_include_directories-extras.cmake
[5.778s] -- Installing: /home/q/mower_description_ws/install/mower_description/share/mower_description/cmake/ament_cmake_export_libraries-extras.cmake
[5.779s] -- Installing: /home/q/mower_description_ws/install/mower_description/share/mower_description/cmake/ament_cmake_export_targets-extras.cmake
[5.779s] -- Installing: /home/q/mower_description_ws/install/mower_description/share/mower_description/cmake/rosidl_cmake_export_typesupport_targets-extras.cmake
[5.779s] -- Installing: /home/q/mower_description_ws/install/mower_description/share/mower_description/cmake/rosidl_cmake_export_typesupport_libraries-extras.cmake
[5.780s] -- Installing: /home/q/mower_description_ws/install/mower_description/share/mower_description/cmake/mower_descriptionConfig.cmake
[5.780s] -- Installing: /home/q/mower_description_ws/install/mower_description/share/mower_description/cmake/mower_descriptionConfig-version.cmake
[5.780s] -- Installing: /home/q/mower_description_ws/install/mower_description/share/mower_description/package.xml
[5.783s] Invoked command in '/home/q/mower_description_ws/build/mower_description' returned '0': CMAKE_PREFIX_PATH=/opt/ros/humble /usr/bin/cmake --install /home/q/mower_description_ws/build/mower_description
