[0.011s] Invoking command in '/home/q/mower_description_ws/build/mower_description': CMAKE_PREFIX_PATH=${CMAKE_PREFIX_PATH}:/opt/ros/humble /usr/bin/cmake --build /home/q/mower_description_ws/build/mower_description -- -j24 -l24
[0.125s] [  3%] Built target mower_description__rs
[0.126s] [ 12%] Built target mower_description__rosidl_generator_c
[0.127s] [ 15%] Built target mower_description__cpp
[0.138s] [ 15%] Built target ament_cmake_python_copy_mower_description
[0.174s] [ 31%] Built target mower_description__rosidl_typesupport_fastrtps_c
[0.175s] [ 34%] Built target mower_description__rosidl_typesupport_cpp
[0.178s] [ 46%] Built target mower_description__rosidl_typesupport_introspection_cpp
[0.179s] [ 53%] Built target mower_description__rosidl_typesupport_introspection_c
[0.183s] [ 62%] Built target mower_description__rosidl_typesupport_c
[0.190s] [ 71%] Built target mower_description__rosidl_typesupport_fastrtps_cpp
[0.213s] [ 71%] Built target mower_description
[0.236s] [ 75%] Built target mower_description__py
[0.265s] [ 81%] Built target mower_description__rosidl_generator_py
[0.290s] [ 87%] Built target mower_description__rosidl_typesupport_introspection_c__pyext
[0.291s] [100%] Built target mower_description__rosidl_typesupport_fastrtps_c__pyext
[0.292s] [100%] Built target mower_description__rosidl_typesupport_c__pyext
[0.373s] running egg_info
[0.374s] writing mower_description.egg-info/PKG-INFO
[0.374s] writing dependency_links to mower_description.egg-info/dependency_links.txt
[0.374s] writing top-level names to mower_description.egg-info/top_level.txt
[0.376s] reading manifest file 'mower_description.egg-info/SOURCES.txt'
[0.377s] writing manifest file 'mower_description.egg-info/SOURCES.txt'
[0.399s] [100%] Built target ament_cmake_python_build_mower_description_egg
[0.411s] Invoked command in '/home/q/mower_description_ws/build/mower_description' returned '0': CMAKE_PREFIX_PATH=${CMAKE_PREFIX_PATH}:/opt/ros/humble /usr/bin/cmake --build /home/q/mower_description_ws/build/mower_description -- -j24 -l24
[0.434s] Invoking command in '/home/q/mower_description_ws/build/mower_description': CMAKE_PREFIX_PATH=${CMAKE_PREFIX_PATH}:/opt/ros/humble /usr/bin/cmake --install /home/q/mower_description_ws/build/mower_description
[0.446s] -- Install configuration: ""
[0.447s] -- Up-to-date: /home/q/mower_description_ws/install/mower_description/share/ament_index/resource_index/rosidl_interfaces/mower_description
[0.447s] -- Up-to-date: /home/q/mower_description_ws/install/mower_description/include/mower_description/mower_description
[0.447s] -- Up-to-date: /home/q/mower_description_ws/install/mower_description/include/mower_description/mower_description/msg
[0.447s] -- Up-to-date: /home/q/mower_description_ws/install/mower_description/include/mower_description/mower_description/msg/rosidl_generator_c__visibility_control.h
[0.447s] -- Up-to-date: /home/q/mower_description_ws/install/mower_description/include/mower_description/mower_description/srv
[0.447s] -- Up-to-date: /home/q/mower_description_ws/install/mower_description/include/mower_description/mower_description/srv/cutting_motor_control.h
[0.447s] -- Up-to-date: /home/q/mower_description_ws/install/mower_description/include/mower_description/mower_description/srv/detail
[0.447s] -- Up-to-date: /home/q/mower_description_ws/install/mower_description/include/mower_description/mower_description/srv/detail/cutting_motor_control__functions.c
[0.447s] -- Up-to-date: /home/q/mower_description_ws/install/mower_description/include/mower_description/mower_description/srv/detail/cutting_motor_control__struct.h
[0.447s] -- Up-to-date: /home/q/mower_description_ws/install/mower_description/include/mower_description/mower_description/srv/detail/cutting_motor_control__type_support.h
[0.447s] -- Up-to-date: /home/q/mower_description_ws/install/mower_description/include/mower_description/mower_description/srv/detail/cutting_motor_control__functions.h
[0.447s] -- Up-to-date: /home/q/mower_description_ws/install/mower_description/share/mower_description/environment/library_path.sh
[0.448s] -- Up-to-date: /home/q/mower_description_ws/install/mower_description/share/mower_description/environment/library_path.dsv
[0.448s] -- Up-to-date: /home/q/mower_description_ws/install/mower_description/lib/libmower_description__rosidl_generator_c.so
[0.448s] -- Up-to-date: /home/q/mower_description_ws/install/mower_description/include/mower_description/mower_description
[0.448s] -- Up-to-date: /home/q/mower_description_ws/install/mower_description/include/mower_description/mower_description/msg
[0.448s] -- Up-to-date: /home/q/mower_description_ws/install/mower_description/include/mower_description/mower_description/msg/rosidl_typesupport_fastrtps_c__visibility_control.h
[0.448s] -- Up-to-date: /home/q/mower_description_ws/install/mower_description/include/mower_description/mower_description/srv
[0.448s] -- Up-to-date: /home/q/mower_description_ws/install/mower_description/include/mower_description/mower_description/srv/detail
[0.448s] -- Up-to-date: /home/q/mower_description_ws/install/mower_description/include/mower_description/mower_description/srv/detail/cutting_motor_control__rosidl_typesupport_fastrtps_c.h
[0.448s] -- Up-to-date: /home/q/mower_description_ws/install/mower_description/lib/libmower_description__rosidl_typesupport_fastrtps_c.so
[0.448s] -- Up-to-date: /home/q/mower_description_ws/install/mower_description/include/mower_description/mower_description
[0.448s] -- Up-to-date: /home/q/mower_description_ws/install/mower_description/include/mower_description/mower_description/msg
[0.449s] -- Up-to-date: /home/q/mower_description_ws/install/mower_description/include/mower_description/mower_description/msg/rosidl_generator_cpp__visibility_control.hpp
[0.449s] -- Up-to-date: /home/q/mower_description_ws/install/mower_description/include/mower_description/mower_description/srv
[0.449s] -- Up-to-date: /home/q/mower_description_ws/install/mower_description/include/mower_description/mower_description/srv/detail
[0.449s] -- Up-to-date: /home/q/mower_description_ws/install/mower_description/include/mower_description/mower_description/srv/detail/cutting_motor_control__struct.hpp
[0.449s] -- Up-to-date: /home/q/mower_description_ws/install/mower_description/include/mower_description/mower_description/srv/detail/cutting_motor_control__builder.hpp
[0.449s] -- Up-to-date: /home/q/mower_description_ws/install/mower_description/include/mower_description/mower_description/srv/detail/cutting_motor_control__traits.hpp
[0.449s] -- Up-to-date: /home/q/mower_description_ws/install/mower_description/include/mower_description/mower_description/srv/detail/cutting_motor_control__type_support.hpp
[0.449s] -- Up-to-date: /home/q/mower_description_ws/install/mower_description/include/mower_description/mower_description/srv/cutting_motor_control.hpp
[0.449s] -- Up-to-date: /home/q/mower_description_ws/install/mower_description/include/mower_description/mower_description
[0.449s] -- Up-to-date: /home/q/mower_description_ws/install/mower_description/include/mower_description/mower_description/msg
[0.449s] -- Up-to-date: /home/q/mower_description_ws/install/mower_description/include/mower_description/mower_description/msg/rosidl_typesupport_fastrtps_cpp__visibility_control.h
[0.449s] -- Up-to-date: /home/q/mower_description_ws/install/mower_description/include/mower_description/mower_description/srv
[0.450s] -- Up-to-date: /home/q/mower_description_ws/install/mower_description/include/mower_description/mower_description/srv/detail
[0.450s] -- Up-to-date: /home/q/mower_description_ws/install/mower_description/include/mower_description/mower_description/srv/detail/dds_fastrtps
[0.450s] -- Up-to-date: /home/q/mower_description_ws/install/mower_description/include/mower_description/mower_description/srv/detail/cutting_motor_control__rosidl_typesupport_fastrtps_cpp.hpp
[0.450s] -- Up-to-date: /home/q/mower_description_ws/install/mower_description/lib/libmower_description__rosidl_typesupport_fastrtps_cpp.so
[0.450s] -- Up-to-date: /home/q/mower_description_ws/install/mower_description/include/mower_description/mower_description
[0.450s] -- Up-to-date: /home/q/mower_description_ws/install/mower_description/include/mower_description/mower_description/msg
[0.450s] -- Up-to-date: /home/q/mower_description_ws/install/mower_description/include/mower_description/mower_description/msg/rosidl_typesupport_introspection_c__visibility_control.h
[0.450s] -- Up-to-date: /home/q/mower_description_ws/install/mower_description/include/mower_description/mower_description/srv
[0.450s] -- Up-to-date: /home/q/mower_description_ws/install/mower_description/include/mower_description/mower_description/srv/detail
[0.450s] -- Up-to-date: /home/q/mower_description_ws/install/mower_description/include/mower_description/mower_description/srv/detail/cutting_motor_control__type_support.c
[0.450s] -- Up-to-date: /home/q/mower_description_ws/install/mower_description/include/mower_description/mower_description/srv/detail/cutting_motor_control__rosidl_typesupport_introspection_c.h
[0.450s] -- Up-to-date: /home/q/mower_description_ws/install/mower_description/lib/libmower_description__rosidl_typesupport_introspection_c.so
[0.450s] -- Up-to-date: /home/q/mower_description_ws/install/mower_description/lib/libmower_description__rosidl_typesupport_c.so
[0.450s] -- Up-to-date: /home/q/mower_description_ws/install/mower_description/include/mower_description/mower_description
[0.450s] -- Up-to-date: /home/q/mower_description_ws/install/mower_description/include/mower_description/mower_description/srv
[0.451s] -- Up-to-date: /home/q/mower_description_ws/install/mower_description/include/mower_description/mower_description/srv/detail
[0.451s] -- Up-to-date: /home/q/mower_description_ws/install/mower_description/include/mower_description/mower_description/srv/detail/cutting_motor_control__type_support.cpp
[0.451s] -- Up-to-date: /home/q/mower_description_ws/install/mower_description/include/mower_description/mower_description/srv/detail/cutting_motor_control__rosidl_typesupport_introspection_cpp.hpp
[0.451s] -- Up-to-date: /home/q/mower_description_ws/install/mower_description/lib/libmower_description__rosidl_typesupport_introspection_cpp.so
[0.451s] -- Up-to-date: /home/q/mower_description_ws/install/mower_description/lib/libmower_description__rosidl_typesupport_cpp.so
[0.451s] -- Up-to-date: /home/q/mower_description_ws/install/mower_description/share/mower_description/environment/pythonpath.sh
[0.452s] -- Up-to-date: /home/q/mower_description_ws/install/mower_description/share/mower_description/environment/pythonpath.dsv
[0.452s] -- Up-to-date: /home/q/mower_description_ws/install/mower_description/local/lib/python3.10/dist-packages/mower_description-0.0.0-py3.10.egg-info
[0.452s] -- Installing: /home/q/mower_description_ws/install/mower_description/local/lib/python3.10/dist-packages/mower_description-0.0.0-py3.10.egg-info/dependency_links.txt
[0.452s] -- Installing: /home/q/mower_description_ws/install/mower_description/local/lib/python3.10/dist-packages/mower_description-0.0.0-py3.10.egg-info/SOURCES.txt
[0.453s] -- Installing: /home/q/mower_description_ws/install/mower_description/local/lib/python3.10/dist-packages/mower_description-0.0.0-py3.10.egg-info/top_level.txt
[0.454s] -- Installing: /home/q/mower_description_ws/install/mower_description/local/lib/python3.10/dist-packages/mower_description-0.0.0-py3.10.egg-info/PKG-INFO
[0.455s] -- Up-to-date: /home/q/mower_description_ws/install/mower_description/local/lib/python3.10/dist-packages/mower_description
[0.455s] -- Up-to-date: /home/q/mower_description_ws/install/mower_description/local/lib/python3.10/dist-packages/mower_description/libmower_description__rosidl_generator_py.so
[0.455s] -- Up-to-date: /home/q/mower_description_ws/install/mower_description/local/lib/python3.10/dist-packages/mower_description/mower_description_s__rosidl_typesupport_c.cpython-310-x86_64-linux-gnu.so
[0.455s] -- Up-to-date: /home/q/mower_description_ws/install/mower_description/local/lib/python3.10/dist-packages/mower_description/mower_description_s__rosidl_typesupport_fastrtps_c.cpython-310-x86_64-linux-gnu.so
[0.455s] -- Up-to-date: /home/q/mower_description_ws/install/mower_description/local/lib/python3.10/dist-packages/mower_description/__init__.py
[0.455s] -- Up-to-date: /home/q/mower_description_ws/install/mower_description/local/lib/python3.10/dist-packages/mower_description/mower_description_s__rosidl_typesupport_introspection_c.cpython-310-x86_64-linux-gnu.so
[0.455s] -- Up-to-date: /home/q/mower_description_ws/install/mower_description/local/lib/python3.10/dist-packages/mower_description/_mower_description_s.ep.rosidl_typesupport_fastrtps_c.c
[0.456s] -- Up-to-date: /home/q/mower_description_ws/install/mower_description/local/lib/python3.10/dist-packages/mower_description/_mower_description_s.ep.rosidl_typesupport_introspection_c.c
[0.456s] -- Up-to-date: /home/q/mower_description_ws/install/mower_description/local/lib/python3.10/dist-packages/mower_description/srv
[0.456s] -- Up-to-date: /home/q/mower_description_ws/install/mower_description/local/lib/python3.10/dist-packages/mower_description/srv/_cutting_motor_control_s.c
[0.456s] -- Up-to-date: /home/q/mower_description_ws/install/mower_description/local/lib/python3.10/dist-packages/mower_description/srv/__init__.py
[0.456s] -- Up-to-date: /home/q/mower_description_ws/install/mower_description/local/lib/python3.10/dist-packages/mower_description/srv/_cutting_motor_control.py
[0.456s] -- Up-to-date: /home/q/mower_description_ws/install/mower_description/local/lib/python3.10/dist-packages/mower_description/_mower_description_s.ep.rosidl_typesupport_c.c
[0.485s] Listing '/home/q/mower_description_ws/install/mower_description/local/lib/python3.10/dist-packages/mower_description'...
[0.485s] Listing '/home/q/mower_description_ws/install/mower_description/local/lib/python3.10/dist-packages/mower_description/srv'...
[0.488s] -- Up-to-date: /home/q/mower_description_ws/install/mower_description/local/lib/python3.10/dist-packages/mower_description/mower_description_s__rosidl_typesupport_fastrtps_c.cpython-310-x86_64-linux-gnu.so
[0.488s] -- Up-to-date: /home/q/mower_description_ws/install/mower_description/local/lib/python3.10/dist-packages/mower_description/mower_description_s__rosidl_typesupport_introspection_c.cpython-310-x86_64-linux-gnu.so
[0.489s] -- Up-to-date: /home/q/mower_description_ws/install/mower_description/local/lib/python3.10/dist-packages/mower_description/mower_description_s__rosidl_typesupport_c.cpython-310-x86_64-linux-gnu.so
[0.490s] -- Up-to-date: /home/q/mower_description_ws/install/mower_description/lib/libmower_description__rosidl_generator_py.so
[0.490s] -- Up-to-date: /home/q/mower_description_ws/install/mower_description/share/ament_index/resource_index/rust_packages/mower_description
[0.491s] -- Up-to-date: /home/q/mower_description_ws/install/mower_description/share/mower_description/rust
[0.491s] -- Up-to-date: /home/q/mower_description_ws/install/mower_description/share/mower_description/rust/Cargo.toml
[0.491s] -- Up-to-date: /home/q/mower_description_ws/install/mower_description/share/mower_description/rust/src
[0.491s] -- Up-to-date: /home/q/mower_description_ws/install/mower_description/share/mower_description/rust/src/srv.rs
[0.491s] -- Up-to-date: /home/q/mower_description_ws/install/mower_description/share/mower_description/rust/src/lib.rs
[0.492s] -- Up-to-date: /home/q/mower_description_ws/install/mower_description/share/mower_description/rust/src/srv
[0.492s] -- Up-to-date: /home/q/mower_description_ws/install/mower_description/share/mower_description/rust/src/srv/rmw.rs
[0.492s] -- Up-to-date: /home/q/mower_description_ws/install/mower_description/share/mower_description/rust/build.rs
[0.492s] -- Up-to-date: /home/q/mower_description_ws/install/mower_description/share/mower_description/srv/CuttingMotorControl.idl
[0.492s] -- Up-to-date: /home/q/mower_description_ws/install/mower_description/share/mower_description/srv/CuttingMotorControl.srv
[0.492s] -- Up-to-date: /home/q/mower_description_ws/install/mower_description/share/mower_description/srv/CuttingMotorControl_Request.msg
[0.493s] -- Up-to-date: /home/q/mower_description_ws/install/mower_description/share/mower_description/srv/CuttingMotorControl_Response.msg
[0.493s] -- Up-to-date: /home/q/mower_description_ws/install/mower_description/lib/mower_description/cutting_motor_controller.py
[0.493s] -- Up-to-date: /home/q/mower_description_ws/install/mower_description/lib/mower_description/gear_marker_publisher.py
[0.493s] -- Up-to-date: /home/q/mower_description_ws/install/mower_description/share/mower_description/launch
[0.493s] -- Up-to-date: /home/q/mower_description_ws/install/mower_description/share/mower_description/launch/mower_gazebo.launch.py
[0.493s] -- Up-to-date: /home/q/mower_description_ws/install/mower_description/share/mower_description/urdf
[0.493s] -- Installing: /home/q/mower_description_ws/install/mower_description/share/mower_description/urdf/mower.urdf
[0.494s] -- Up-to-date: /home/q/mower_description_ws/install/mower_description/share/mower_description/worlds
[0.494s] -- Up-to-date: /home/q/mower_description_ws/install/mower_description/share/mower_description/worlds/room_world.world
[0.494s] -- Up-to-date: /home/q/mower_description_ws/install/mower_description/share/mower_description/worlds/room_world_open.world
[0.494s] -- Up-to-date: /home/q/mower_description_ws/install/mower_description/share/mower_description/worlds/mower_world.world
[0.494s] -- Up-to-date: /home/q/mower_description_ws/install/mower_description/share/mower_description/config
[0.494s] -- Up-to-date: /home/q/mower_description_ws/install/mower_description/share/mower_description/config/rviz
[0.495s] -- Up-to-date: /home/q/mower_description_ws/install/mower_description/share/mower_description/config/rviz/mower_gazebo.rviz
[0.495s] -- Up-to-date: /home/q/mower_description_ws/install/mower_description/share/ament_index/resource_index/package_run_dependencies/mower_description
[0.495s] -- Up-to-date: /home/q/mower_description_ws/install/mower_description/share/ament_index/resource_index/parent_prefix_path/mower_description
[0.495s] -- Up-to-date: /home/q/mower_description_ws/install/mower_description/share/mower_description/environment/ament_prefix_path.sh
[0.495s] -- Up-to-date: /home/q/mower_description_ws/install/mower_description/share/mower_description/environment/ament_prefix_path.dsv
[0.495s] -- Up-to-date: /home/q/mower_description_ws/install/mower_description/share/mower_description/environment/path.sh
[0.495s] -- Up-to-date: /home/q/mower_description_ws/install/mower_description/share/mower_description/environment/path.dsv
[0.495s] -- Up-to-date: /home/q/mower_description_ws/install/mower_description/share/mower_description/local_setup.bash
[0.495s] -- Up-to-date: /home/q/mower_description_ws/install/mower_description/share/mower_description/local_setup.sh
[0.496s] -- Up-to-date: /home/q/mower_description_ws/install/mower_description/share/mower_description/local_setup.zsh
[0.496s] -- Up-to-date: /home/q/mower_description_ws/install/mower_description/share/mower_description/local_setup.dsv
[0.496s] -- Installing: /home/q/mower_description_ws/install/mower_description/share/mower_description/package.dsv
[0.496s] -- Up-to-date: /home/q/mower_description_ws/install/mower_description/share/ament_index/resource_index/packages/mower_description
[0.497s] -- Up-to-date: /home/q/mower_description_ws/install/mower_description/share/mower_description/cmake/export_mower_description__rosidl_generator_cExport.cmake
[0.497s] -- Up-to-date: /home/q/mower_description_ws/install/mower_description/share/mower_description/cmake/export_mower_description__rosidl_generator_cExport-noconfig.cmake
[0.498s] -- Up-to-date: /home/q/mower_description_ws/install/mower_description/share/mower_description/cmake/export_mower_description__rosidl_typesupport_fastrtps_cExport.cmake
[0.498s] -- Up-to-date: /home/q/mower_description_ws/install/mower_description/share/mower_description/cmake/export_mower_description__rosidl_typesupport_fastrtps_cExport-noconfig.cmake
[0.498s] -- Up-to-date: /home/q/mower_description_ws/install/mower_description/share/mower_description/cmake/export_mower_description__rosidl_generator_cppExport.cmake
[0.498s] -- Up-to-date: /home/q/mower_description_ws/install/mower_description/share/mower_description/cmake/export_mower_description__rosidl_typesupport_fastrtps_cppExport.cmake
[0.499s] -- Up-to-date: /home/q/mower_description_ws/install/mower_description/share/mower_description/cmake/export_mower_description__rosidl_typesupport_fastrtps_cppExport-noconfig.cmake
[0.499s] -- Up-to-date: /home/q/mower_description_ws/install/mower_description/share/mower_description/cmake/mower_description__rosidl_typesupport_introspection_cExport.cmake
[0.499s] -- Up-to-date: /home/q/mower_description_ws/install/mower_description/share/mower_description/cmake/mower_description__rosidl_typesupport_introspection_cExport-noconfig.cmake
[0.499s] -- Up-to-date: /home/q/mower_description_ws/install/mower_description/share/mower_description/cmake/mower_description__rosidl_typesupport_cExport.cmake
[0.499s] -- Up-to-date: /home/q/mower_description_ws/install/mower_description/share/mower_description/cmake/mower_description__rosidl_typesupport_cExport-noconfig.cmake
[0.500s] -- Up-to-date: /home/q/mower_description_ws/install/mower_description/share/mower_description/cmake/mower_description__rosidl_typesupport_introspection_cppExport.cmake
[0.500s] -- Up-to-date: /home/q/mower_description_ws/install/mower_description/share/mower_description/cmake/mower_description__rosidl_typesupport_introspection_cppExport-noconfig.cmake
[0.500s] -- Up-to-date: /home/q/mower_description_ws/install/mower_description/share/mower_description/cmake/mower_description__rosidl_typesupport_cppExport.cmake
[0.500s] -- Up-to-date: /home/q/mower_description_ws/install/mower_description/share/mower_description/cmake/mower_description__rosidl_typesupport_cppExport-noconfig.cmake
[0.501s] -- Up-to-date: /home/q/mower_description_ws/install/mower_description/share/mower_description/cmake/export_mower_description__rosidl_generator_pyExport.cmake
[0.501s] -- Up-to-date: /home/q/mower_description_ws/install/mower_description/share/mower_description/cmake/export_mower_description__rosidl_generator_pyExport-noconfig.cmake
[0.502s] -- Up-to-date: /home/q/mower_description_ws/install/mower_description/share/mower_description/cmake/rosidl_cmake-extras.cmake
[0.502s] -- Up-to-date: /home/q/mower_description_ws/install/mower_description/share/mower_description/cmake/ament_cmake_export_dependencies-extras.cmake
[0.502s] -- Up-to-date: /home/q/mower_description_ws/install/mower_description/share/mower_description/cmake/ament_cmake_export_include_directories-extras.cmake
[0.502s] -- Up-to-date: /home/q/mower_description_ws/install/mower_description/share/mower_description/cmake/ament_cmake_export_libraries-extras.cmake
[0.502s] -- Up-to-date: /home/q/mower_description_ws/install/mower_description/share/mower_description/cmake/ament_cmake_export_targets-extras.cmake
[0.502s] -- Up-to-date: /home/q/mower_description_ws/install/mower_description/share/mower_description/cmake/rosidl_cmake_export_typesupport_targets-extras.cmake
[0.502s] -- Up-to-date: /home/q/mower_description_ws/install/mower_description/share/mower_description/cmake/rosidl_cmake_export_typesupport_libraries-extras.cmake
[0.502s] -- Up-to-date: /home/q/mower_description_ws/install/mower_description/share/mower_description/cmake/mower_descriptionConfig.cmake
[0.502s] -- Up-to-date: /home/q/mower_description_ws/install/mower_description/share/mower_description/cmake/mower_descriptionConfig-version.cmake
[0.503s] -- Up-to-date: /home/q/mower_description_ws/install/mower_description/share/mower_description/package.xml
[0.503s] Invoked command in '/home/q/mower_description_ws/build/mower_description' returned '0': CMAKE_PREFIX_PATH=${CMAKE_PREFIX_PATH}:/opt/ros/humble /usr/bin/cmake --install /home/q/mower_description_ws/build/mower_description
