[35m[1mConsolidate compiler generated dependencies of target mower_description__rosidl_generator_c[0m
[  3%] Built target mower_description__rs
[  6%] Built target mower_description__cpp
[ 15%] Built target mower_description__rosidl_generator_c
[ 15%] Built target ament_cmake_python_copy_mower_description
[35m[1mConsolidate compiler generated dependencies of target mower_description__rosidl_typesupport_fastrtps_cpp[0m
[35m[1mConsolidate compiler generated dependencies of target mower_description__rosidl_typesupport_cpp[0m
[35m[1mConsolidate compiler generated dependencies of target mower_description__rosidl_typesupport_introspection_cpp[0m
[35m[1mConsolidate compiler generated dependencies of target mower_description__rosidl_typesupport_introspection_c[0m
[35m[1mConsolidate compiler generated dependencies of target mower_description__rosidl_typesupport_c[0m
[35m[1mConsolidate compiler generated dependencies of target mower_description__rosidl_typesupport_fastrtps_c[0m
[ 25%] Built target mower_description__rosidl_typesupport_fastrtps_cpp
[ 34%] Built target mower_description__rosidl_typesupport_cpp
[ 43%] Built target mower_description__rosidl_typesupport_introspection_c
[ 62%] Built target mower_description__rosidl_typesupport_introspection_cpp
[ 62%] Built target mower_description__rosidl_typesupport_c
[ 71%] Built target mower_description__rosidl_typesupport_fastrtps_c
[ 71%] Built target mower_description
[ 75%] Built target mower_description__py
[35m[1mConsolidate compiler generated dependencies of target mower_description__rosidl_generator_py[0m
[ 81%] Built target mower_description__rosidl_generator_py
[35m[1mConsolidate compiler generated dependencies of target mower_description__rosidl_typesupport_fastrtps_c__pyext[0m
[35m[1mConsolidate compiler generated dependencies of target mower_description__rosidl_typesupport_c__pyext[0m
[35m[1mConsolidate compiler generated dependencies of target mower_description__rosidl_typesupport_introspection_c__pyext[0m
[ 87%] Built target mower_description__rosidl_typesupport_c__pyext
[ 93%] Built target mower_description__rosidl_typesupport_fastrtps_c__pyext
[100%] Built target mower_description__rosidl_typesupport_introspection_c__pyext
running egg_info
writing mower_description.egg-info/PKG-INFO
writing dependency_links to mower_description.egg-info/dependency_links.txt
writing top-level names to mower_description.egg-info/top_level.txt
reading manifest file 'mower_description.egg-info/SOURCES.txt'
writing manifest file 'mower_description.egg-info/SOURCES.txt'
[100%] Built target ament_cmake_python_build_mower_description_egg
-- Install configuration: ""
-- Up-to-date: /home/q/mower_description_ws/install/mower_description/share/ament_index/resource_index/rosidl_interfaces/mower_description
-- Up-to-date: /home/q/mower_description_ws/install/mower_description/include/mower_description/mower_description
-- Up-to-date: /home/q/mower_description_ws/install/mower_description/include/mower_description/mower_description/msg
-- Up-to-date: /home/q/mower_description_ws/install/mower_description/include/mower_description/mower_description/msg/rosidl_generator_c__visibility_control.h
-- Up-to-date: /home/q/mower_description_ws/install/mower_description/include/mower_description/mower_description/srv
-- Up-to-date: /home/q/mower_description_ws/install/mower_description/include/mower_description/mower_description/srv/cutting_motor_control.h
-- Up-to-date: /home/q/mower_description_ws/install/mower_description/include/mower_description/mower_description/srv/detail
-- Up-to-date: /home/q/mower_description_ws/install/mower_description/include/mower_description/mower_description/srv/detail/cutting_motor_control__functions.c
-- Up-to-date: /home/q/mower_description_ws/install/mower_description/include/mower_description/mower_description/srv/detail/cutting_motor_control__struct.h
-- Up-to-date: /home/q/mower_description_ws/install/mower_description/include/mower_description/mower_description/srv/detail/cutting_motor_control__type_support.h
-- Up-to-date: /home/q/mower_description_ws/install/mower_description/include/mower_description/mower_description/srv/detail/cutting_motor_control__functions.h
-- Up-to-date: /home/q/mower_description_ws/install/mower_description/share/mower_description/environment/library_path.sh
-- Up-to-date: /home/q/mower_description_ws/install/mower_description/share/mower_description/environment/library_path.dsv
-- Up-to-date: /home/q/mower_description_ws/install/mower_description/lib/libmower_description__rosidl_generator_c.so
-- Up-to-date: /home/q/mower_description_ws/install/mower_description/include/mower_description/mower_description
-- Up-to-date: /home/q/mower_description_ws/install/mower_description/include/mower_description/mower_description/msg
-- Up-to-date: /home/q/mower_description_ws/install/mower_description/include/mower_description/mower_description/msg/rosidl_typesupport_fastrtps_c__visibility_control.h
-- Up-to-date: /home/q/mower_description_ws/install/mower_description/include/mower_description/mower_description/srv
-- Up-to-date: /home/q/mower_description_ws/install/mower_description/include/mower_description/mower_description/srv/detail
-- Up-to-date: /home/q/mower_description_ws/install/mower_description/include/mower_description/mower_description/srv/detail/cutting_motor_control__rosidl_typesupport_fastrtps_c.h
-- Up-to-date: /home/q/mower_description_ws/install/mower_description/lib/libmower_description__rosidl_typesupport_fastrtps_c.so
-- Up-to-date: /home/q/mower_description_ws/install/mower_description/include/mower_description/mower_description
-- Up-to-date: /home/q/mower_description_ws/install/mower_description/include/mower_description/mower_description/msg
-- Up-to-date: /home/q/mower_description_ws/install/mower_description/include/mower_description/mower_description/msg/rosidl_generator_cpp__visibility_control.hpp
-- Up-to-date: /home/q/mower_description_ws/install/mower_description/include/mower_description/mower_description/srv
-- Up-to-date: /home/q/mower_description_ws/install/mower_description/include/mower_description/mower_description/srv/detail
-- Up-to-date: /home/q/mower_description_ws/install/mower_description/include/mower_description/mower_description/srv/detail/cutting_motor_control__struct.hpp
-- Up-to-date: /home/q/mower_description_ws/install/mower_description/include/mower_description/mower_description/srv/detail/cutting_motor_control__builder.hpp
-- Up-to-date: /home/q/mower_description_ws/install/mower_description/include/mower_description/mower_description/srv/detail/cutting_motor_control__traits.hpp
-- Up-to-date: /home/q/mower_description_ws/install/mower_description/include/mower_description/mower_description/srv/detail/cutting_motor_control__type_support.hpp
-- Up-to-date: /home/q/mower_description_ws/install/mower_description/include/mower_description/mower_description/srv/cutting_motor_control.hpp
-- Up-to-date: /home/q/mower_description_ws/install/mower_description/include/mower_description/mower_description
-- Up-to-date: /home/q/mower_description_ws/install/mower_description/include/mower_description/mower_description/msg
-- Up-to-date: /home/q/mower_description_ws/install/mower_description/include/mower_description/mower_description/msg/rosidl_typesupport_fastrtps_cpp__visibility_control.h
-- Up-to-date: /home/q/mower_description_ws/install/mower_description/include/mower_description/mower_description/srv
-- Up-to-date: /home/q/mower_description_ws/install/mower_description/include/mower_description/mower_description/srv/detail
-- Up-to-date: /home/q/mower_description_ws/install/mower_description/include/mower_description/mower_description/srv/detail/dds_fastrtps
-- Up-to-date: /home/q/mower_description_ws/install/mower_description/include/mower_description/mower_description/srv/detail/cutting_motor_control__rosidl_typesupport_fastrtps_cpp.hpp
-- Up-to-date: /home/q/mower_description_ws/install/mower_description/lib/libmower_description__rosidl_typesupport_fastrtps_cpp.so
-- Up-to-date: /home/q/mower_description_ws/install/mower_description/include/mower_description/mower_description
-- Up-to-date: /home/q/mower_description_ws/install/mower_description/include/mower_description/mower_description/msg
-- Up-to-date: /home/q/mower_description_ws/install/mower_description/include/mower_description/mower_description/msg/rosidl_typesupport_introspection_c__visibility_control.h
-- Up-to-date: /home/q/mower_description_ws/install/mower_description/include/mower_description/mower_description/srv
-- Up-to-date: /home/q/mower_description_ws/install/mower_description/include/mower_description/mower_description/srv/detail
-- Up-to-date: /home/q/mower_description_ws/install/mower_description/include/mower_description/mower_description/srv/detail/cutting_motor_control__type_support.c
-- Up-to-date: /home/q/mower_description_ws/install/mower_description/include/mower_description/mower_description/srv/detail/cutting_motor_control__rosidl_typesupport_introspection_c.h
-- Up-to-date: /home/q/mower_description_ws/install/mower_description/lib/libmower_description__rosidl_typesupport_introspection_c.so
-- Up-to-date: /home/q/mower_description_ws/install/mower_description/lib/libmower_description__rosidl_typesupport_c.so
-- Up-to-date: /home/q/mower_description_ws/install/mower_description/include/mower_description/mower_description
-- Up-to-date: /home/q/mower_description_ws/install/mower_description/include/mower_description/mower_description/srv
-- Up-to-date: /home/q/mower_description_ws/install/mower_description/include/mower_description/mower_description/srv/detail
-- Up-to-date: /home/q/mower_description_ws/install/mower_description/include/mower_description/mower_description/srv/detail/cutting_motor_control__type_support.cpp
-- Up-to-date: /home/q/mower_description_ws/install/mower_description/include/mower_description/mower_description/srv/detail/cutting_motor_control__rosidl_typesupport_introspection_cpp.hpp
-- Up-to-date: /home/q/mower_description_ws/install/mower_description/lib/libmower_description__rosidl_typesupport_introspection_cpp.so
-- Up-to-date: /home/q/mower_description_ws/install/mower_description/lib/libmower_description__rosidl_typesupport_cpp.so
-- Up-to-date: /home/q/mower_description_ws/install/mower_description/share/mower_description/environment/pythonpath.sh
-- Up-to-date: /home/q/mower_description_ws/install/mower_description/share/mower_description/environment/pythonpath.dsv
-- Up-to-date: /home/q/mower_description_ws/install/mower_description/local/lib/python3.10/dist-packages/mower_description-0.0.0-py3.10.egg-info
-- Installing: /home/q/mower_description_ws/install/mower_description/local/lib/python3.10/dist-packages/mower_description-0.0.0-py3.10.egg-info/dependency_links.txt
-- Installing: /home/q/mower_description_ws/install/mower_description/local/lib/python3.10/dist-packages/mower_description-0.0.0-py3.10.egg-info/SOURCES.txt
-- Installing: /home/q/mower_description_ws/install/mower_description/local/lib/python3.10/dist-packages/mower_description-0.0.0-py3.10.egg-info/top_level.txt
-- Installing: /home/q/mower_description_ws/install/mower_description/local/lib/python3.10/dist-packages/mower_description-0.0.0-py3.10.egg-info/PKG-INFO
-- Up-to-date: /home/q/mower_description_ws/install/mower_description/local/lib/python3.10/dist-packages/mower_description
-- Up-to-date: /home/q/mower_description_ws/install/mower_description/local/lib/python3.10/dist-packages/mower_description/libmower_description__rosidl_generator_py.so
-- Up-to-date: /home/q/mower_description_ws/install/mower_description/local/lib/python3.10/dist-packages/mower_description/mower_description_s__rosidl_typesupport_c.cpython-310-x86_64-linux-gnu.so
-- Up-to-date: /home/q/mower_description_ws/install/mower_description/local/lib/python3.10/dist-packages/mower_description/mower_description_s__rosidl_typesupport_fastrtps_c.cpython-310-x86_64-linux-gnu.so
-- Up-to-date: /home/q/mower_description_ws/install/mower_description/local/lib/python3.10/dist-packages/mower_description/__init__.py
-- Up-to-date: /home/q/mower_description_ws/install/mower_description/local/lib/python3.10/dist-packages/mower_description/mower_description_s__rosidl_typesupport_introspection_c.cpython-310-x86_64-linux-gnu.so
-- Up-to-date: /home/q/mower_description_ws/install/mower_description/local/lib/python3.10/dist-packages/mower_description/_mower_description_s.ep.rosidl_typesupport_fastrtps_c.c
-- Up-to-date: /home/q/mower_description_ws/install/mower_description/local/lib/python3.10/dist-packages/mower_description/_mower_description_s.ep.rosidl_typesupport_introspection_c.c
-- Up-to-date: /home/q/mower_description_ws/install/mower_description/local/lib/python3.10/dist-packages/mower_description/srv
-- Up-to-date: /home/q/mower_description_ws/install/mower_description/local/lib/python3.10/dist-packages/mower_description/srv/_cutting_motor_control_s.c
-- Up-to-date: /home/q/mower_description_ws/install/mower_description/local/lib/python3.10/dist-packages/mower_description/srv/__init__.py
-- Up-to-date: /home/q/mower_description_ws/install/mower_description/local/lib/python3.10/dist-packages/mower_description/srv/_cutting_motor_control.py
-- Up-to-date: /home/q/mower_description_ws/install/mower_description/local/lib/python3.10/dist-packages/mower_description/_mower_description_s.ep.rosidl_typesupport_c.c
Listing '/home/q/mower_description_ws/install/mower_description/local/lib/python3.10/dist-packages/mower_description'...
Listing '/home/q/mower_description_ws/install/mower_description/local/lib/python3.10/dist-packages/mower_description/srv'...
-- Up-to-date: /home/q/mower_description_ws/install/mower_description/local/lib/python3.10/dist-packages/mower_description/mower_description_s__rosidl_typesupport_fastrtps_c.cpython-310-x86_64-linux-gnu.so
-- Up-to-date: /home/q/mower_description_ws/install/mower_description/local/lib/python3.10/dist-packages/mower_description/mower_description_s__rosidl_typesupport_introspection_c.cpython-310-x86_64-linux-gnu.so
-- Up-to-date: /home/q/mower_description_ws/install/mower_description/local/lib/python3.10/dist-packages/mower_description/mower_description_s__rosidl_typesupport_c.cpython-310-x86_64-linux-gnu.so
-- Up-to-date: /home/q/mower_description_ws/install/mower_description/lib/libmower_description__rosidl_generator_py.so
-- Up-to-date: /home/q/mower_description_ws/install/mower_description/share/ament_index/resource_index/rust_packages/mower_description
-- Up-to-date: /home/q/mower_description_ws/install/mower_description/share/mower_description/rust
-- Up-to-date: /home/q/mower_description_ws/install/mower_description/share/mower_description/rust/Cargo.toml
-- Up-to-date: /home/q/mower_description_ws/install/mower_description/share/mower_description/rust/src
-- Up-to-date: /home/q/mower_description_ws/install/mower_description/share/mower_description/rust/src/srv.rs
-- Up-to-date: /home/q/mower_description_ws/install/mower_description/share/mower_description/rust/src/lib.rs
-- Up-to-date: /home/q/mower_description_ws/install/mower_description/share/mower_description/rust/src/srv
-- Up-to-date: /home/q/mower_description_ws/install/mower_description/share/mower_description/rust/src/srv/rmw.rs
-- Up-to-date: /home/q/mower_description_ws/install/mower_description/share/mower_description/rust/build.rs
-- Up-to-date: /home/q/mower_description_ws/install/mower_description/share/mower_description/srv/CuttingMotorControl.idl
-- Up-to-date: /home/q/mower_description_ws/install/mower_description/share/mower_description/srv/CuttingMotorControl.srv
-- Up-to-date: /home/q/mower_description_ws/install/mower_description/share/mower_description/srv/CuttingMotorControl_Request.msg
-- Up-to-date: /home/q/mower_description_ws/install/mower_description/share/mower_description/srv/CuttingMotorControl_Response.msg
-- Up-to-date: /home/q/mower_description_ws/install/mower_description/lib/mower_description/cutting_motor_controller.py
-- Up-to-date: /home/q/mower_description_ws/install/mower_description/lib/mower_description/indicator_light_controller.py
-- Up-to-date: /home/q/mower_description_ws/install/mower_description/share/mower_description/launch
-- Up-to-date: /home/q/mower_description_ws/install/mower_description/share/mower_description/launch/mower_gazebo.launch.py
-- Up-to-date: /home/q/mower_description_ws/install/mower_description/share/mower_description/launch/__pycache__
-- Installing: /home/q/mower_description_ws/install/mower_description/share/mower_description/launch/__pycache__/mower_gazebo.launch.cpython-310.pyc
-- Up-to-date: /home/q/mower_description_ws/install/mower_description/share/mower_description/urdf
-- Installing: /home/q/mower_description_ws/install/mower_description/share/mower_description/urdf/mower.urdf
-- Up-to-date: /home/q/mower_description_ws/install/mower_description/share/mower_description/worlds
-- Up-to-date: /home/q/mower_description_ws/install/mower_description/share/mower_description/worlds/room_world.world
-- Up-to-date: /home/q/mower_description_ws/install/mower_description/share/mower_description/worlds/room_world_open.world
-- Up-to-date: /home/q/mower_description_ws/install/mower_description/share/mower_description/worlds/mower_world.world
-- Up-to-date: /home/q/mower_description_ws/install/mower_description/share/mower_description/config
-- Up-to-date: /home/q/mower_description_ws/install/mower_description/share/mower_description/config/rviz
-- Up-to-date: /home/q/mower_description_ws/install/mower_description/share/mower_description/config/rviz/mower_gazebo.rviz
-- Up-to-date: /home/q/mower_description_ws/install/mower_description/share/ament_index/resource_index/package_run_dependencies/mower_description
-- Up-to-date: /home/q/mower_description_ws/install/mower_description/share/ament_index/resource_index/parent_prefix_path/mower_description
-- Up-to-date: /home/q/mower_description_ws/install/mower_description/share/mower_description/environment/ament_prefix_path.sh
-- Up-to-date: /home/q/mower_description_ws/install/mower_description/share/mower_description/environment/ament_prefix_path.dsv
-- Up-to-date: /home/q/mower_description_ws/install/mower_description/share/mower_description/environment/path.sh
-- Up-to-date: /home/q/mower_description_ws/install/mower_description/share/mower_description/environment/path.dsv
-- Up-to-date: /home/q/mower_description_ws/install/mower_description/share/mower_description/local_setup.bash
-- Up-to-date: /home/q/mower_description_ws/install/mower_description/share/mower_description/local_setup.sh
-- Up-to-date: /home/q/mower_description_ws/install/mower_description/share/mower_description/local_setup.zsh
-- Up-to-date: /home/q/mower_description_ws/install/mower_description/share/mower_description/local_setup.dsv
-- Installing: /home/q/mower_description_ws/install/mower_description/share/mower_description/package.dsv
-- Up-to-date: /home/q/mower_description_ws/install/mower_description/share/ament_index/resource_index/packages/mower_description
-- Up-to-date: /home/q/mower_description_ws/install/mower_description/share/mower_description/cmake/export_mower_description__rosidl_generator_cExport.cmake
-- Up-to-date: /home/q/mower_description_ws/install/mower_description/share/mower_description/cmake/export_mower_description__rosidl_generator_cExport-noconfig.cmake
-- Up-to-date: /home/q/mower_description_ws/install/mower_description/share/mower_description/cmake/export_mower_description__rosidl_typesupport_fastrtps_cExport.cmake
-- Up-to-date: /home/q/mower_description_ws/install/mower_description/share/mower_description/cmake/export_mower_description__rosidl_typesupport_fastrtps_cExport-noconfig.cmake
-- Up-to-date: /home/q/mower_description_ws/install/mower_description/share/mower_description/cmake/export_mower_description__rosidl_generator_cppExport.cmake
-- Up-to-date: /home/q/mower_description_ws/install/mower_description/share/mower_description/cmake/export_mower_description__rosidl_typesupport_fastrtps_cppExport.cmake
-- Up-to-date: /home/q/mower_description_ws/install/mower_description/share/mower_description/cmake/export_mower_description__rosidl_typesupport_fastrtps_cppExport-noconfig.cmake
-- Up-to-date: /home/q/mower_description_ws/install/mower_description/share/mower_description/cmake/mower_description__rosidl_typesupport_introspection_cExport.cmake
-- Up-to-date: /home/q/mower_description_ws/install/mower_description/share/mower_description/cmake/mower_description__rosidl_typesupport_introspection_cExport-noconfig.cmake
-- Up-to-date: /home/q/mower_description_ws/install/mower_description/share/mower_description/cmake/mower_description__rosidl_typesupport_cExport.cmake
-- Up-to-date: /home/q/mower_description_ws/install/mower_description/share/mower_description/cmake/mower_description__rosidl_typesupport_cExport-noconfig.cmake
-- Up-to-date: /home/q/mower_description_ws/install/mower_description/share/mower_description/cmake/mower_description__rosidl_typesupport_introspection_cppExport.cmake
-- Up-to-date: /home/q/mower_description_ws/install/mower_description/share/mower_description/cmake/mower_description__rosidl_typesupport_introspection_cppExport-noconfig.cmake
-- Up-to-date: /home/q/mower_description_ws/install/mower_description/share/mower_description/cmake/mower_description__rosidl_typesupport_cppExport.cmake
-- Up-to-date: /home/q/mower_description_ws/install/mower_description/share/mower_description/cmake/mower_description__rosidl_typesupport_cppExport-noconfig.cmake
-- Up-to-date: /home/q/mower_description_ws/install/mower_description/share/mower_description/cmake/export_mower_description__rosidl_generator_pyExport.cmake
-- Up-to-date: /home/q/mower_description_ws/install/mower_description/share/mower_description/cmake/export_mower_description__rosidl_generator_pyExport-noconfig.cmake
-- Up-to-date: /home/q/mower_description_ws/install/mower_description/share/mower_description/cmake/rosidl_cmake-extras.cmake
-- Up-to-date: /home/q/mower_description_ws/install/mower_description/share/mower_description/cmake/ament_cmake_export_dependencies-extras.cmake
-- Up-to-date: /home/q/mower_description_ws/install/mower_description/share/mower_description/cmake/ament_cmake_export_include_directories-extras.cmake
-- Up-to-date: /home/q/mower_description_ws/install/mower_description/share/mower_description/cmake/ament_cmake_export_libraries-extras.cmake
-- Up-to-date: /home/q/mower_description_ws/install/mower_description/share/mower_description/cmake/ament_cmake_export_targets-extras.cmake
-- Up-to-date: /home/q/mower_description_ws/install/mower_description/share/mower_description/cmake/rosidl_cmake_export_typesupport_targets-extras.cmake
-- Up-to-date: /home/q/mower_description_ws/install/mower_description/share/mower_description/cmake/rosidl_cmake_export_typesupport_libraries-extras.cmake
-- Up-to-date: /home/q/mower_description_ws/install/mower_description/share/mower_description/cmake/mower_descriptionConfig.cmake
-- Up-to-date: /home/q/mower_description_ws/install/mower_description/share/mower_description/cmake/mower_descriptionConfig-version.cmake
-- Up-to-date: /home/q/mower_description_ws/install/mower_description/share/mower_description/package.xml
