[0.013s] Invoking command in '/home/q/mower_description_ws/build/mower_description': CMAKE_PREFIX_PATH=${CMAKE_PREFIX_PATH}:/opt/ros/humble /usr/bin/cmake --build /home/q/mower_description_ws/build/mower_description -- -j24 -l24
[0.079s] [35m[1mConsolidate compiler generated dependencies of target mower_description__rosidl_generator_c[0m
[0.097s] [  3%] Built target mower_description__rs
[0.097s] [  6%] Built target mower_description__cpp
[0.105s] [ 15%] Built target mower_description__rosidl_generator_c
[0.118s] [ 15%] Built target ament_cmake_python_copy_mower_description
[0.120s] [35m[1mConsolidate compiler generated dependencies of target mower_description__rosidl_typesupport_fastrtps_cpp[0m
[0.123s] [35m[1mConsolidate compiler generated dependencies of target mower_description__rosidl_typesupport_cpp[0m
[0.125s] [35m[1mConsolidate compiler generated dependencies of target mower_description__rosidl_typesupport_introspection_cpp[0m
[0.132s] [35m[1mConsolidate compiler generated dependencies of target mower_description__rosidl_typesupport_introspection_c[0m
[0.134s] [35m[1mConsolidate compiler generated dependencies of target mower_description__rosidl_typesupport_c[0m
[0.135s] [35m[1mConsolidate compiler generated dependencies of target mower_description__rosidl_typesupport_fastrtps_c[0m
[0.155s] [ 25%] Built target mower_description__rosidl_typesupport_fastrtps_cpp
[0.157s] [ 34%] Built target mower_description__rosidl_typesupport_cpp
[0.161s] [ 43%] Built target mower_description__rosidl_typesupport_introspection_c
[0.162s] [ 62%] Built target mower_description__rosidl_typesupport_introspection_cpp
[0.162s] [ 62%] Built target mower_description__rosidl_typesupport_c
[0.167s] [ 71%] Built target mower_description__rosidl_typesupport_fastrtps_c
[0.190s] [ 71%] Built target mower_description
[0.213s] [ 75%] Built target mower_description__py
[0.225s] [35m[1mConsolidate compiler generated dependencies of target mower_description__rosidl_generator_py[0m
[0.241s] [ 81%] Built target mower_description__rosidl_generator_py
[0.252s] [35m[1mConsolidate compiler generated dependencies of target mower_description__rosidl_typesupport_fastrtps_c__pyext[0m
[0.253s] [35m[1mConsolidate compiler generated dependencies of target mower_description__rosidl_typesupport_c__pyext[0m
[0.254s] [35m[1mConsolidate compiler generated dependencies of target mower_description__rosidl_typesupport_introspection_c__pyext[0m
[0.272s] [ 87%] Built target mower_description__rosidl_typesupport_c__pyext
[0.274s] [ 93%] Built target mower_description__rosidl_typesupport_fastrtps_c__pyext
[0.276s] [100%] Built target mower_description__rosidl_typesupport_introspection_c__pyext
[0.357s] running egg_info
[0.357s] writing mower_description.egg-info/PKG-INFO
[0.357s] writing dependency_links to mower_description.egg-info/dependency_links.txt
[0.358s] writing top-level names to mower_description.egg-info/top_level.txt
[0.360s] reading manifest file 'mower_description.egg-info/SOURCES.txt'
[0.360s] writing manifest file 'mower_description.egg-info/SOURCES.txt'
[0.381s] [100%] Built target ament_cmake_python_build_mower_description_egg
[0.397s] Invoked command in '/home/q/mower_description_ws/build/mower_description' returned '0': CMAKE_PREFIX_PATH=${CMAKE_PREFIX_PATH}:/opt/ros/humble /usr/bin/cmake --build /home/q/mower_description_ws/build/mower_description -- -j24 -l24
[0.412s] Invoking command in '/home/q/mower_description_ws/build/mower_description': CMAKE_PREFIX_PATH=${CMAKE_PREFIX_PATH}:/opt/ros/humble /usr/bin/cmake --install /home/q/mower_description_ws/build/mower_description
[0.427s] -- Install configuration: ""
[0.427s] -- Up-to-date: /home/q/mower_description_ws/install/mower_description/share/ament_index/resource_index/rosidl_interfaces/mower_description
[0.427s] -- Up-to-date: /home/q/mower_description_ws/install/mower_description/include/mower_description/mower_description
[0.427s] -- Up-to-date: /home/q/mower_description_ws/install/mower_description/include/mower_description/mower_description/msg
[0.427s] -- Up-to-date: /home/q/mower_description_ws/install/mower_description/include/mower_description/mower_description/msg/rosidl_generator_c__visibility_control.h
[0.428s] -- Up-to-date: /home/q/mower_description_ws/install/mower_description/include/mower_description/mower_description/srv
[0.428s] -- Up-to-date: /home/q/mower_description_ws/install/mower_description/include/mower_description/mower_description/srv/cutting_motor_control.h
[0.428s] -- Up-to-date: /home/q/mower_description_ws/install/mower_description/include/mower_description/mower_description/srv/detail
[0.428s] -- Up-to-date: /home/q/mower_description_ws/install/mower_description/include/mower_description/mower_description/srv/detail/cutting_motor_control__functions.c
[0.428s] -- Up-to-date: /home/q/mower_description_ws/install/mower_description/include/mower_description/mower_description/srv/detail/cutting_motor_control__struct.h
[0.428s] -- Up-to-date: /home/q/mower_description_ws/install/mower_description/include/mower_description/mower_description/srv/detail/cutting_motor_control__type_support.h
[0.428s] -- Up-to-date: /home/q/mower_description_ws/install/mower_description/include/mower_description/mower_description/srv/detail/cutting_motor_control__functions.h
[0.428s] -- Up-to-date: /home/q/mower_description_ws/install/mower_description/share/mower_description/environment/library_path.sh
[0.428s] -- Up-to-date: /home/q/mower_description_ws/install/mower_description/share/mower_description/environment/library_path.dsv
[0.428s] -- Up-to-date: /home/q/mower_description_ws/install/mower_description/lib/libmower_description__rosidl_generator_c.so
[0.428s] -- Up-to-date: /home/q/mower_description_ws/install/mower_description/include/mower_description/mower_description
[0.428s] -- Up-to-date: /home/q/mower_description_ws/install/mower_description/include/mower_description/mower_description/msg
[0.429s] -- Up-to-date: /home/q/mower_description_ws/install/mower_description/include/mower_description/mower_description/msg/rosidl_typesupport_fastrtps_c__visibility_control.h
[0.429s] -- Up-to-date: /home/q/mower_description_ws/install/mower_description/include/mower_description/mower_description/srv
[0.429s] -- Up-to-date: /home/q/mower_description_ws/install/mower_description/include/mower_description/mower_description/srv/detail
[0.429s] -- Up-to-date: /home/q/mower_description_ws/install/mower_description/include/mower_description/mower_description/srv/detail/cutting_motor_control__rosidl_typesupport_fastrtps_c.h
[0.429s] -- Up-to-date: /home/q/mower_description_ws/install/mower_description/lib/libmower_description__rosidl_typesupport_fastrtps_c.so
[0.429s] -- Up-to-date: /home/q/mower_description_ws/install/mower_description/include/mower_description/mower_description
[0.429s] -- Up-to-date: /home/q/mower_description_ws/install/mower_description/include/mower_description/mower_description/msg
[0.429s] -- Up-to-date: /home/q/mower_description_ws/install/mower_description/include/mower_description/mower_description/msg/rosidl_generator_cpp__visibility_control.hpp
[0.429s] -- Up-to-date: /home/q/mower_description_ws/install/mower_description/include/mower_description/mower_description/srv
[0.429s] -- Up-to-date: /home/q/mower_description_ws/install/mower_description/include/mower_description/mower_description/srv/detail
[0.429s] -- Up-to-date: /home/q/mower_description_ws/install/mower_description/include/mower_description/mower_description/srv/detail/cutting_motor_control__struct.hpp
[0.430s] -- Up-to-date: /home/q/mower_description_ws/install/mower_description/include/mower_description/mower_description/srv/detail/cutting_motor_control__builder.hpp
[0.430s] -- Up-to-date: /home/q/mower_description_ws/install/mower_description/include/mower_description/mower_description/srv/detail/cutting_motor_control__traits.hpp
[0.430s] -- Up-to-date: /home/q/mower_description_ws/install/mower_description/include/mower_description/mower_description/srv/detail/cutting_motor_control__type_support.hpp
[0.430s] -- Up-to-date: /home/q/mower_description_ws/install/mower_description/include/mower_description/mower_description/srv/cutting_motor_control.hpp
[0.430s] -- Up-to-date: /home/q/mower_description_ws/install/mower_description/include/mower_description/mower_description
[0.430s] -- Up-to-date: /home/q/mower_description_ws/install/mower_description/include/mower_description/mower_description/msg
[0.430s] -- Up-to-date: /home/q/mower_description_ws/install/mower_description/include/mower_description/mower_description/msg/rosidl_typesupport_fastrtps_cpp__visibility_control.h
[0.430s] -- Up-to-date: /home/q/mower_description_ws/install/mower_description/include/mower_description/mower_description/srv
[0.430s] -- Up-to-date: /home/q/mower_description_ws/install/mower_description/include/mower_description/mower_description/srv/detail
[0.430s] -- Up-to-date: /home/q/mower_description_ws/install/mower_description/include/mower_description/mower_description/srv/detail/dds_fastrtps
[0.430s] -- Up-to-date: /home/q/mower_description_ws/install/mower_description/include/mower_description/mower_description/srv/detail/cutting_motor_control__rosidl_typesupport_fastrtps_cpp.hpp
[0.431s] -- Up-to-date: /home/q/mower_description_ws/install/mower_description/lib/libmower_description__rosidl_typesupport_fastrtps_cpp.so
[0.431s] -- Up-to-date: /home/q/mower_description_ws/install/mower_description/include/mower_description/mower_description
[0.431s] -- Up-to-date: /home/q/mower_description_ws/install/mower_description/include/mower_description/mower_description/msg
[0.431s] -- Up-to-date: /home/q/mower_description_ws/install/mower_description/include/mower_description/mower_description/msg/rosidl_typesupport_introspection_c__visibility_control.h
[0.431s] -- Up-to-date: /home/q/mower_description_ws/install/mower_description/include/mower_description/mower_description/srv
[0.431s] -- Up-to-date: /home/q/mower_description_ws/install/mower_description/include/mower_description/mower_description/srv/detail
[0.431s] -- Up-to-date: /home/q/mower_description_ws/install/mower_description/include/mower_description/mower_description/srv/detail/cutting_motor_control__type_support.c
[0.431s] -- Up-to-date: /home/q/mower_description_ws/install/mower_description/include/mower_description/mower_description/srv/detail/cutting_motor_control__rosidl_typesupport_introspection_c.h
[0.431s] -- Up-to-date: /home/q/mower_description_ws/install/mower_description/lib/libmower_description__rosidl_typesupport_introspection_c.so
[0.431s] -- Up-to-date: /home/q/mower_description_ws/install/mower_description/lib/libmower_description__rosidl_typesupport_c.so
[0.432s] -- Up-to-date: /home/q/mower_description_ws/install/mower_description/include/mower_description/mower_description
[0.432s] -- Up-to-date: /home/q/mower_description_ws/install/mower_description/include/mower_description/mower_description/srv
[0.432s] -- Up-to-date: /home/q/mower_description_ws/install/mower_description/include/mower_description/mower_description/srv/detail
[0.432s] -- Up-to-date: /home/q/mower_description_ws/install/mower_description/include/mower_description/mower_description/srv/detail/cutting_motor_control__type_support.cpp
[0.432s] -- Up-to-date: /home/q/mower_description_ws/install/mower_description/include/mower_description/mower_description/srv/detail/cutting_motor_control__rosidl_typesupport_introspection_cpp.hpp
[0.432s] -- Up-to-date: /home/q/mower_description_ws/install/mower_description/lib/libmower_description__rosidl_typesupport_introspection_cpp.so
[0.432s] -- Up-to-date: /home/q/mower_description_ws/install/mower_description/lib/libmower_description__rosidl_typesupport_cpp.so
[0.432s] -- Up-to-date: /home/q/mower_description_ws/install/mower_description/share/mower_description/environment/pythonpath.sh
[0.432s] -- Up-to-date: /home/q/mower_description_ws/install/mower_description/share/mower_description/environment/pythonpath.dsv
[0.433s] -- Up-to-date: /home/q/mower_description_ws/install/mower_description/local/lib/python3.10/dist-packages/mower_description-0.0.0-py3.10.egg-info
[0.433s] -- Installing: /home/q/mower_description_ws/install/mower_description/local/lib/python3.10/dist-packages/mower_description-0.0.0-py3.10.egg-info/dependency_links.txt
[0.433s] -- Installing: /home/q/mower_description_ws/install/mower_description/local/lib/python3.10/dist-packages/mower_description-0.0.0-py3.10.egg-info/SOURCES.txt
[0.433s] -- Installing: /home/q/mower_description_ws/install/mower_description/local/lib/python3.10/dist-packages/mower_description-0.0.0-py3.10.egg-info/top_level.txt
[0.434s] -- Installing: /home/q/mower_description_ws/install/mower_description/local/lib/python3.10/dist-packages/mower_description-0.0.0-py3.10.egg-info/PKG-INFO
[0.434s] -- Up-to-date: /home/q/mower_description_ws/install/mower_description/local/lib/python3.10/dist-packages/mower_description
[0.434s] -- Up-to-date: /home/q/mower_description_ws/install/mower_description/local/lib/python3.10/dist-packages/mower_description/libmower_description__rosidl_generator_py.so
[0.434s] -- Up-to-date: /home/q/mower_description_ws/install/mower_description/local/lib/python3.10/dist-packages/mower_description/mower_description_s__rosidl_typesupport_c.cpython-310-x86_64-linux-gnu.so
[0.434s] -- Up-to-date: /home/q/mower_description_ws/install/mower_description/local/lib/python3.10/dist-packages/mower_description/mower_description_s__rosidl_typesupport_fastrtps_c.cpython-310-x86_64-linux-gnu.so
[0.434s] -- Up-to-date: /home/q/mower_description_ws/install/mower_description/local/lib/python3.10/dist-packages/mower_description/__init__.py
[0.434s] -- Up-to-date: /home/q/mower_description_ws/install/mower_description/local/lib/python3.10/dist-packages/mower_description/mower_description_s__rosidl_typesupport_introspection_c.cpython-310-x86_64-linux-gnu.so
[0.434s] -- Up-to-date: /home/q/mower_description_ws/install/mower_description/local/lib/python3.10/dist-packages/mower_description/_mower_description_s.ep.rosidl_typesupport_fastrtps_c.c
[0.434s] -- Up-to-date: /home/q/mower_description_ws/install/mower_description/local/lib/python3.10/dist-packages/mower_description/_mower_description_s.ep.rosidl_typesupport_introspection_c.c
[0.434s] -- Up-to-date: /home/q/mower_description_ws/install/mower_description/local/lib/python3.10/dist-packages/mower_description/srv
[0.434s] -- Up-to-date: /home/q/mower_description_ws/install/mower_description/local/lib/python3.10/dist-packages/mower_description/srv/_cutting_motor_control_s.c
[0.435s] -- Up-to-date: /home/q/mower_description_ws/install/mower_description/local/lib/python3.10/dist-packages/mower_description/srv/__init__.py
[0.435s] -- Up-to-date: /home/q/mower_description_ws/install/mower_description/local/lib/python3.10/dist-packages/mower_description/srv/_cutting_motor_control.py
[0.435s] -- Up-to-date: /home/q/mower_description_ws/install/mower_description/local/lib/python3.10/dist-packages/mower_description/_mower_description_s.ep.rosidl_typesupport_c.c
[0.463s] Listing '/home/q/mower_description_ws/install/mower_description/local/lib/python3.10/dist-packages/mower_description'...
[0.463s] Listing '/home/q/mower_description_ws/install/mower_description/local/lib/python3.10/dist-packages/mower_description/srv'...
[0.466s] -- Up-to-date: /home/q/mower_description_ws/install/mower_description/local/lib/python3.10/dist-packages/mower_description/mower_description_s__rosidl_typesupport_fastrtps_c.cpython-310-x86_64-linux-gnu.so
[0.466s] -- Up-to-date: /home/q/mower_description_ws/install/mower_description/local/lib/python3.10/dist-packages/mower_description/mower_description_s__rosidl_typesupport_introspection_c.cpython-310-x86_64-linux-gnu.so
[0.466s] -- Up-to-date: /home/q/mower_description_ws/install/mower_description/local/lib/python3.10/dist-packages/mower_description/mower_description_s__rosidl_typesupport_c.cpython-310-x86_64-linux-gnu.so
[0.467s] -- Up-to-date: /home/q/mower_description_ws/install/mower_description/lib/libmower_description__rosidl_generator_py.so
[0.467s] -- Up-to-date: /home/q/mower_description_ws/install/mower_description/share/ament_index/resource_index/rust_packages/mower_description
[0.467s] -- Up-to-date: /home/q/mower_description_ws/install/mower_description/share/mower_description/rust
[0.467s] -- Up-to-date: /home/q/mower_description_ws/install/mower_description/share/mower_description/rust/Cargo.toml
[0.467s] -- Up-to-date: /home/q/mower_description_ws/install/mower_description/share/mower_description/rust/src
[0.467s] -- Up-to-date: /home/q/mower_description_ws/install/mower_description/share/mower_description/rust/src/srv.rs
[0.467s] -- Up-to-date: /home/q/mower_description_ws/install/mower_description/share/mower_description/rust/src/lib.rs
[0.467s] -- Up-to-date: /home/q/mower_description_ws/install/mower_description/share/mower_description/rust/src/srv
[0.467s] -- Up-to-date: /home/q/mower_description_ws/install/mower_description/share/mower_description/rust/src/srv/rmw.rs
[0.468s] -- Up-to-date: /home/q/mower_description_ws/install/mower_description/share/mower_description/rust/build.rs
[0.468s] -- Up-to-date: /home/q/mower_description_ws/install/mower_description/share/mower_description/srv/CuttingMotorControl.idl
[0.468s] -- Up-to-date: /home/q/mower_description_ws/install/mower_description/share/mower_description/srv/CuttingMotorControl.srv
[0.468s] -- Up-to-date: /home/q/mower_description_ws/install/mower_description/share/mower_description/srv/CuttingMotorControl_Request.msg
[0.468s] -- Up-to-date: /home/q/mower_description_ws/install/mower_description/share/mower_description/srv/CuttingMotorControl_Response.msg
[0.468s] -- Up-to-date: /home/q/mower_description_ws/install/mower_description/lib/mower_description/cutting_motor_controller.py
[0.468s] -- Up-to-date: /home/q/mower_description_ws/install/mower_description/lib/mower_description/indicator_light_controller.py
[0.468s] -- Up-to-date: /home/q/mower_description_ws/install/mower_description/share/mower_description/launch
[0.468s] -- Up-to-date: /home/q/mower_description_ws/install/mower_description/share/mower_description/launch/mower_gazebo.launch.py
[0.468s] -- Up-to-date: /home/q/mower_description_ws/install/mower_description/share/mower_description/launch/__pycache__
[0.469s] -- Installing: /home/q/mower_description_ws/install/mower_description/share/mower_description/launch/__pycache__/mower_gazebo.launch.cpython-310.pyc
[0.469s] -- Up-to-date: /home/q/mower_description_ws/install/mower_description/share/mower_description/urdf
[0.469s] -- Installing: /home/q/mower_description_ws/install/mower_description/share/mower_description/urdf/mower.urdf
[0.469s] -- Up-to-date: /home/q/mower_description_ws/install/mower_description/share/mower_description/worlds
[0.469s] -- Up-to-date: /home/q/mower_description_ws/install/mower_description/share/mower_description/worlds/room_world.world
[0.469s] -- Up-to-date: /home/q/mower_description_ws/install/mower_description/share/mower_description/worlds/room_world_open.world
[0.469s] -- Up-to-date: /home/q/mower_description_ws/install/mower_description/share/mower_description/worlds/mower_world.world
[0.469s] -- Up-to-date: /home/q/mower_description_ws/install/mower_description/share/mower_description/config
[0.469s] -- Up-to-date: /home/q/mower_description_ws/install/mower_description/share/mower_description/config/rviz
[0.469s] -- Up-to-date: /home/q/mower_description_ws/install/mower_description/share/mower_description/config/rviz/mower_gazebo.rviz
[0.469s] -- Up-to-date: /home/q/mower_description_ws/install/mower_description/share/ament_index/resource_index/package_run_dependencies/mower_description
[0.470s] -- Up-to-date: /home/q/mower_description_ws/install/mower_description/share/ament_index/resource_index/parent_prefix_path/mower_description
[0.470s] -- Up-to-date: /home/q/mower_description_ws/install/mower_description/share/mower_description/environment/ament_prefix_path.sh
[0.470s] -- Up-to-date: /home/q/mower_description_ws/install/mower_description/share/mower_description/environment/ament_prefix_path.dsv
[0.470s] -- Up-to-date: /home/q/mower_description_ws/install/mower_description/share/mower_description/environment/path.sh
[0.470s] -- Up-to-date: /home/q/mower_description_ws/install/mower_description/share/mower_description/environment/path.dsv
[0.470s] -- Up-to-date: /home/q/mower_description_ws/install/mower_description/share/mower_description/local_setup.bash
[0.470s] -- Up-to-date: /home/q/mower_description_ws/install/mower_description/share/mower_description/local_setup.sh
[0.470s] -- Up-to-date: /home/q/mower_description_ws/install/mower_description/share/mower_description/local_setup.zsh
[0.470s] -- Up-to-date: /home/q/mower_description_ws/install/mower_description/share/mower_description/local_setup.dsv
[0.470s] -- Installing: /home/q/mower_description_ws/install/mower_description/share/mower_description/package.dsv
[0.470s] -- Up-to-date: /home/q/mower_description_ws/install/mower_description/share/ament_index/resource_index/packages/mower_description
[0.470s] -- Up-to-date: /home/q/mower_description_ws/install/mower_description/share/mower_description/cmake/export_mower_description__rosidl_generator_cExport.cmake
[0.470s] -- Up-to-date: /home/q/mower_description_ws/install/mower_description/share/mower_description/cmake/export_mower_description__rosidl_generator_cExport-noconfig.cmake
[0.470s] -- Up-to-date: /home/q/mower_description_ws/install/mower_description/share/mower_description/cmake/export_mower_description__rosidl_typesupport_fastrtps_cExport.cmake
[0.470s] -- Up-to-date: /home/q/mower_description_ws/install/mower_description/share/mower_description/cmake/export_mower_description__rosidl_typesupport_fastrtps_cExport-noconfig.cmake
[0.470s] -- Up-to-date: /home/q/mower_description_ws/install/mower_description/share/mower_description/cmake/export_mower_description__rosidl_generator_cppExport.cmake
[0.470s] -- Up-to-date: /home/q/mower_description_ws/install/mower_description/share/mower_description/cmake/export_mower_description__rosidl_typesupport_fastrtps_cppExport.cmake
[0.471s] -- Up-to-date: /home/q/mower_description_ws/install/mower_description/share/mower_description/cmake/export_mower_description__rosidl_typesupport_fastrtps_cppExport-noconfig.cmake
[0.471s] -- Up-to-date: /home/q/mower_description_ws/install/mower_description/share/mower_description/cmake/mower_description__rosidl_typesupport_introspection_cExport.cmake
[0.471s] -- Up-to-date: /home/q/mower_description_ws/install/mower_description/share/mower_description/cmake/mower_description__rosidl_typesupport_introspection_cExport-noconfig.cmake
[0.471s] -- Up-to-date: /home/q/mower_description_ws/install/mower_description/share/mower_description/cmake/mower_description__rosidl_typesupport_cExport.cmake
[0.471s] -- Up-to-date: /home/q/mower_description_ws/install/mower_description/share/mower_description/cmake/mower_description__rosidl_typesupport_cExport-noconfig.cmake
[0.471s] -- Up-to-date: /home/q/mower_description_ws/install/mower_description/share/mower_description/cmake/mower_description__rosidl_typesupport_introspection_cppExport.cmake
[0.471s] -- Up-to-date: /home/q/mower_description_ws/install/mower_description/share/mower_description/cmake/mower_description__rosidl_typesupport_introspection_cppExport-noconfig.cmake
[0.471s] -- Up-to-date: /home/q/mower_description_ws/install/mower_description/share/mower_description/cmake/mower_description__rosidl_typesupport_cppExport.cmake
[0.471s] -- Up-to-date: /home/q/mower_description_ws/install/mower_description/share/mower_description/cmake/mower_description__rosidl_typesupport_cppExport-noconfig.cmake
[0.471s] -- Up-to-date: /home/q/mower_description_ws/install/mower_description/share/mower_description/cmake/export_mower_description__rosidl_generator_pyExport.cmake
[0.471s] -- Up-to-date: /home/q/mower_description_ws/install/mower_description/share/mower_description/cmake/export_mower_description__rosidl_generator_pyExport-noconfig.cmake
[0.471s] -- Up-to-date: /home/q/mower_description_ws/install/mower_description/share/mower_description/cmake/rosidl_cmake-extras.cmake
[0.471s] -- Up-to-date: /home/q/mower_description_ws/install/mower_description/share/mower_description/cmake/ament_cmake_export_dependencies-extras.cmake
[0.471s] -- Up-to-date: /home/q/mower_description_ws/install/mower_description/share/mower_description/cmake/ament_cmake_export_include_directories-extras.cmake
[0.471s] -- Up-to-date: /home/q/mower_description_ws/install/mower_description/share/mower_description/cmake/ament_cmake_export_libraries-extras.cmake
[0.471s] -- Up-to-date: /home/q/mower_description_ws/install/mower_description/share/mower_description/cmake/ament_cmake_export_targets-extras.cmake
[0.471s] -- Up-to-date: /home/q/mower_description_ws/install/mower_description/share/mower_description/cmake/rosidl_cmake_export_typesupport_targets-extras.cmake
[0.471s] -- Up-to-date: /home/q/mower_description_ws/install/mower_description/share/mower_description/cmake/rosidl_cmake_export_typesupport_libraries-extras.cmake
[0.471s] -- Up-to-date: /home/q/mower_description_ws/install/mower_description/share/mower_description/cmake/mower_descriptionConfig.cmake
[0.471s] -- Up-to-date: /home/q/mower_description_ws/install/mower_description/share/mower_description/cmake/mower_descriptionConfig-version.cmake
[0.471s] -- Up-to-date: /home/q/mower_description_ws/install/mower_description/share/mower_description/package.xml
[0.472s] Invoked command in '/home/q/mower_description_ws/build/mower_description' returned '0': CMAKE_PREFIX_PATH=${CMAKE_PREFIX_PATH}:/opt/ros/humble /usr/bin/cmake --install /home/q/mower_description_ws/build/mower_description
