[0.011s] Invoking command in '/home/q/mower_description_ws/build/mower_description': CMAKE_PREFIX_PATH=${CMAKE_PREFIX_PATH}:/opt/ros/humble /usr/bin/cmake /home/q/mower_description_ws/src/mower_description -DCMAKE_INSTALL_PREFIX=/home/q/mower_description_ws/install/mower_description
[0.220s] -- The C compiler identification is GNU 11.4.0
[0.351s] -- The CXX compiler identification is GNU 11.4.0
[0.365s] -- Detecting C compiler ABI info
[0.499s] -- Detecting C compiler ABI info - done
[0.511s] -- Check for working C compiler: /usr/bin/cc - skipped
[0.512s] -- Detecting C compile features
[0.513s] -- Detecting C compile features - done
[0.518s] -- Detecting CXX compiler ABI info
[0.662s] -- Detecting CXX compiler ABI info - done
[0.671s] -- Check for working CXX compiler: /usr/bin/c++ - skipped
[0.672s] -- Detecting CXX compile features
[0.672s] -- Detecting CXX compile features - done
[0.675s] -- Found ament_cmake: 1.3.14 (/opt/ros/humble/share/ament_cmake/cmake)
[0.844s] -- Found Python3: /usr/bin/python3 (found version "3.10.12") found components: Interpreter 
[1.024s] -- Found urdf: 2.6.1 (/opt/ros/humble/share/urdf/cmake)
[1.130s] -- Found xacro: 2.1.1 (/opt/ros/humble/share/xacro/cmake)
[1.133s] -- Found gazebo_ros: 3.9.0 (/opt/ros/humble/share/gazebo_ros/cmake)
[1.183s] -- Found rosidl_generator_c: 3.1.8 (/opt/ros/humble/share/rosidl_generator_c/cmake)
[1.189s] -- Found rosidl_adapter: 3.1.8 (/opt/ros/humble/share/rosidl_adapter/cmake)
[1.201s] -- Found rosidl_generator_cpp: 3.1.8 (/opt/ros/humble/share/rosidl_generator_cpp/cmake)
[1.217s] -- Using all available rosidl_typesupport_c: rosidl_typesupport_fastrtps_c;rosidl_typesupport_introspection_c
[1.231s] -- Using all available rosidl_typesupport_cpp: rosidl_typesupport_fastrtps_cpp;rosidl_typesupport_introspection_cpp
[1.316s] -- Found rmw_implementation_cmake: 6.1.2 (/opt/ros/humble/share/rmw_implementation_cmake/cmake)
[1.323s] -- Found rmw_fastrtps_cpp: 6.2.10 (/opt/ros/humble/share/rmw_fastrtps_cpp/cmake)
[1.361s] -- Found TinyXML2 via Config file: TinyXML2_DIR-NOTFOUND
[1.442s] -- Found OpenSSL: /usr/lib/x86_64-linux-gnu/libcrypto.so (found version "3.0.2")  
[1.450s] -- Found TinyXML2 via Config file: TinyXML2_DIR-NOTFOUND
[1.472s] -- Found FastRTPS: /opt/ros/humble/include  
[1.477s] -- Found TinyXML2 via Config file: TinyXML2_DIR-NOTFOUND
[1.487s] -- Found TinyXML2 via Config file: TinyXML2_DIR-NOTFOUND
[1.497s] -- Using RMW implementation 'rmw_fastrtps_cpp' as default
[1.513s] -- Looking for pthread.h
[1.701s] -- Looking for pthread.h - found
[1.701s] -- Performing Test CMAKE_HAVE_LIBC_PTHREAD
[1.882s] -- Performing Test CMAKE_HAVE_LIBC_PTHREAD - Success
[1.884s] -- Found Threads: TRUE  
[2.010s] -- Found PkgConfig: /usr/bin/pkg-config (found version "0.29.2") 
[2.013s] -- Checking for module 'bullet>=2.82'
[2.030s] --   Found bullet, version 3.05
[2.213s] -- Found fcl: /usr/include (found suitable version "0.7.0", minimum required is "0.5.0") 
[2.301s] -- Found assimp: /usr/include (found version "5.2.0") 
[2.350s] -- Found DART: /usr/include (Required is at least version "6.6") found components: dart 
[2.406s] -- Found Boost: /usr/lib/x86_64-linux-gnu/cmake/Boost-1.74.0/BoostConfig.cmake (found suitable version "1.74.0", minimum required is "1.40.0") found components: thread system filesystem program_options regex iostreams date_time 
[2.433s] -- Found Protobuf: /usr/lib/x86_64-linux-gnu/libprotobuf.so (found version "3.12.4") 
[2.441s] -- Looking for ignition-math6 -- found version 6.15.1
[2.463s] -- Searching for dependencies of ignition-math6
[2.470s] -- Looking for OGRE...
[2.470s] -- OGRE_PREFIX_WATCH changed.
[2.479s] -- Checking for module 'OGRE'
[2.501s] --   Found OGRE, version 1.9.0
[2.567s] -- Found Ogre Ghadamon (1.9.0)
[2.576s] -- Found OGRE: optimized;/usr/lib/x86_64-linux-gnu/libOgreMain.so;debug;/usr/lib/x86_64-linux-gnu/libOgreMain.so
[2.585s] -- Looking for OGRE_Paging...
[2.589s] -- Found OGRE_Paging: optimized;/usr/lib/x86_64-linux-gnu/libOgrePaging.so;debug;/usr/lib/x86_64-linux-gnu/libOgrePaging.so
[2.589s] -- Looking for OGRE_Terrain...
[2.592s] -- Found OGRE_Terrain: optimized;/usr/lib/x86_64-linux-gnu/libOgreTerrain.so;debug;/usr/lib/x86_64-linux-gnu/libOgreTerrain.so
[2.592s] -- Looking for OGRE_Property...
[2.596s] -- Found OGRE_Property: optimized;/usr/lib/x86_64-linux-gnu/libOgreProperty.so;debug;/usr/lib/x86_64-linux-gnu/libOgreProperty.so
[2.596s] -- Looking for OGRE_RTShaderSystem...
[2.599s] -- Found OGRE_RTShaderSystem: optimized;/usr/lib/x86_64-linux-gnu/libOgreRTShaderSystem.so;debug;/usr/lib/x86_64-linux-gnu/libOgreRTShaderSystem.so
[2.599s] -- Looking for OGRE_Volume...
[2.602s] -- Found OGRE_Volume: optimized;/usr/lib/x86_64-linux-gnu/libOgreVolume.so;debug;/usr/lib/x86_64-linux-gnu/libOgreVolume.so
[2.602s] -- Looking for OGRE_Overlay...
[2.605s] -- Found OGRE_Overlay: optimized;/usr/lib/x86_64-linux-gnu/libOgreOverlay.so;debug;/usr/lib/x86_64-linux-gnu/libOgreOverlay.so
[2.674s] -- Looking for ignition-math6 -- found version 6.15.1
[2.677s] -- Looking for ignition-transport8 -- found version 8.2.1
[2.678s] -- Searching for dependencies of ignition-transport8
[2.694s] -- Found Protobuf: /usr/lib/x86_64-linux-gnu/libprotobuf.so (found suitable version "3.12.4", minimum required is "3") 
[2.704s] -- Config-file not installed for ZeroMQ -- checking for pkg-config
[2.708s] -- Checking for module 'libzmq >= 4'
[2.726s] --   Found libzmq , version 4.3.4
[2.789s] -- Found ZeroMQ: TRUE (Required is at least version "4") 
[2.802s] -- Checking for module 'uuid'
[2.834s] --   Found uuid, version 2.37.2
[2.897s] -- Found UUID: TRUE  
[2.903s] -- Looking for ignition-msgs5 -- found version 5.8.1
[2.904s] -- Searching for dependencies of ignition-msgs5
[2.927s] -- Looking for ignition-math6 -- found version 6.15.1
[2.936s] -- Checking for module 'tinyxml2'
[2.958s] --   Found tinyxml2, version 9.0.0
[3.021s] -- Looking for ignition-msgs5 -- found version 5.8.1
[3.027s] -- Looking for ignition-common3 -- found version 3.14.0
[3.029s] -- Searching for dependencies of ignition-common3
[3.030s] -- Looking for dlfcn.h - found
[3.031s] -- Looking for libdl - found
[3.034s] -- Found DL: TRUE  
[3.054s] -- Found tinyobjloader: /usr/lib/x86_64-linux-gnu/cmake/tinyobjloader/tinyobjloader-config.cmake (found version "2.0.0") 
[3.055s] -- Searching for <ignition-common3> component [graphics]
[3.057s] -- Looking for ignition-common3-graphics -- found version 3.14.0
[3.058s] -- Searching for dependencies of ignition-common3-graphics
[3.058s] -- Looking for ignition-math6 -- found version 6.15.1
[3.061s] -- Looking for ignition-fuel_tools4 -- found version 4.4.0
[3.062s] -- Searching for dependencies of ignition-fuel_tools4
[3.184s] -- Found CURL: /usr/lib/x86_64-linux-gnu/libcurl.so (found version "7.81.0")  
[3.196s] -- Checking for module 'jsoncpp'
[3.211s] --   Found jsoncpp, version 1.9.5
[3.260s] -- Found JSONCPP: TRUE  
[3.265s] -- Checking for module 'libzip'
[3.283s] --   Found libzip, version 1.7.3
[3.347s] -- Found ZIP: TRUE  
[3.348s] -- Looking for ignition-common3 -- found version 3.14.0
[3.348s] -- Looking for ignition-math6 -- found version 6.15.1
[3.349s] -- Looking for ignition-msgs5 -- found version 5.8.1
[3.359s] -- Gazebo version: 11.10
[3.359s] -- Checking for module 'tbb'
[3.389s] --   Found tbb, version 2021.5.0
[3.449s] -- Found rosidl_default_generators: 1.2.1 (/opt/ros/humble/share/rosidl_default_generators/cmake)
[3.846s] -- Found ament_cmake_ros: 0.10.0 (/opt/ros/humble/share/ament_cmake_ros/cmake)
[4.484s] -- Using all available rosidl_typesupport_c: rosidl_typesupport_fastrtps_c;rosidl_typesupport_introspection_c
[4.713s] -- Using all available rosidl_typesupport_cpp: rosidl_typesupport_fastrtps_cpp;rosidl_typesupport_introspection_cpp
[4.743s] -- Found PythonInterp: /usr/bin/python3 (found suitable version "3.10.12", minimum required is "3.6") 
[4.746s] -- Found python_cmake_module: 0.10.0 (/opt/ros/humble/share/python_cmake_module/cmake)
[4.786s] -- Found PythonLibs: /usr/lib/x86_64-linux-gnu/libpython3.10.so (found suitable version "3.10.12", minimum required is "3.5") 
[4.786s] -- Using PYTHON_EXECUTABLE: /usr/bin/python3
[4.786s] -- Using PYTHON_INCLUDE_DIRS: /usr/include/python3.10
[4.786s] -- Using PYTHON_LIBRARIES: /usr/lib/x86_64-linux-gnu/libpython3.10.so
[4.812s] -- Found PythonExtra: .so  
[5.033s] -- Found ament_lint_auto: 0.12.15 (/opt/ros/humble/share/ament_lint_auto/cmake)
[5.107s] -- Added test 'flake8' to check Python code syntax and style conventions
[5.108s] -- Added test 'lint_cmake' to check CMake code style
[5.109s] -- Added test 'pep257' to check Python code against some of the docstring style conventions in PEP 257
[5.112s] -- Added test 'xmllint' to check XML markup files
[5.120s] -- Configuring done
[5.157s] -- Generating done
[5.178s] -- Build files have been written to: /home/q/mower_description_ws/build/mower_description
[5.189s] Invoked command in '/home/q/mower_description_ws/build/mower_description' returned '0': CMAKE_PREFIX_PATH=${CMAKE_PREFIX_PATH}:/opt/ros/humble /usr/bin/cmake /home/q/mower_description_ws/src/mower_description -DCMAKE_INSTALL_PREFIX=/home/q/mower_description_ws/install/mower_description
[5.191s] Invoking command in '/home/q/mower_description_ws/build/mower_description': CMAKE_PREFIX_PATH=${CMAKE_PREFIX_PATH}:/opt/ros/humble /usr/bin/cmake --build /home/q/mower_description_ws/build/mower_description -- -j24 -l24
[5.264s] [  3%] [34m[1mGenerating C code for ROS interfaces[0m
[5.282s] [  6%] [34m[1mGenerating C++ code for ROS interfaces[0m
[5.284s] [  9%] [34m[1mGenerating Rust code for ROS interfaces[0m
[5.297s] [  9%] Built target ament_cmake_python_copy_mower_description
[5.513s] [  9%] Built target mower_description__rs
[5.528s] running egg_info
[5.528s] creating mower_description.egg-info
[5.528s] writing mower_description.egg-info/PKG-INFO
[5.528s] writing dependency_links to mower_description.egg-info/dependency_links.txt
[5.529s] writing top-level names to mower_description.egg-info/top_level.txt
[5.529s] writing manifest file 'mower_description.egg-info/SOURCES.txt'
[5.530s] reading manifest file 'mower_description.egg-info/SOURCES.txt'
[5.531s] [  9%] Built target mower_description__cpp
[5.531s] writing manifest file 'mower_description.egg-info/SOURCES.txt'
[5.540s] [ 12%] [32mBuilding C object CMakeFiles/mower_description__rosidl_generator_c.dir/rosidl_generator_c/mower_description/srv/detail/cutting_motor_control__functions.c.o[0m
[5.543s] [ 15%] [34m[1mGenerating C++ introspection for ROS interfaces[0m
[5.543s] [ 18%] [34m[1mGenerating C++ type support for eProsima Fast-RTPS[0m
[5.544s] [ 21%] [34m[1mGenerating C++ type support dispatch for ROS interfaces[0m
[5.549s] [ 21%] Built target ament_cmake_python_build_mower_description_egg
[5.650s] [ 25%] [32m[1mLinking C shared library libmower_description__rosidl_generator_c.so[0m
[5.688s] [ 25%] Built target mower_description__rosidl_generator_c
[5.700s] [ 31%] [34m[1mGenerating C type support for eProsima Fast-RTPS[0m
[5.700s] [ 31%] [34m[1mGenerating C introspection for ROS interfaces[0m
[5.702s] [ 34%] [34m[1mGenerating C type support dispatch for ROS interfaces[0m
[5.733s] [ 37%] [32mBuilding CXX object CMakeFiles/mower_description__rosidl_typesupport_cpp.dir/rosidl_typesupport_cpp/mower_description/srv/cutting_motor_control__type_support.cpp.o[0m
[5.749s] [ 40%] [32mBuilding CXX object CMakeFiles/mower_description__rosidl_typesupport_introspection_cpp.dir/rosidl_typesupport_introspection_cpp/mower_description/srv/detail/cutting_motor_control__type_support.cpp.o[0m
[5.758s] [ 43%] [32mBuilding CXX object CMakeFiles/mower_description__rosidl_typesupport_fastrtps_cpp.dir/rosidl_typesupport_fastrtps_cpp/mower_description/srv/detail/dds_fastrtps/cutting_motor_control__type_support.cpp.o[0m
[5.889s] [ 46%] [32mBuilding CXX object CMakeFiles/mower_description__rosidl_typesupport_c.dir/rosidl_typesupport_c/mower_description/srv/cutting_motor_control__type_support.cpp.o[0m
[5.906s] [ 50%] [32mBuilding C object CMakeFiles/mower_description__rosidl_typesupport_introspection_c.dir/rosidl_typesupport_introspection_c/mower_description/srv/detail/cutting_motor_control__type_support.c.o[0m
[5.908s] [ 53%] [32mBuilding CXX object CMakeFiles/mower_description__rosidl_typesupport_fastrtps_c.dir/rosidl_typesupport_fastrtps_c/mower_description/srv/detail/cutting_motor_control__type_support_c.cpp.o[0m
[5.994s] [ 56%] [32m[1mLinking C shared library libmower_description__rosidl_typesupport_introspection_c.so[0m
[6.030s] [ 56%] Built target mower_description__rosidl_typesupport_introspection_c
[6.030s] [ 59%] [32m[1mLinking CXX shared library libmower_description__rosidl_typesupport_c.so[0m
[6.031s] [ 62%] [32m[1mLinking CXX shared library libmower_description__rosidl_typesupport_cpp.so[0m
[6.070s] [ 62%] Built target mower_description__rosidl_typesupport_cpp
[6.072s] [ 62%] Built target mower_description__rosidl_typesupport_c
[6.105s] [ 65%] [32m[1mLinking CXX shared library libmower_description__rosidl_typesupport_introspection_cpp.so[0m
[6.134s] [ 68%] [32m[1mLinking CXX shared library libmower_description__rosidl_typesupport_fastrtps_cpp.so[0m
[6.161s] [ 68%] Built target mower_description__rosidl_typesupport_introspection_cpp
[6.200s] [ 68%] Built target mower_description__rosidl_typesupport_fastrtps_cpp
[6.233s] [ 71%] [32m[1mLinking CXX shared library libmower_description__rosidl_typesupport_fastrtps_c.so[0m
[6.297s] [ 71%] Built target mower_description__rosidl_typesupport_fastrtps_c
[6.339s] [ 71%] Built target mower_description
[6.379s] [ 75%] [34m[1mGenerating Python code for ROS interfaces[0m
[6.681s] [ 75%] Built target mower_description__py
[6.702s] [ 78%] [32mBuilding C object CMakeFiles/mower_description__rosidl_generator_py.dir/rosidl_generator_py/mower_description/srv/_cutting_motor_control_s.c.o[0m
[6.935s] [ 81%] [32m[1mLinking C shared library rosidl_generator_py/mower_description/libmower_description__rosidl_generator_py.so[0m
[6.988s] [ 81%] Built target mower_description__rosidl_generator_py
[7.019s] [ 84%] [32mBuilding C object CMakeFiles/mower_description__rosidl_typesupport_c__pyext.dir/rosidl_generator_py/mower_description/_mower_description_s.ep.rosidl_typesupport_c.c.o[0m
[7.020s] [ 87%] [32mBuilding C object CMakeFiles/mower_description__rosidl_typesupport_fastrtps_c__pyext.dir/rosidl_generator_py/mower_description/_mower_description_s.ep.rosidl_typesupport_fastrtps_c.c.o[0m
[7.022s] [ 90%] [32mBuilding C object CMakeFiles/mower_description__rosidl_typesupport_introspection_c__pyext.dir/rosidl_generator_py/mower_description/_mower_description_s.ep.rosidl_typesupport_introspection_c.c.o[0m
[7.208s] [ 93%] [32m[1mLinking C shared library rosidl_generator_py/mower_description/mower_description_s__rosidl_typesupport_fastrtps_c.cpython-310-x86_64-linux-gnu.so[0m
[7.209s] [ 96%] [32m[1mLinking C shared library rosidl_generator_py/mower_description/mower_description_s__rosidl_typesupport_c.cpython-310-x86_64-linux-gnu.so[0m
[7.216s] [100%] [32m[1mLinking C shared library rosidl_generator_py/mower_description/mower_description_s__rosidl_typesupport_introspection_c.cpython-310-x86_64-linux-gnu.so[0m
[7.252s] [100%] Built target mower_description__rosidl_typesupport_fastrtps_c__pyext
[7.253s] [100%] Built target mower_description__rosidl_typesupport_c__pyext
[7.274s] [100%] Built target mower_description__rosidl_typesupport_introspection_c__pyext
[7.291s] Invoked command in '/home/q/mower_description_ws/build/mower_description' returned '0': CMAKE_PREFIX_PATH=${CMAKE_PREFIX_PATH}:/opt/ros/humble /usr/bin/cmake --build /home/q/mower_description_ws/build/mower_description -- -j24 -l24
[7.310s] Invoking command in '/home/q/mower_description_ws/build/mower_description': CMAKE_PREFIX_PATH=${CMAKE_PREFIX_PATH}:/opt/ros/humble /usr/bin/cmake --install /home/q/mower_description_ws/build/mower_description
[7.326s] -- Install configuration: ""
[7.326s] -- Installing: /home/q/mower_description_ws/install/mower_description/share/ament_index/resource_index/rosidl_interfaces/mower_description
[7.326s] -- Installing: /home/q/mower_description_ws/install/mower_description/include/mower_description/mower_description
[7.327s] -- Installing: /home/q/mower_description_ws/install/mower_description/include/mower_description/mower_description/msg
[7.327s] -- Installing: /home/q/mower_description_ws/install/mower_description/include/mower_description/mower_description/msg/rosidl_generator_c__visibility_control.h
[7.327s] -- Installing: /home/q/mower_description_ws/install/mower_description/include/mower_description/mower_description/srv
[7.327s] -- Installing: /home/q/mower_description_ws/install/mower_description/include/mower_description/mower_description/srv/cutting_motor_control.h
[7.327s] -- Installing: /home/q/mower_description_ws/install/mower_description/include/mower_description/mower_description/srv/detail
[7.327s] -- Installing: /home/q/mower_description_ws/install/mower_description/include/mower_description/mower_description/srv/detail/cutting_motor_control__functions.c
[7.328s] -- Installing: /home/q/mower_description_ws/install/mower_description/include/mower_description/mower_description/srv/detail/cutting_motor_control__struct.h
[7.328s] -- Installing: /home/q/mower_description_ws/install/mower_description/include/mower_description/mower_description/srv/detail/cutting_motor_control__type_support.h
[7.328s] -- Installing: /home/q/mower_description_ws/install/mower_description/include/mower_description/mower_description/srv/detail/cutting_motor_control__functions.h
[7.329s] -- Installing: /home/q/mower_description_ws/install/mower_description/share/mower_description/environment/library_path.sh
[7.329s] -- Installing: /home/q/mower_description_ws/install/mower_description/share/mower_description/environment/library_path.dsv
[7.330s] -- Installing: /home/q/mower_description_ws/install/mower_description/lib/libmower_description__rosidl_generator_c.so
[7.332s] -- Set runtime path of "/home/q/mower_description_ws/install/mower_description/lib/libmower_description__rosidl_generator_c.so" to ""
[7.332s] -- Up-to-date: /home/q/mower_description_ws/install/mower_description/include/mower_description/mower_description
[7.332s] -- Up-to-date: /home/q/mower_description_ws/install/mower_description/include/mower_description/mower_description/msg
[7.332s] -- Installing: /home/q/mower_description_ws/install/mower_description/include/mower_description/mower_description/msg/rosidl_typesupport_fastrtps_c__visibility_control.h
[7.332s] -- Up-to-date: /home/q/mower_description_ws/install/mower_description/include/mower_description/mower_description/srv
[7.332s] -- Up-to-date: /home/q/mower_description_ws/install/mower_description/include/mower_description/mower_description/srv/detail
[7.333s] -- Installing: /home/q/mower_description_ws/install/mower_description/include/mower_description/mower_description/srv/detail/cutting_motor_control__rosidl_typesupport_fastrtps_c.h
[7.333s] -- Installing: /home/q/mower_description_ws/install/mower_description/lib/libmower_description__rosidl_typesupport_fastrtps_c.so
[7.335s] -- Set runtime path of "/home/q/mower_description_ws/install/mower_description/lib/libmower_description__rosidl_typesupport_fastrtps_c.so" to ""
[7.335s] -- Up-to-date: /home/q/mower_description_ws/install/mower_description/include/mower_description/mower_description
[7.336s] -- Up-to-date: /home/q/mower_description_ws/install/mower_description/include/mower_description/mower_description/msg
[7.336s] -- Installing: /home/q/mower_description_ws/install/mower_description/include/mower_description/mower_description/msg/rosidl_generator_cpp__visibility_control.hpp
[7.336s] -- Up-to-date: /home/q/mower_description_ws/install/mower_description/include/mower_description/mower_description/srv
[7.336s] -- Up-to-date: /home/q/mower_description_ws/install/mower_description/include/mower_description/mower_description/srv/detail
[7.336s] -- Installing: /home/q/mower_description_ws/install/mower_description/include/mower_description/mower_description/srv/detail/cutting_motor_control__struct.hpp
[7.337s] -- Installing: /home/q/mower_description_ws/install/mower_description/include/mower_description/mower_description/srv/detail/cutting_motor_control__builder.hpp
[7.337s] -- Installing: /home/q/mower_description_ws/install/mower_description/include/mower_description/mower_description/srv/detail/cutting_motor_control__traits.hpp
[7.338s] -- Installing: /home/q/mower_description_ws/install/mower_description/include/mower_description/mower_description/srv/detail/cutting_motor_control__type_support.hpp
[7.338s] -- Installing: /home/q/mower_description_ws/install/mower_description/include/mower_description/mower_description/srv/cutting_motor_control.hpp
[7.339s] -- Up-to-date: /home/q/mower_description_ws/install/mower_description/include/mower_description/mower_description
[7.339s] -- Up-to-date: /home/q/mower_description_ws/install/mower_description/include/mower_description/mower_description/msg
[7.339s] -- Installing: /home/q/mower_description_ws/install/mower_description/include/mower_description/mower_description/msg/rosidl_typesupport_fastrtps_cpp__visibility_control.h
[7.340s] -- Up-to-date: /home/q/mower_description_ws/install/mower_description/include/mower_description/mower_description/srv
[7.340s] -- Up-to-date: /home/q/mower_description_ws/install/mower_description/include/mower_description/mower_description/srv/detail
[7.340s] -- Installing: /home/q/mower_description_ws/install/mower_description/include/mower_description/mower_description/srv/detail/dds_fastrtps
[7.340s] -- Installing: /home/q/mower_description_ws/install/mower_description/include/mower_description/mower_description/srv/detail/cutting_motor_control__rosidl_typesupport_fastrtps_cpp.hpp
[7.340s] -- Installing: /home/q/mower_description_ws/install/mower_description/lib/libmower_description__rosidl_typesupport_fastrtps_cpp.so
[7.342s] -- Set runtime path of "/home/q/mower_description_ws/install/mower_description/lib/libmower_description__rosidl_typesupport_fastrtps_cpp.so" to ""
[7.343s] -- Up-to-date: /home/q/mower_description_ws/install/mower_description/include/mower_description/mower_description
[7.343s] -- Up-to-date: /home/q/mower_description_ws/install/mower_description/include/mower_description/mower_description/msg
[7.343s] -- Installing: /home/q/mower_description_ws/install/mower_description/include/mower_description/mower_description/msg/rosidl_typesupport_introspection_c__visibility_control.h
[7.343s] -- Up-to-date: /home/q/mower_description_ws/install/mower_description/include/mower_description/mower_description/srv
[7.343s] -- Up-to-date: /home/q/mower_description_ws/install/mower_description/include/mower_description/mower_description/srv/detail
[7.343s] -- Installing: /home/q/mower_description_ws/install/mower_description/include/mower_description/mower_description/srv/detail/cutting_motor_control__type_support.c
[7.344s] -- Installing: /home/q/mower_description_ws/install/mower_description/include/mower_description/mower_description/srv/detail/cutting_motor_control__rosidl_typesupport_introspection_c.h
[7.344s] -- Installing: /home/q/mower_description_ws/install/mower_description/lib/libmower_description__rosidl_typesupport_introspection_c.so
[7.346s] -- Set runtime path of "/home/q/mower_description_ws/install/mower_description/lib/libmower_description__rosidl_typesupport_introspection_c.so" to ""
[7.346s] -- Installing: /home/q/mower_description_ws/install/mower_description/lib/libmower_description__rosidl_typesupport_c.so
[7.347s] -- Set runtime path of "/home/q/mower_description_ws/install/mower_description/lib/libmower_description__rosidl_typesupport_c.so" to ""
[7.347s] -- Up-to-date: /home/q/mower_description_ws/install/mower_description/include/mower_description/mower_description
[7.348s] -- Up-to-date: /home/q/mower_description_ws/install/mower_description/include/mower_description/mower_description/srv
[7.348s] -- Up-to-date: /home/q/mower_description_ws/install/mower_description/include/mower_description/mower_description/srv/detail
[7.348s] -- Installing: /home/q/mower_description_ws/install/mower_description/include/mower_description/mower_description/srv/detail/cutting_motor_control__type_support.cpp
[7.348s] -- Installing: /home/q/mower_description_ws/install/mower_description/include/mower_description/mower_description/srv/detail/cutting_motor_control__rosidl_typesupport_introspection_cpp.hpp
[7.349s] -- Installing: /home/q/mower_description_ws/install/mower_description/lib/libmower_description__rosidl_typesupport_introspection_cpp.so
[7.350s] -- Set runtime path of "/home/q/mower_description_ws/install/mower_description/lib/libmower_description__rosidl_typesupport_introspection_cpp.so" to ""
[7.350s] -- Installing: /home/q/mower_description_ws/install/mower_description/lib/libmower_description__rosidl_typesupport_cpp.so
[7.352s] -- Set runtime path of "/home/q/mower_description_ws/install/mower_description/lib/libmower_description__rosidl_typesupport_cpp.so" to ""
[7.352s] -- Installing: /home/q/mower_description_ws/install/mower_description/share/mower_description/environment/pythonpath.sh
[7.353s] -- Installing: /home/q/mower_description_ws/install/mower_description/share/mower_description/environment/pythonpath.dsv
[7.353s] -- Installing: /home/q/mower_description_ws/install/mower_description/local/lib/python3.10/dist-packages/mower_description-0.0.0-py3.10.egg-info
[7.353s] -- Installing: /home/q/mower_description_ws/install/mower_description/local/lib/python3.10/dist-packages/mower_description-0.0.0-py3.10.egg-info/dependency_links.txt
[7.354s] -- Installing: /home/q/mower_description_ws/install/mower_description/local/lib/python3.10/dist-packages/mower_description-0.0.0-py3.10.egg-info/SOURCES.txt
[7.354s] -- Installing: /home/q/mower_description_ws/install/mower_description/local/lib/python3.10/dist-packages/mower_description-0.0.0-py3.10.egg-info/top_level.txt
[7.354s] -- Installing: /home/q/mower_description_ws/install/mower_description/local/lib/python3.10/dist-packages/mower_description-0.0.0-py3.10.egg-info/PKG-INFO
[7.355s] -- Installing: /home/q/mower_description_ws/install/mower_description/local/lib/python3.10/dist-packages/mower_description
[7.355s] -- Installing: /home/q/mower_description_ws/install/mower_description/local/lib/python3.10/dist-packages/mower_description/libmower_description__rosidl_generator_py.so
[7.356s] -- Installing: /home/q/mower_description_ws/install/mower_description/local/lib/python3.10/dist-packages/mower_description/mower_description_s__rosidl_typesupport_c.cpython-310-x86_64-linux-gnu.so
[7.356s] -- Installing: /home/q/mower_description_ws/install/mower_description/local/lib/python3.10/dist-packages/mower_description/mower_description_s__rosidl_typesupport_fastrtps_c.cpython-310-x86_64-linux-gnu.so
[7.357s] -- Installing: /home/q/mower_description_ws/install/mower_description/local/lib/python3.10/dist-packages/mower_description/__init__.py
[7.357s] -- Installing: /home/q/mower_description_ws/install/mower_description/local/lib/python3.10/dist-packages/mower_description/mower_description_s__rosidl_typesupport_introspection_c.cpython-310-x86_64-linux-gnu.so
[7.357s] -- Installing: /home/q/mower_description_ws/install/mower_description/local/lib/python3.10/dist-packages/mower_description/_mower_description_s.ep.rosidl_typesupport_fastrtps_c.c
[7.358s] -- Installing: /home/q/mower_description_ws/install/mower_description/local/lib/python3.10/dist-packages/mower_description/_mower_description_s.ep.rosidl_typesupport_introspection_c.c
[7.358s] -- Installing: /home/q/mower_description_ws/install/mower_description/local/lib/python3.10/dist-packages/mower_description/srv
[7.358s] -- Installing: /home/q/mower_description_ws/install/mower_description/local/lib/python3.10/dist-packages/mower_description/srv/_cutting_motor_control_s.c
[7.358s] -- Installing: /home/q/mower_description_ws/install/mower_description/local/lib/python3.10/dist-packages/mower_description/srv/__init__.py
[7.359s] -- Installing: /home/q/mower_description_ws/install/mower_description/local/lib/python3.10/dist-packages/mower_description/srv/_cutting_motor_control.py
[7.359s] -- Installing: /home/q/mower_description_ws/install/mower_description/local/lib/python3.10/dist-packages/mower_description/_mower_description_s.ep.rosidl_typesupport_c.c
[7.388s] Listing '/home/q/mower_description_ws/install/mower_description/local/lib/python3.10/dist-packages/mower_description'...
[7.388s] Compiling '/home/q/mower_description_ws/install/mower_description/local/lib/python3.10/dist-packages/mower_description/__init__.py'...
[7.388s] Listing '/home/q/mower_description_ws/install/mower_description/local/lib/python3.10/dist-packages/mower_description/srv'...
[7.388s] Compiling '/home/q/mower_description_ws/install/mower_description/local/lib/python3.10/dist-packages/mower_description/srv/__init__.py'...
[7.388s] Compiling '/home/q/mower_description_ws/install/mower_description/local/lib/python3.10/dist-packages/mower_description/srv/_cutting_motor_control.py'...
[7.392s] -- Installing: /home/q/mower_description_ws/install/mower_description/local/lib/python3.10/dist-packages/mower_description/mower_description_s__rosidl_typesupport_fastrtps_c.cpython-310-x86_64-linux-gnu.so
[7.393s] -- Set runtime path of "/home/q/mower_description_ws/install/mower_description/local/lib/python3.10/dist-packages/mower_description/mower_description_s__rosidl_typesupport_fastrtps_c.cpython-310-x86_64-linux-gnu.so" to ""
[7.393s] -- Installing: /home/q/mower_description_ws/install/mower_description/local/lib/python3.10/dist-packages/mower_description/mower_description_s__rosidl_typesupport_introspection_c.cpython-310-x86_64-linux-gnu.so
[7.395s] -- Set runtime path of "/home/q/mower_description_ws/install/mower_description/local/lib/python3.10/dist-packages/mower_description/mower_description_s__rosidl_typesupport_introspection_c.cpython-310-x86_64-linux-gnu.so" to ""
[7.395s] -- Installing: /home/q/mower_description_ws/install/mower_description/local/lib/python3.10/dist-packages/mower_description/mower_description_s__rosidl_typesupport_c.cpython-310-x86_64-linux-gnu.so
[7.396s] -- Set runtime path of "/home/q/mower_description_ws/install/mower_description/local/lib/python3.10/dist-packages/mower_description/mower_description_s__rosidl_typesupport_c.cpython-310-x86_64-linux-gnu.so" to ""
[7.396s] -- Installing: /home/q/mower_description_ws/install/mower_description/lib/libmower_description__rosidl_generator_py.so
[7.397s] -- Set runtime path of "/home/q/mower_description_ws/install/mower_description/lib/libmower_description__rosidl_generator_py.so" to ""
[7.397s] -- Installing: /home/q/mower_description_ws/install/mower_description/share/ament_index/resource_index/rust_packages/mower_description
[7.397s] -- Installing: /home/q/mower_description_ws/install/mower_description/share/mower_description/rust
[7.397s] -- Installing: /home/q/mower_description_ws/install/mower_description/share/mower_description/rust/Cargo.toml
[7.397s] -- Installing: /home/q/mower_description_ws/install/mower_description/share/mower_description/rust/src
[7.397s] -- Installing: /home/q/mower_description_ws/install/mower_description/share/mower_description/rust/src/srv.rs
[7.398s] -- Installing: /home/q/mower_description_ws/install/mower_description/share/mower_description/rust/src/lib.rs
[7.398s] -- Installing: /home/q/mower_description_ws/install/mower_description/share/mower_description/rust/src/srv
[7.398s] -- Installing: /home/q/mower_description_ws/install/mower_description/share/mower_description/rust/src/srv/rmw.rs
[7.398s] -- Installing: /home/q/mower_description_ws/install/mower_description/share/mower_description/rust/build.rs
[7.398s] -- Installing: /home/q/mower_description_ws/install/mower_description/share/mower_description/srv/CuttingMotorControl.idl
[7.399s] -- Installing: /home/q/mower_description_ws/install/mower_description/share/mower_description/srv/CuttingMotorControl.srv
[7.399s] -- Installing: /home/q/mower_description_ws/install/mower_description/share/mower_description/srv/CuttingMotorControl_Request.msg
[7.399s] -- Installing: /home/q/mower_description_ws/install/mower_description/share/mower_description/srv/CuttingMotorControl_Response.msg
[7.399s] -- Installing: /home/q/mower_description_ws/install/mower_description/lib/mower_description/cutting_motor_controller.py
[7.400s] -- Installing: /home/q/mower_description_ws/install/mower_description/lib/mower_description/gear_marker_publisher.py
[7.400s] -- Installing: /home/q/mower_description_ws/install/mower_description/share/mower_description/launch
[7.400s] -- Installing: /home/q/mower_description_ws/install/mower_description/share/mower_description/launch/mower_gazebo.launch.py
[7.400s] -- Installing: /home/q/mower_description_ws/install/mower_description/share/mower_description/urdf
[7.400s] -- Installing: /home/q/mower_description_ws/install/mower_description/share/mower_description/urdf/mower.urdf
[7.400s] -- Installing: /home/q/mower_description_ws/install/mower_description/share/mower_description/worlds
[7.400s] -- Installing: /home/q/mower_description_ws/install/mower_description/share/mower_description/worlds/room_world.world
[7.401s] -- Installing: /home/q/mower_description_ws/install/mower_description/share/mower_description/worlds/room_world_open.world
[7.401s] -- Installing: /home/q/mower_description_ws/install/mower_description/share/mower_description/worlds/mower_world.world
[7.401s] -- Installing: /home/q/mower_description_ws/install/mower_description/share/mower_description/config
[7.401s] -- Installing: /home/q/mower_description_ws/install/mower_description/share/mower_description/config/rviz
[7.401s] -- Installing: /home/q/mower_description_ws/install/mower_description/share/mower_description/config/rviz/mower_gazebo.rviz
[7.401s] -- Installing: /home/q/mower_description_ws/install/mower_description/share/ament_index/resource_index/package_run_dependencies/mower_description
[7.402s] -- Installing: /home/q/mower_description_ws/install/mower_description/share/ament_index/resource_index/parent_prefix_path/mower_description
[7.402s] -- Installing: /home/q/mower_description_ws/install/mower_description/share/mower_description/environment/ament_prefix_path.sh
[7.403s] -- Installing: /home/q/mower_description_ws/install/mower_description/share/mower_description/environment/ament_prefix_path.dsv
[7.403s] -- Installing: /home/q/mower_description_ws/install/mower_description/share/mower_description/environment/path.sh
[7.403s] -- Installing: /home/q/mower_description_ws/install/mower_description/share/mower_description/environment/path.dsv
[7.403s] -- Installing: /home/q/mower_description_ws/install/mower_description/share/mower_description/local_setup.bash
[7.403s] -- Installing: /home/q/mower_description_ws/install/mower_description/share/mower_description/local_setup.sh
[7.403s] -- Installing: /home/q/mower_description_ws/install/mower_description/share/mower_description/local_setup.zsh
[7.404s] -- Installing: /home/q/mower_description_ws/install/mower_description/share/mower_description/local_setup.dsv
[7.404s] -- Installing: /home/q/mower_description_ws/install/mower_description/share/mower_description/package.dsv
[7.404s] -- Installing: /home/q/mower_description_ws/install/mower_description/share/ament_index/resource_index/packages/mower_description
[7.404s] -- Installing: /home/q/mower_description_ws/install/mower_description/share/mower_description/cmake/export_mower_description__rosidl_generator_cExport.cmake
[7.405s] -- Installing: /home/q/mower_description_ws/install/mower_description/share/mower_description/cmake/export_mower_description__rosidl_generator_cExport-noconfig.cmake
[7.405s] -- Installing: /home/q/mower_description_ws/install/mower_description/share/mower_description/cmake/export_mower_description__rosidl_typesupport_fastrtps_cExport.cmake
[7.405s] -- Installing: /home/q/mower_description_ws/install/mower_description/share/mower_description/cmake/export_mower_description__rosidl_typesupport_fastrtps_cExport-noconfig.cmake
[7.405s] -- Installing: /home/q/mower_description_ws/install/mower_description/share/mower_description/cmake/export_mower_description__rosidl_generator_cppExport.cmake
[7.406s] -- Installing: /home/q/mower_description_ws/install/mower_description/share/mower_description/cmake/export_mower_description__rosidl_typesupport_fastrtps_cppExport.cmake
[7.406s] -- Installing: /home/q/mower_description_ws/install/mower_description/share/mower_description/cmake/export_mower_description__rosidl_typesupport_fastrtps_cppExport-noconfig.cmake
[7.406s] -- Installing: /home/q/mower_description_ws/install/mower_description/share/mower_description/cmake/mower_description__rosidl_typesupport_introspection_cExport.cmake
[7.407s] -- Installing: /home/q/mower_description_ws/install/mower_description/share/mower_description/cmake/mower_description__rosidl_typesupport_introspection_cExport-noconfig.cmake
[7.407s] -- Installing: /home/q/mower_description_ws/install/mower_description/share/mower_description/cmake/mower_description__rosidl_typesupport_cExport.cmake
[7.407s] -- Installing: /home/q/mower_description_ws/install/mower_description/share/mower_description/cmake/mower_description__rosidl_typesupport_cExport-noconfig.cmake
[7.407s] -- Installing: /home/q/mower_description_ws/install/mower_description/share/mower_description/cmake/mower_description__rosidl_typesupport_introspection_cppExport.cmake
[7.408s] -- Installing: /home/q/mower_description_ws/install/mower_description/share/mower_description/cmake/mower_description__rosidl_typesupport_introspection_cppExport-noconfig.cmake
[7.408s] -- Installing: /home/q/mower_description_ws/install/mower_description/share/mower_description/cmake/mower_description__rosidl_typesupport_cppExport.cmake
[7.408s] -- Installing: /home/q/mower_description_ws/install/mower_description/share/mower_description/cmake/mower_description__rosidl_typesupport_cppExport-noconfig.cmake
[7.409s] -- Installing: /home/q/mower_description_ws/install/mower_description/share/mower_description/cmake/export_mower_description__rosidl_generator_pyExport.cmake
[7.409s] -- Installing: /home/q/mower_description_ws/install/mower_description/share/mower_description/cmake/export_mower_description__rosidl_generator_pyExport-noconfig.cmake
[7.409s] -- Installing: /home/q/mower_description_ws/install/mower_description/share/mower_description/cmake/rosidl_cmake-extras.cmake
[7.409s] -- Installing: /home/q/mower_description_ws/install/mower_description/share/mower_description/cmake/ament_cmake_export_dependencies-extras.cmake
[7.410s] -- Installing: /home/q/mower_description_ws/install/mower_description/share/mower_description/cmake/ament_cmake_export_include_directories-extras.cmake
[7.410s] -- Installing: /home/q/mower_description_ws/install/mower_description/share/mower_description/cmake/ament_cmake_export_libraries-extras.cmake
[7.410s] -- Installing: /home/q/mower_description_ws/install/mower_description/share/mower_description/cmake/ament_cmake_export_targets-extras.cmake
[7.410s] -- Installing: /home/q/mower_description_ws/install/mower_description/share/mower_description/cmake/rosidl_cmake_export_typesupport_targets-extras.cmake
[7.410s] -- Installing: /home/q/mower_description_ws/install/mower_description/share/mower_description/cmake/rosidl_cmake_export_typesupport_libraries-extras.cmake
[7.411s] -- Installing: /home/q/mower_description_ws/install/mower_description/share/mower_description/cmake/mower_descriptionConfig.cmake
[7.411s] -- Installing: /home/q/mower_description_ws/install/mower_description/share/mower_description/cmake/mower_descriptionConfig-version.cmake
[7.411s] -- Installing: /home/q/mower_description_ws/install/mower_description/share/mower_description/package.xml
[7.413s] Invoked command in '/home/q/mower_description_ws/build/mower_description' returned '0': CMAKE_PREFIX_PATH=${CMAKE_PREFIX_PATH}:/opt/ros/humble /usr/bin/cmake --install /home/q/mower_description_ws/build/mower_description
