[0.077s] DEBUG:colcon:Command line arguments: ['/usr/bin/colcon', 'build']
[0.077s] DEBUG:colcon:Parsed command line arguments: Namespace(log_base=None, log_level=None, verb_name='build', build_base='build', install_base='install', merge_install=False, symlink_install=False, test_result_base=None, continue_on_error=False, executor='parallel', parallel_workers=24, event_handlers=None, ignore_user_meta=False, metas=['./colcon.meta'], base_paths=['.'], packages_ignore=None, packages_ignore_regex=None, paths=None, packages_up_to=None, packages_up_to_regex=None, packages_above=None, packages_above_and_dependencies=None, packages_above_depth=None, packages_select_by_dep=None, packages_skip_by_dep=None, packages_skip_up_to=None, packages_select_build_failed=False, packages_skip_build_finished=False, packages_select_test_failures=False, packages_skip_test_passed=False, packages_select=None, packages_skip=None, packages_select_regex=None, packages_skip_regex=None, packages_start=None, packages_end=None, allow_overriding=[], cmake_args=None, cmake_target=None, cmake_target_skip_unavailable=False, cmake_clean_cache=False, cmake_clean_first=False, cmake_force_configure=False, ament_cmake_args=None, catkin_cmake_args=None, catkin_skip_building_tests=False, verb_parser=<colcon_defaults.argument_parser.defaults.DefaultArgumentsDecorator object at 0x7bc4d18257b0>, verb_extension=<colcon_core.verb.build.BuildVerb object at 0x7bc4d1999ea0>, main=<bound method BuildVerb.main of <colcon_core.verb.build.BuildVerb object at 0x7bc4d1999ea0>>)
[0.225s] Level 1:colcon.colcon_core.package_discovery:discover_packages(colcon_meta) check parameters
[0.225s] Level 1:colcon.colcon_core.package_discovery:discover_packages(recursive) check parameters
[0.225s] Level 1:colcon.colcon_core.package_discovery:discover_packages(ignore) check parameters
[0.225s] Level 1:colcon.colcon_core.package_discovery:discover_packages(path) check parameters
[0.225s] Level 1:colcon.colcon_core.package_discovery:discover_packages(colcon_meta) discover
[0.225s] Level 1:colcon.colcon_core.package_discovery:discover_packages(recursive) discover
[0.225s] INFO:colcon.colcon_core.package_discovery:Crawling recursively for packages in '/home/q/mower_description_ws'
[0.225s] Level 1:colcon.colcon_core.package_identification:_identify(.) by extensions ['ignore', 'ignore_ament_install']
[0.225s] Level 1:colcon.colcon_core.package_identification:_identify(.) by extension 'ignore'
[0.225s] Level 1:colcon.colcon_core.package_identification:_identify(.) by extension 'ignore_ament_install'
[0.225s] Level 1:colcon.colcon_core.package_identification:_identify(.) by extensions ['colcon_pkg']
[0.225s] Level 1:colcon.colcon_core.package_identification:_identify(.) by extension 'colcon_pkg'
[0.225s] Level 1:colcon.colcon_core.package_identification:_identify(.) by extensions ['colcon_meta']
[0.225s] Level 1:colcon.colcon_core.package_identification:_identify(.) by extension 'colcon_meta'
[0.225s] Level 1:colcon.colcon_core.package_identification:_identify(.) by extensions ['ros']
[0.225s] Level 1:colcon.colcon_core.package_identification:_identify(.) by extension 'ros'
[0.253s] Level 1:colcon.colcon_core.package_identification:_identify(.) by extensions ['cmake', 'python']
[0.253s] Level 1:colcon.colcon_core.package_identification:_identify(.) by extension 'cmake'
[0.254s] Level 1:colcon.colcon_core.package_identification:_identify(.) by extension 'python'
[0.254s] Level 1:colcon.colcon_core.package_identification:_identify(.) by extensions ['python_setup_py']
[0.254s] Level 1:colcon.colcon_core.package_identification:_identify(.) by extension 'python_setup_py'
[0.254s] Level 1:colcon.colcon_core.package_identification:_identify(build) by extensions ['ignore', 'ignore_ament_install']
[0.254s] Level 1:colcon.colcon_core.package_identification:_identify(build) by extension 'ignore'
[0.254s] Level 1:colcon.colcon_core.package_identification:_identify(build) ignored
[0.254s] Level 1:colcon.colcon_core.package_identification:_identify(install) by extensions ['ignore', 'ignore_ament_install']
[0.254s] Level 1:colcon.colcon_core.package_identification:_identify(install) by extension 'ignore'
[0.254s] Level 1:colcon.colcon_core.package_identification:_identify(install) ignored
[0.254s] Level 1:colcon.colcon_core.package_identification:_identify(log) by extensions ['ignore', 'ignore_ament_install']
[0.254s] Level 1:colcon.colcon_core.package_identification:_identify(log) by extension 'ignore'
[0.254s] Level 1:colcon.colcon_core.package_identification:_identify(log) ignored
[0.254s] Level 1:colcon.colcon_core.package_identification:_identify(src) by extensions ['ignore', 'ignore_ament_install']
[0.254s] Level 1:colcon.colcon_core.package_identification:_identify(src) by extension 'ignore'
[0.254s] Level 1:colcon.colcon_core.package_identification:_identify(src) by extension 'ignore_ament_install'
[0.254s] Level 1:colcon.colcon_core.package_identification:_identify(src) by extensions ['colcon_pkg']
[0.254s] Level 1:colcon.colcon_core.package_identification:_identify(src) by extension 'colcon_pkg'
[0.254s] Level 1:colcon.colcon_core.package_identification:_identify(src) by extensions ['colcon_meta']
[0.254s] Level 1:colcon.colcon_core.package_identification:_identify(src) by extension 'colcon_meta'
[0.254s] Level 1:colcon.colcon_core.package_identification:_identify(src) by extensions ['ros']
[0.254s] Level 1:colcon.colcon_core.package_identification:_identify(src) by extension 'ros'
[0.254s] Level 1:colcon.colcon_core.package_identification:_identify(src) by extensions ['cmake', 'python']
[0.254s] Level 1:colcon.colcon_core.package_identification:_identify(src) by extension 'cmake'
[0.254s] Level 1:colcon.colcon_core.package_identification:_identify(src) by extension 'python'
[0.254s] Level 1:colcon.colcon_core.package_identification:_identify(src) by extensions ['python_setup_py']
[0.254s] Level 1:colcon.colcon_core.package_identification:_identify(src) by extension 'python_setup_py'
[0.254s] Level 1:colcon.colcon_core.package_identification:_identify(src/mower_description) by extensions ['ignore', 'ignore_ament_install']
[0.254s] Level 1:colcon.colcon_core.package_identification:_identify(src/mower_description) by extension 'ignore'
[0.255s] Level 1:colcon.colcon_core.package_identification:_identify(src/mower_description) by extension 'ignore_ament_install'
[0.255s] Level 1:colcon.colcon_core.package_identification:_identify(src/mower_description) by extensions ['colcon_pkg']
[0.255s] Level 1:colcon.colcon_core.package_identification:_identify(src/mower_description) by extension 'colcon_pkg'
[0.255s] Level 1:colcon.colcon_core.package_identification:_identify(src/mower_description) by extensions ['colcon_meta']
[0.255s] Level 1:colcon.colcon_core.package_identification:_identify(src/mower_description) by extension 'colcon_meta'
[0.255s] Level 1:colcon.colcon_core.package_identification:_identify(src/mower_description) by extensions ['ros']
[0.255s] Level 1:colcon.colcon_core.package_identification:_identify(src/mower_description) by extension 'ros'
[0.257s] DEBUG:colcon.colcon_core.package_identification:Package 'src/mower_description' with type 'ros.ament_cmake' and name 'mower_description'
[0.257s] Level 1:colcon.colcon_core.package_discovery:discover_packages(recursive) using defaults
[0.257s] Level 1:colcon.colcon_core.package_discovery:discover_packages(ignore) discover
[0.257s] Level 1:colcon.colcon_core.package_discovery:discover_packages(ignore) using defaults
[0.257s] Level 1:colcon.colcon_core.package_discovery:discover_packages(path) discover
[0.257s] Level 1:colcon.colcon_core.package_discovery:discover_packages(path) using defaults
[0.271s] Level 1:colcon.colcon_core.package_discovery:discover_packages(prefix_path) check parameters
[0.271s] Level 1:colcon.colcon_core.package_discovery:discover_packages(prefix_path) discover
[0.272s] WARNING:colcon.colcon_ros.prefix_path.ament:The path '/home/q/mower_description_ws/install/mower_description' in the environment variable AMENT_PREFIX_PATH doesn't exist
[0.272s] WARNING:colcon.colcon_ros.prefix_path.catkin:The path '/home/q/mower_description_ws/install/mower_description' in the environment variable CMAKE_PREFIX_PATH doesn't exist
[0.272s] DEBUG:colcon.colcon_installed_package_information.package_discovery:Found 0 installed packages in /home/q/mower_description_ws/install
[0.273s] DEBUG:colcon.colcon_installed_package_information.package_discovery:Found 462 installed packages in /opt/ros/humble
[0.275s] Level 1:colcon.colcon_core.package_discovery:discover_packages(prefix_path) using defaults
[0.317s] Level 5:colcon.colcon_core.verb:set package 'mower_description' build argument 'cmake_args' from command line to 'None'
[0.317s] Level 5:colcon.colcon_core.verb:set package 'mower_description' build argument 'cmake_target' from command line to 'None'
[0.317s] Level 5:colcon.colcon_core.verb:set package 'mower_description' build argument 'cmake_target_skip_unavailable' from command line to 'False'
[0.317s] Level 5:colcon.colcon_core.verb:set package 'mower_description' build argument 'cmake_clean_cache' from command line to 'False'
[0.317s] Level 5:colcon.colcon_core.verb:set package 'mower_description' build argument 'cmake_clean_first' from command line to 'False'
[0.317s] Level 5:colcon.colcon_core.verb:set package 'mower_description' build argument 'cmake_force_configure' from command line to 'False'
[0.317s] Level 5:colcon.colcon_core.verb:set package 'mower_description' build argument 'ament_cmake_args' from command line to 'None'
[0.317s] Level 5:colcon.colcon_core.verb:set package 'mower_description' build argument 'catkin_cmake_args' from command line to 'None'
[0.317s] Level 5:colcon.colcon_core.verb:set package 'mower_description' build argument 'catkin_skip_building_tests' from command line to 'False'
[0.317s] DEBUG:colcon.colcon_core.verb:Building package 'mower_description' with the following arguments: {'ament_cmake_args': None, 'build_base': '/home/q/mower_description_ws/build/mower_description', 'catkin_cmake_args': None, 'catkin_skip_building_tests': False, 'cmake_args': None, 'cmake_clean_cache': False, 'cmake_clean_first': False, 'cmake_force_configure': False, 'cmake_target': None, 'cmake_target_skip_unavailable': False, 'install_base': '/home/q/mower_description_ws/install/mower_description', 'merge_install': False, 'path': '/home/q/mower_description_ws/src/mower_description', 'symlink_install': False, 'test_result_base': None}
[0.317s] INFO:colcon.colcon_core.executor:Executing jobs using 'parallel' executor
[0.318s] DEBUG:colcon.colcon_parallel_executor.executor.parallel:run_until_complete
[0.318s] INFO:colcon.colcon_ros.task.ament_cmake.build:Building ROS package in '/home/q/mower_description_ws/src/mower_description' with build type 'ament_cmake'
[0.318s] INFO:colcon.colcon_cmake.task.cmake.build:Building CMake package in '/home/q/mower_description_ws/src/mower_description'
[0.319s] INFO:colcon.colcon_core.plugin_system:Skipping extension 'colcon_core.shell.bat': Not used on non-Windows systems
[0.319s] INFO:colcon.colcon_core.shell:Skip shell extension 'powershell' for command environment: Not usable outside of PowerShell
[0.319s] DEBUG:colcon.colcon_core.shell:Skip shell extension 'dsv' for command environment
[0.327s] DEBUG:colcon.colcon_core.event_handler.log_command:Invoking command in '/home/q/mower_description_ws/build/mower_description': CMAKE_PREFIX_PATH=${CMAKE_PREFIX_PATH}:/opt/ros/humble /usr/bin/cmake /home/q/mower_description_ws/src/mower_description -DCMAKE_INSTALL_PREFIX=/home/q/mower_description_ws/install/mower_description
[4.693s] DEBUG:colcon.colcon_core.event_handler.log_command:Invoked command in '/home/q/mower_description_ws/build/mower_description' returned '0': CMAKE_PREFIX_PATH=${CMAKE_PREFIX_PATH}:/opt/ros/humble /usr/bin/cmake /home/q/mower_description_ws/src/mower_description -DCMAKE_INSTALL_PREFIX=/home/q/mower_description_ws/install/mower_description
[4.695s] DEBUG:colcon.colcon_core.event_handler.log_command:Invoking command in '/home/q/mower_description_ws/build/mower_description': CMAKE_PREFIX_PATH=${CMAKE_PREFIX_PATH}:/opt/ros/humble /usr/bin/cmake --build /home/q/mower_description_ws/build/mower_description -- -j24 -l24
[6.564s] DEBUG:colcon.colcon_core.event_handler.log_command:Invoked command in '/home/q/mower_description_ws/build/mower_description' returned '0': CMAKE_PREFIX_PATH=${CMAKE_PREFIX_PATH}:/opt/ros/humble /usr/bin/cmake --build /home/q/mower_description_ws/build/mower_description -- -j24 -l24
[6.579s] DEBUG:colcon.colcon_core.event_handler.log_command:Invoking command in '/home/q/mower_description_ws/build/mower_description': CMAKE_PREFIX_PATH=${CMAKE_PREFIX_PATH}:/opt/ros/humble /usr/bin/cmake --install /home/q/mower_description_ws/build/mower_description
[6.698s] Level 1:colcon.colcon_core.environment:create_environment_scripts_only(mower_description)
[6.698s] DEBUG:colcon.colcon_core.event_handler.log_command:Invoked command in '/home/q/mower_description_ws/build/mower_description' returned '0': CMAKE_PREFIX_PATH=${CMAKE_PREFIX_PATH}:/opt/ros/humble /usr/bin/cmake --install /home/q/mower_description_ws/build/mower_description
[6.700s] Level 1:colcon.colcon_core.environment:checking '/home/q/mower_description_ws/install/mower_description' for CMake module files
[6.701s] Level 1:colcon.colcon_core.environment:checking '/home/q/mower_description_ws/install/mower_description' for CMake config files
[6.701s] Level 1:colcon.colcon_core.shell:create_environment_hook('mower_description', 'cmake_prefix_path')
[6.701s] INFO:colcon.colcon_core.shell:Creating environment hook '/home/q/mower_description_ws/install/mower_description/share/mower_description/hook/cmake_prefix_path.ps1'
[6.702s] INFO:colcon.colcon_core.shell:Creating environment descriptor '/home/q/mower_description_ws/install/mower_description/share/mower_description/hook/cmake_prefix_path.dsv'
[6.702s] INFO:colcon.colcon_core.shell:Creating environment hook '/home/q/mower_description_ws/install/mower_description/share/mower_description/hook/cmake_prefix_path.sh'
[6.702s] Level 1:colcon.colcon_core.environment:checking '/home/q/mower_description_ws/install/mower_description/lib'
[6.703s] Level 1:colcon.colcon_core.shell:create_environment_hook('mower_description', 'ld_library_path_lib')
[6.703s] INFO:colcon.colcon_core.shell:Creating environment hook '/home/q/mower_description_ws/install/mower_description/share/mower_description/hook/ld_library_path_lib.ps1'
[6.703s] INFO:colcon.colcon_core.shell:Creating environment descriptor '/home/q/mower_description_ws/install/mower_description/share/mower_description/hook/ld_library_path_lib.dsv'
[6.703s] INFO:colcon.colcon_core.shell:Creating environment hook '/home/q/mower_description_ws/install/mower_description/share/mower_description/hook/ld_library_path_lib.sh'
[6.704s] Level 1:colcon.colcon_core.environment:checking '/home/q/mower_description_ws/install/mower_description/bin'
[6.704s] Level 1:colcon.colcon_core.environment:checking '/home/q/mower_description_ws/install/mower_description/lib/pkgconfig/mower_description.pc'
[6.704s] Level 1:colcon.colcon_core.environment:checking '/home/q/mower_description_ws/install/mower_description/lib/python3.10/site-packages'
[6.704s] Level 1:colcon.colcon_core.environment:checking '/home/q/mower_description_ws/install/mower_description/bin'
[6.705s] INFO:colcon.colcon_core.shell:Creating package script '/home/q/mower_description_ws/install/mower_description/share/mower_description/package.ps1'
[6.706s] INFO:colcon.colcon_core.shell:Creating package descriptor '/home/q/mower_description_ws/install/mower_description/share/mower_description/package.dsv'
[6.706s] INFO:colcon.colcon_core.shell:Creating package script '/home/q/mower_description_ws/install/mower_description/share/mower_description/package.sh'
[6.707s] INFO:colcon.colcon_core.shell:Creating package script '/home/q/mower_description_ws/install/mower_description/share/mower_description/package.bash'
[6.707s] INFO:colcon.colcon_core.shell:Creating package script '/home/q/mower_description_ws/install/mower_description/share/mower_description/package.zsh'
[6.708s] Level 1:colcon.colcon_core.environment:create_file_with_runtime_dependencies(/home/q/mower_description_ws/install/mower_description/share/colcon-core/packages/mower_description)
[6.708s] Level 1:colcon.colcon_core.environment:create_environment_scripts_only(mower_description)
[6.709s] Level 1:colcon.colcon_core.environment:checking '/home/q/mower_description_ws/install/mower_description' for CMake module files
[6.709s] Level 1:colcon.colcon_core.environment:checking '/home/q/mower_description_ws/install/mower_description' for CMake config files
[6.709s] Level 1:colcon.colcon_core.shell:create_environment_hook('mower_description', 'cmake_prefix_path')
[6.709s] INFO:colcon.colcon_core.shell:Creating environment hook '/home/q/mower_description_ws/install/mower_description/share/mower_description/hook/cmake_prefix_path.ps1'
[6.710s] INFO:colcon.colcon_core.shell:Creating environment descriptor '/home/q/mower_description_ws/install/mower_description/share/mower_description/hook/cmake_prefix_path.dsv'
[6.710s] INFO:colcon.colcon_core.shell:Creating environment hook '/home/q/mower_description_ws/install/mower_description/share/mower_description/hook/cmake_prefix_path.sh'
[6.710s] Level 1:colcon.colcon_core.environment:checking '/home/q/mower_description_ws/install/mower_description/lib'
[6.710s] Level 1:colcon.colcon_core.shell:create_environment_hook('mower_description', 'ld_library_path_lib')
[6.710s] INFO:colcon.colcon_core.shell:Creating environment hook '/home/q/mower_description_ws/install/mower_description/share/mower_description/hook/ld_library_path_lib.ps1'
[6.711s] INFO:colcon.colcon_core.shell:Creating environment descriptor '/home/q/mower_description_ws/install/mower_description/share/mower_description/hook/ld_library_path_lib.dsv'
[6.711s] INFO:colcon.colcon_core.shell:Creating environment hook '/home/q/mower_description_ws/install/mower_description/share/mower_description/hook/ld_library_path_lib.sh'
[6.711s] Level 1:colcon.colcon_core.environment:checking '/home/q/mower_description_ws/install/mower_description/bin'
[6.711s] Level 1:colcon.colcon_core.environment:checking '/home/q/mower_description_ws/install/mower_description/lib/pkgconfig/mower_description.pc'
[6.712s] Level 1:colcon.colcon_core.environment:checking '/home/q/mower_description_ws/install/mower_description/lib/python3.10/site-packages'
[6.712s] Level 1:colcon.colcon_core.environment:checking '/home/q/mower_description_ws/install/mower_description/bin'
[6.712s] INFO:colcon.colcon_core.shell:Creating package script '/home/q/mower_description_ws/install/mower_description/share/mower_description/package.ps1'
[6.712s] INFO:colcon.colcon_core.shell:Creating package descriptor '/home/q/mower_description_ws/install/mower_description/share/mower_description/package.dsv'
[6.713s] INFO:colcon.colcon_core.shell:Creating package script '/home/q/mower_description_ws/install/mower_description/share/mower_description/package.sh'
[6.713s] INFO:colcon.colcon_core.shell:Creating package script '/home/q/mower_description_ws/install/mower_description/share/mower_description/package.bash'
[6.714s] INFO:colcon.colcon_core.shell:Creating package script '/home/q/mower_description_ws/install/mower_description/share/mower_description/package.zsh'
[6.714s] Level 1:colcon.colcon_core.environment:create_file_with_runtime_dependencies(/home/q/mower_description_ws/install/mower_description/share/colcon-core/packages/mower_description)
[6.714s] DEBUG:colcon.colcon_parallel_executor.executor.parallel:closing loop
[6.715s] DEBUG:colcon.colcon_parallel_executor.executor.parallel:loop closed
[6.715s] DEBUG:colcon.colcon_parallel_executor.executor.parallel:run_until_complete finished with '0'
[6.715s] DEBUG:colcon.colcon_core.event_reactor:joining thread
[6.720s] INFO:colcon.colcon_core.plugin_system:Skipping extension 'colcon_notification.desktop_notification.terminal_notifier': Not used on non-Darwin systems
[6.720s] INFO:colcon.colcon_core.plugin_system:Skipping extension 'colcon_notification.desktop_notification.win32': Not used on non-Windows systems
[6.720s] INFO:colcon.colcon_notification.desktop_notification:Sending desktop notification using 'notify2'
[6.732s] DEBUG:colcon.colcon_core.event_reactor:joined thread
[6.733s] INFO:colcon.colcon_core.shell:Creating prefix script '/home/q/mower_description_ws/install/local_setup.ps1'
[6.735s] INFO:colcon.colcon_core.shell:Creating prefix util module '/home/q/mower_description_ws/install/_local_setup_util_ps1.py'
[6.738s] INFO:colcon.colcon_core.shell:Creating prefix chain script '/home/q/mower_description_ws/install/setup.ps1'
[6.740s] INFO:colcon.colcon_core.shell:Creating prefix script '/home/q/mower_description_ws/install/local_setup.sh'
[6.743s] INFO:colcon.colcon_core.shell:Creating prefix util module '/home/q/mower_description_ws/install/_local_setup_util_sh.py'
[6.745s] INFO:colcon.colcon_core.shell:Creating prefix chain script '/home/q/mower_description_ws/install/setup.sh'
[6.748s] INFO:colcon.colcon_core.shell:Creating prefix script '/home/q/mower_description_ws/install/local_setup.bash'
[6.750s] INFO:colcon.colcon_core.shell:Creating prefix chain script '/home/q/mower_description_ws/install/setup.bash'
[6.752s] INFO:colcon.colcon_core.shell:Creating prefix script '/home/q/mower_description_ws/install/local_setup.zsh'
[6.753s] INFO:colcon.colcon_core.shell:Creating prefix chain script '/home/q/mower_description_ws/install/setup.zsh'
